error[E0624]: associated function `new` is private
 --> src/certification/public_facade_contracts/compile_fail/planar_clean_fail_boundary/receipt_not_forgeable.rs:6:52
  |
6 |       let _receipt = PlanarCleanFailBoundaryReceipt::new(
  |                                                      ^^^ private associated function
  |
 ::: src/planar_contracts/clean_fail_boundary/receipt.rs
  |
  | /     pub(crate) fn new(
  | |         basis: PlanarCleanFailBoundaryBasis,
  | |         declaration_digest: String,
  | |         progression_digest: String,
... |
  | |         counters: PlanarCleanFailBoundaryCounters,
  | |     ) -> Self {
  | |_____________- private associated function defined here

warning: unreachable expression
 --> src/certification/public_facade_contracts/compile_fail/planar_clean_fail_boundary/receipt_not_forgeable.rs:8:9
  |
7 |         panic!("basis constructor is not public"),
  |         ----------------------------------------- any code following this expression is unreachable
8 |         String::new(),
  |         ^^^^^^^^^^^^^ unreachable expression
  |
  = note: `#[warn(unreachable_code)]` (part of `#[warn(unused)]`) on by default

error[E0624]: associated function `certified` is private
  --> src/certification/public_facade_contracts/compile_fail/planar_clean_fail_boundary/receipt_not_forgeable.rs:14:42
   |
14 |           PlanarCleanFailBoundaryCounters::certified(0, 0, 0, 0),
   |                                            ^^^^^^^^^ private associated function
   |
  ::: src/planar_contracts/clean_fail_boundary/counters.rs
   |
   | /     pub(crate) fn certified(
   | |         clean_fail_sources: usize,
   | |         admission_rows_consumed: usize,
   | |         recovery_receipts_consumed: usize,
   | |         diagnostic_receipts_consumed: usize,
   | |     ) -> Self {
   | |_____________- private associated function defined here
