error: cannot construct `HighValenceSingularityCounters` with struct literal syntax due to private fields
  --> src/certification/public_facade_contracts/compile_fail/high_valence_singularity/receipt_not_forgeable.rs:10:19
   |
10 |         counters: HighValenceSingularityCounters {
   |                   ^^^^^^^^^^^^^^^^^^^^^^^^^^^^^^
11 |             topology_entity_count: 0,
   |             ------------------------ private field
12 |             topology_relation_count: 0,
   |             -------------------------- private field
13 |             neighborhood_valence: 0,
   |             ----------------------- private field
14 |             projected_entity_count: 0,
   |             ------------------------- private field
15 |             transform_step_count: 0,
   |             ----------------------- private field
16 |             retained_artifact_count: 0,
   |             -------------------------- private field
17 |             replay_checkpoint_count: 0,
   |             -------------------------- private field
18 |             diagnostic_count: 0,
   |             ------------------- private field
19 |             user_outcome_count: 0,
   |             --------------------- private field
   |
   = note: ...and other private fields `topology_face_count`, `binding_target_count`, `surface_support_count`, `local_basis_part_count` and `local_rebuild_evidence_row_count` that were not provided
help: you might have meant to use the `new` associated function
   |
10 -         counters: HighValenceSingularityCounters {
11 -             topology_entity_count: 0,
12 -             topology_relation_count: 0,
13 -             neighborhood_valence: 0,
14 -             projected_entity_count: 0,
15 -             transform_step_count: 0,
16 -             retained_artifact_count: 0,
17 -             replay_checkpoint_count: 0,
18 -             diagnostic_count: 0,
19 -             user_outcome_count: 0,
20 -         },
10 +         counters: HighValenceSingularityCounters::new(_),
   |

error: cannot construct `HighValenceSingularityReceipt` with struct literal syntax due to private fields
  --> src/certification/public_facade_contracts/compile_fail/high_valence_singularity/receipt_not_forgeable.rs:6:13
   |
 6 |       let _ = HighValenceSingularityReceipt {
   |               ^^^^^^^^^^^^^^^^^^^^^^^^^^^^^
 7 |           singularity_digest: String::new(),
   |           --------------------------------- private field
 8 |           workload_identity: String::new(),
   |           -------------------------------- private field
 9 |           center_vertex_identity: String::new(),
   |           ------------------------------------- private field
10 | /         counters: HighValenceSingularityCounters {
11 | |             topology_entity_count: 0,
12 | |             topology_relation_count: 0,
13 | |             neighborhood_valence: 0,
...  |
19 | |             user_outcome_count: 0,
20 | |         },
   | |_________- private field
   |
   = note: ...and other private field `local_rebuild_evidence_digest` that was not provided
help: you might have meant to use the `new` associated function
   |
 6 -     let _ = HighValenceSingularityReceipt {
 7 -         singularity_digest: String::new(),
 8 -         workload_identity: String::new(),
 9 -         center_vertex_identity: String::new(),
10 -         counters: HighValenceSingularityCounters {
11 -             topology_entity_count: 0,
12 -             topology_relation_count: 0,
13 -             neighborhood_valence: 0,
14 -             projected_entity_count: 0,
15 -             transform_step_count: 0,
16 -             retained_artifact_count: 0,
17 -             replay_checkpoint_count: 0,
18 -             diagnostic_count: 0,
19 -             user_outcome_count: 0,
20 -         },
21 -     };
 6 +     let _ = HighValenceSingularityReceipt::new(_, _, _, _, _);
   |
