warning: unreachable expression
 --> src/certification/public_facade_contracts/compile_fail/planar_predicate_consumption/receipt_not_forgeable.rs:6:29
  |
5 |         basis: todo!(),
  |                ------- any code following this expression is unreachable
6 |         declaration_digest: String::new(),
  |                             ^^^^^^^^^^^^^ unreachable expression
  |
  = note: `#[warn(unreachable_code)]` (part of `#[warn(unused)]`) on by default

error[E0451]: fields `basis`, `declaration_digest`, `envelope_digest`, `fact_digest` and `counters` of struct `PredicateCertificateConsumptionReceipt` are private
 --> src/certification/public_facade_contracts/compile_fail/planar_predicate_consumption/receipt_not_forgeable.rs:5:9
  |
4 |     let _receipt = PredicateCertificateConsumptionReceipt {
  |                    -------------------------------------- in this type
5 |         basis: todo!(),
  |         ^^^^^ private field
6 |         declaration_digest: String::new(),
  |         ^^^^^^^^^^^^^^^^^^ private field
7 |         envelope_digest: String::new(),
  |         ^^^^^^^^^^^^^^^ private field
8 |         fact_digest: String::new(),
  |         ^^^^^^^^^^^ private field
9 |         counters: todo!(),
  |         ^^^^^^^^ private field
