error[E0624]: associated function `new` is private
 --> src/certification/public_facade_contracts/compile_fail/planar_projection/receipt_not_forgeable.rs:4:52
  |
4 |       let _ = ProjectPointToCertifiedPlane2DReceipt::new(
  |                                                      ^^^ private associated function
  |
 ::: src/planar_contracts/projection_2d/certificate.rs
  |
  | /     pub(crate) fn new(
  | |         basis: ProjectPointToCertifiedPlane2DBasis,
  | |         declaration_digest: String,
  | |         envelope_digest: String,
... |
  | |         counters: ProjectPointToCertifiedPlane2DPerformanceCounters,
  | |     ) -> Self {
  | |_____________- private associated function defined here

warning: unreachable expression
 --> src/certification/public_facade_contracts/compile_fail/planar_projection/receipt_not_forgeable.rs:6:9
  |
5 |         todo!(),
  |         ------- any code following this expression is unreachable
6 |         String::new(),
  |         ^^^^^^^^^^^^^ unreachable expression
  |
  = note: `#[warn(unreachable_code)]` (part of `#[warn(unused)]`) on by default
