error: cannot construct `EvidenceLookupMilestoneTwelveSeed` with struct literal syntax due to private fields
  --> src/certification/public_facade_contracts/compile_fail/evidence_lookup_public_closeout/seed_not_hand_filled.rs:9:19
   |
 9 |     requires_seed(EvidenceLookupMilestoneTwelveSeed {
   |                   ^^^^^^^^^^^^^^^^^^^^^^^^^^^^^^^^^
10 |         milestone_eleven_closeout_digest: String::new(),
   |         ----------------------------------------------- private field
11 |         selected_lookup_plan_digest: String::new(),
   |         ------------------------------------------ private field
12 |         lookup_execution_receipt_digest: String::new(),
   |         ---------------------------------------------- private field
13 |         lookup_product_output_digest: String::new(),
   |         ------------------------------------------- private field
14 |         covered_family_identities: Vec::new(),
   |         ------------------------------------- private field
15 |         query_surface_matrix_digest: String::new(),
   |         ------------------------------------------ private field
16 |         query_consumer_kit_closeout_digest: String::new(),
   |         ------------------------------------------------- private field
17 |         source_firewall_digest: String::new(),
   |         ------------------------------------- private field
18 |         residue_audit_digest: String::new(),
   |         ----------------------------------- private field
19 |         family_coverage_digest: String::new(),
   |         ------------------------------------- private field
20 |         replay_readiness_posture: fake(),
   |         -------------------------------- private field
   |
   = note: ...and other private fields `family_stage_row_count`, `receipt_proof_row_count`, `non_ordinary_residue_row_count`, `query_imported_family_count` and `topology_required_family_count` that were not provided
help: you might have meant to use an associated function to build this type
   |
 9 -     requires_seed(EvidenceLookupMilestoneTwelveSeed {
10 -         milestone_eleven_closeout_digest: String::new(),
11 -         selected_lookup_plan_digest: String::new(),
12 -         lookup_execution_receipt_digest: String::new(),
13 -         lookup_product_output_digest: String::new(),
14 -         covered_family_identities: Vec::new(),
15 -         query_surface_matrix_digest: String::new(),
16 -         query_consumer_kit_closeout_digest: String::new(),
17 -         source_firewall_digest: String::new(),
18 -         residue_audit_digest: String::new(),
19 -         family_coverage_digest: String::new(),
20 -         replay_readiness_posture: fake(),
21 -     });
 9 +     requires_seed(EvidenceLookupMilestoneTwelveSeed::new_stage_cutover(_, _, _, _));
   |
 9 -     requires_seed(EvidenceLookupMilestoneTwelveSeed {
10 -         milestone_eleven_closeout_digest: String::new(),
11 -         selected_lookup_plan_digest: String::new(),
12 -         lookup_execution_receipt_digest: String::new(),
13 -         lookup_product_output_digest: String::new(),
14 -         covered_family_identities: Vec::new(),
15 -         query_surface_matrix_digest: String::new(),
16 -         query_consumer_kit_closeout_digest: String::new(),
17 -         source_firewall_digest: String::new(),
18 -         residue_audit_digest: String::new(),
19 -         family_coverage_digest: String::new(),
20 -         replay_readiness_posture: fake(),
21 -     });
 9 +     requires_seed(EvidenceLookupMilestoneTwelveSeed::new_public_closeout(_, _, _, _, _, _, _, _, _, _, _, _, _, _, _));
   |
