error[E0432]: unresolved imports `worth_spatial::facade::placement::admit_spatial_placement_with_catalog`, `worth_spatial::facade::placement::apply_spatial_placement`, `worth_spatial::facade::placement::AdmittedSpatialPlacement`, `worth_spatial::facade::placement::admit_spatial_placement`, `worth_spatial::facade::placement::apply_admitted_anchor_match_constraint_to_placement`, `worth_spatial::facade::placement::apply_admitted_anchor_match_constraint_to_placement_with_catalog`, `worth_spatial::facade::placement::apply_admitted_lies_on_constraint_to_placement`, `worth_spatial::facade::placement::apply_admitted_move_to_placement`, `worth_spatial::facade::placement::apply_admitted_lies_on_constraint_to_placement_with_catalog`, `worth_spatial::facade::placement::apply_admitted_move_to_placement_with_catalog`, `worth_spatial::facade::placement::apply_admitted_offset_to_placement`, `worth_spatial::facade::placement::apply_admitted_offset_to_placement_with_catalog`, `worth_spatial::facade::placement::apply_admitted_points_toward_constraint_to_placement`, `worth_spatial::facade::placement::apply_admitted_points_toward_constraint_to_placement_with_catalog`, `worth_spatial::facade::placement::apply_admitted_reorient_to_placement`, `worth_spatial::facade::placement::apply_admitted_reorient_to_placement_with_catalog`, `worth_spatial::facade::placement::apply_admitted_rotate_to_placement`, `worth_spatial::facade::placement::apply_admitted_rotate_to_placement_with_catalog`
  --> src/certification/public_facade_contracts/compile_fail/public_spatial_placement_no_catalog_helpers_not_exported.rs:2:5
   |
 2 |     admit_spatial_placement_with_catalog, apply_spatial_placement, AdmittedSpatialPlacement,
   |     ^^^^^^^^^^^^^^^^^^^^^^^^^^^^^^^^^^^^  ^^^^^^^^^^^^^^^^^^^^^^^  ^^^^^^^^^^^^^^^^^^^^^^^^ no `AdmittedSpatialPlacement` in `facade::placement`
   |     |                                     |
   |     |                                     no `apply_spatial_placement` in `facade::placement`
   |     no `admit_spatial_placement_with_catalog` in `facade::placement`
 3 |     admit_spatial_placement, apply_admitted_anchor_match_constraint_to_placement,
   |     ^^^^^^^^^^^^^^^^^^^^^^^  ^^^^^^^^^^^^^^^^^^^^^^^^^^^^^^^^^^^^^^^^^^^^^^^^^^^ no `apply_admitted_anchor_match_constraint_to_placement` in `facade::placement`
   |     |
   |     no `admit_spatial_placement` in `facade::placement`
 4 |     apply_admitted_anchor_match_constraint_to_placement_with_catalog,
   |     ^^^^^^^^^^^^^^^^^^^^^^^^^^^^^^^^^^^^^^^^^^^^^^^^^^^^^^^^^^^^^^^^ no `apply_admitted_anchor_match_constraint_to_placement_with_catalog` in `facade::placement`
 5 |     apply_admitted_lies_on_constraint_to_placement, apply_admitted_move_to_placement,
   |     ^^^^^^^^^^^^^^^^^^^^^^^^^^^^^^^^^^^^^^^^^^^^^^  ^^^^^^^^^^^^^^^^^^^^^^^^^^^^^^^^ no `apply_admitted_move_to_placement` in `facade::placement`
   |     |
   |     no `apply_admitted_lies_on_constraint_to_placement` in `facade::placement`
 6 |     apply_admitted_lies_on_constraint_to_placement_with_catalog,
   |     ^^^^^^^^^^^^^^^^^^^^^^^^^^^^^^^^^^^^^^^^^^^^^^^^^^^^^^^^^^^ no `apply_admitted_lies_on_constraint_to_placement_with_catalog` in `facade::placement`
 7 |     apply_admitted_move_to_placement_with_catalog, apply_admitted_offset_to_placement,
   |     ^^^^^^^^^^^^^^^^^^^^^^^^^^^^^^^^^^^^^^^^^^^^^  ^^^^^^^^^^^^^^^^^^^^^^^^^^^^^^^^^^
   |     |
   |     no `apply_admitted_move_to_placement_with_catalog` in `facade::placement`
 8 |     apply_admitted_offset_to_placement_with_catalog,
   |     ^^^^^^^^^^^^^^^^^^^^^^^^^^^^^^^^^^^^^^^^^^^^^^^
 9 |     apply_admitted_points_toward_constraint_to_placement,
   |     ^^^^^^^^^^^^^^^^^^^^^^^^^^^^^^^^^^^^^^^^^^^^^^^^^^^^
10 |     apply_admitted_points_toward_constraint_to_placement_with_catalog,
   |     ^^^^^^^^^^^^^^^^^^^^^^^^^^^^^^^^^^^^^^^^^^^^^^^^^^^^^^^^^^^^^^^^^
11 |     apply_admitted_reorient_to_placement, apply_admitted_reorient_to_placement_with_catalog,
   |     ^^^^^^^^^^^^^^^^^^^^^^^^^^^^^^^^^^^^  ^^^^^^^^^^^^^^^^^^^^^^^^^^^^^^^^^^^^^^^^^^^^^^^^^
12 |     apply_admitted_rotate_to_placement, apply_admitted_rotate_to_placement_with_catalog,
   |     ^^^^^^^^^^^^^^^^^^^^^^^^^^^^^^^^^^  ^^^^^^^^^^^^^^^^^^^^^^^^^^^^^^^^^^^^^^^^^^^^^^^
