error[E0432]: unresolved imports `worth_spatial::facade::admit_lowered_spatial_runtime_intent`, `worth_spatial::facade::materialize_lowered_spatial_intent_support_report`, `worth_spatial::facade::LoweredSpatialIntent`, `worth_spatial::facade::LoweredSpatialIntentArtifact`, `worth_spatial::facade::LoweredSpatialIntentFamily`, `worth_spatial::facade::LoweredSpatialIntentMaterializationProfilePlan`, `worth_spatial::facade::LoweredSpatialNumericPosture`, `worth_spatial::facade::LoweredSpatialRuntimeDeclaration`, `worth_spatial::facade::LoweredSpatialTargetBindingPosture`, `worth_spatial::facade::RuntimeAnchorSemantic`
 --> src/certification/public_facade_contracts/compile_fail/public_spatial_top_level_lowering_runtime_products_not_exported.rs:2:5
  |
2 |     admit_lowered_spatial_runtime_intent, materialize_lowered_spatial_intent_support_report,
  |     ^^^^^^^^^^^^^^^^^^^^^^^^^^^^^^^^^^^^  ^^^^^^^^^^^^^^^^^^^^^^^^^^^^^^^^^^^^^^^^^^^^^^^^^ no `materialize_lowered_spatial_intent_support_report` in `facade`
  |     |
  |     no `admit_lowered_spatial_runtime_intent` in `facade`
3 |     LoweredSpatialIntent, LoweredSpatialIntentArtifact,
  |     ^^^^^^^^^^^^^^^^^^^^  ^^^^^^^^^^^^^^^^^^^^^^^^^^^^ no `LoweredSpatialIntentArtifact` in `facade`
  |     |
  |     no `LoweredSpatialIntent` in `facade`
4 |     LoweredSpatialIntentFamily, LoweredSpatialIntentMaterializationProfilePlan,
  |     ^^^^^^^^^^^^^^^^^^^^^^^^^^  ^^^^^^^^^^^^^^^^^^^^^^^^^^^^^^^^^^^^^^^^^^^^^^ no `LoweredSpatialIntentMaterializationProfilePlan` in `facade`
  |     |
  |     no `LoweredSpatialIntentFamily` in `facade`
5 |     LoweredSpatialNumericPosture, LoweredSpatialRuntimeDeclaration,
  |     ^^^^^^^^^^^^^^^^^^^^^^^^^^^^  ^^^^^^^^^^^^^^^^^^^^^^^^^^^^^^^^ no `LoweredSpatialRuntimeDeclaration` in `facade`
  |     |
  |     no `LoweredSpatialNumericPosture` in `facade`
6 |     LoweredSpatialTargetBindingPosture, RuntimeAnchorSemantic,
  |     ^^^^^^^^^^^^^^^^^^^^^^^^^^^^^^^^^^  ^^^^^^^^^^^^^^^^^^^^^ no `RuntimeAnchorSemantic` in `facade`
  |     |
  |     no `LoweredSpatialTargetBindingPosture` in `facade`
