error[E0432]: unresolved imports `worth_spatial::facade::EmptySpatialWitnessCatalog`, `worth_spatial::facade::SpatialAnchorRef`, `worth_spatial::facade::SpatialDirectionWitnessRef`, `worth_spatial::facade::SpatialFrameRef`, `worth_spatial::facade::SpatialPointWitnessRef`, `worth_spatial::facade::SpatialWitnessCatalog`
 --> src/certification/public_facade_contracts/compile_fail/public_spatial_top_level_refs_not_exported.rs:2:5
  |
2 |     EmptySpatialWitnessCatalog, SpatialAnchorRef, SpatialDirectionWitnessRef, SpatialFrameRef,
  |     ^^^^^^^^^^^^^^^^^^^^^^^^^^  ^^^^^^^^^^^^^^^^  ^^^^^^^^^^^^^^^^^^^^^^^^^^  ^^^^^^^^^^^^^^^ no `SpatialFrameRef` in `facade`
  |     |                           |                 |
  |     |                           |                 no `SpatialDirectionWitnessRef` in `facade`
  |     |                           no `SpatialAnchorRef` in `facade`
  |     no `EmptySpatialWitnessCatalog` in `facade`
3 |     SpatialPointWitnessRef, SpatialWitnessCatalog,
  |     ^^^^^^^^^^^^^^^^^^^^^^  ^^^^^^^^^^^^^^^^^^^^^ no `SpatialWitnessCatalog` in `facade`
  |     |
  |     no `SpatialPointWitnessRef` in `facade`
  |
  = help: consider importing this struct instead:
          worth_spatial::facade::refs::EmptySpatialWitnessCatalog
  = help: consider importing this enum instead:
          worth_spatial::facade::refs::SpatialAnchorRef
  = help: consider importing this enum instead:
          worth_spatial::facade::refs::SpatialDirectionWitnessRef
  = help: consider importing this enum instead:
          worth_spatial::facade::refs::SpatialFrameRef
  = help: consider importing this enum instead:
          worth_spatial::facade::refs::SpatialPointWitnessRef
  = help: consider importing this trait instead:
          worth_spatial::facade::refs::SpatialWitnessCatalog
