error[E0432]: unresolved import `worth_kernel::facade::CreateSpatialIntent`
 --> src/certification/public_facade_contracts/compile_fail/results/public_create_placement_exports_demoted.rs:1:5
  |
1 | use worth_kernel::facade::CreateSpatialIntent;
  |     ^^^^^^^^^^^^^^^^^^^^^^^^^^^^^^^^^^^^^^^^^ no `CreateSpatialIntent` in `facade`
  |
help: consider importing this struct instead
  |
1 | use worth_kernel::facade::authoring::create::CreateSpatialIntent;
  |                           +++++++++++++++++++

error[E0432]: unresolved import `worth_kernel::facade::authoring::intents::CreateSpatialIntent`
 --> src/certification/public_facade_contracts/compile_fail/results/public_create_placement_exports_demoted.rs:2:5
  |
2 | use worth_kernel::facade::authoring::intents::CreateSpatialIntent as IntentCreateSpatialIntent;
  |     ^^^^^^^^^^^^^^^^^^^^^^^^^^^^^^^^^^^^^^^^^^^^^^^^^^^^^^^^^^^^^^^^^^^^^^^^^^^^^^^^^^^^^^^^^^ no `CreateSpatialIntent` in `facade::authoring::intents`
  |
help: a similar name exists in the module
  |
2 - use worth_kernel::facade::authoring::intents::CreateSpatialIntent as IntentCreateSpatialIntent;
2 + use worth_kernel::facade::authoring::intents::RotateSpatialIntent as IntentCreateSpatialIntent;
  |
help: consider importing this struct instead
  |
2 - use worth_kernel::facade::authoring::intents::CreateSpatialIntent as IntentCreateSpatialIntent;
2 + use worth_kernel::facade::authoring::create::CreateSpatialIntent as IntentCreateSpatialIntent;
  |
