    Checking forge-topo v0.1.0 (/Users/spenstar/Documents/programming/forge workspace/Forge/crates/forge-topo)
error[E0433]: failed to resolve: use of unresolved module or unlinked crate `contract_registry`
  --> crates/forge-topo/src/operations/lifecycle/shell.rs:35:51
   |
35 |     const INVARIANT_CONTRACT: InvariantContract = contract_registry::CONTAINER_LIFECYCLE;
   |                                                   ^^^^^^^^^^^^^^^^^ use of unresolved module or unlinked crate `contract_registry`
   |
   = help: if you wanted to use a crate named `contract_registry`, use `cargo add contract_registry` to add it to your `Cargo.toml`
help: consider importing this module
   |
 5 + use crate::validators::contract_registry;
   |

warning: unused imports: `ShellKind` and `ShellOrientation`
  --> crates/forge-topo/src/b_rep/data/containment/mod.rs:14:35
   |
14 | pub(crate) use shell::{ShellData, ShellKind, ShellOrientation};
   |                                   ^^^^^^^^^  ^^^^^^^^^^^^^^^^
   |
   = note: `#[warn(unused_imports)]` (part of `#[warn(unused)]`) on by default

warning: unused import: `arena::TopologyArena`
 --> crates/forge-topo/src/b_rep/data/storage/mod.rs:9:16
  |
9 | pub(crate) use arena::TopologyArena;
  |                ^^^^^^^^^^^^^^^^^^^^

warning: unused imports: `BodyId`, `EdgeId`, `FaceId`, `HalfEdgeId`, `LoopId`, `LumpId`, `RegionId`, `ShellId`, and `VertexId`
  --> crates/forge-topo/src/transactions/data/versioned_snapshot.rs:12:5
   |
12 |     BodyId, EdgeId, FaceId, HalfEdgeId, LoopId, LumpId, RegionId, ShellId, VertexId,
   |     ^^^^^^  ^^^^^^  ^^^^^^  ^^^^^^^^^^  ^^^^^^  ^^^^^^  ^^^^^^^^  ^^^^^^^  ^^^^^^^^

warning: unused import: `crate::transactions::compute_arena_topology_hash`
  --> crates/forge-topo/src/transactions/data/versioned_snapshot.rs:14:5
   |
14 | use crate::transactions::compute_arena_topology_hash;
   |     ^^^^^^^^^^^^^^^^^^^^^^^^^^^^^^^^^^^^^^^^^^^^^^^^

warning: unused imports: `Lineage` and `OpSignature`
  --> crates/forge-topo/src/transactions/data/versioned_snapshot.rs:15:25
   |
15 | use crate::provenance::{Lineage, LineageEvent, OpSignature};
   |                         ^^^^^^^                ^^^^^^^^^^^

warning: unused import: `ReplayEntry`
  --> crates/forge-topo/src/transactions/data/versioned_snapshot.rs:17:25
   |
17 | use crate::provenance::{ReplayEntry, ReplayLog};
   |                         ^^^^^^^^^^^

warning: unused import: `crate::validators::validate::ValidationLevel`
  --> crates/forge-topo/src/transactions/data/versioned_snapshot.rs:19:5
   |
19 | use crate::validators::validate::ValidationLevel;
   |     ^^^^^^^^^^^^^^^^^^^^^^^^^^^^^^^^^^^^^^^^^^^^

warning: unused import: `forge_core::KernelError`
  --> crates/forge-topo/src/transactions/data/versioned_snapshot.rs:20:5
   |
20 | use forge_core::KernelError;
   |     ^^^^^^^^^^^^^^^^^^^^^^^

warning: unused imports: `Deserialize` and `Serialize`
 --> crates/forge-topo/src/transactions/logic/mutable_draft.rs:8:13
  |
8 | use serde::{Deserialize, Serialize};
  |             ^^^^^^^^^^^  ^^^^^^^^^

warning: unused imports: `BodyId`, `EdgeId`, `FaceId`, `LoopId`, `LumpId`, `RegionId`, `ShellId`, and `VertexId`
  --> crates/forge-topo/src/transactions/logic/mutable_draft.rs:12:5
   |
12 |     BodyId, EdgeId, FaceId, HalfEdgeId, LoopId, LumpId, RegionId, ShellId, VertexId,
   |     ^^^^^^  ^^^^^^  ^^^^^^              ^^^^^^  ^^^^^^  ^^^^^^^^  ^^^^^^^  ^^^^^^^^

warning: unused import: `Lineage`
  --> crates/forge-topo/src/transactions/logic/mutable_draft.rs:16:25
   |
16 | use crate::provenance::{Lineage, LineageEvent, OpSignature};
   |                         ^^^^^^^

warning: unused import: `FEATURE_ID_SYSTEM`
  --> crates/forge-topo/src/transactions/logic/mutable_draft.rs:20:80
   |
20 | use crate::provenance::{LineageRecorder, LineageMode, OperationLineageContext, FEATURE_ID_SYSTEM};
   |                                                                                ^^^^^^^^^^^^^^^^^

warning: unused import: `crate::validators::validate::ValidationLevel`
  --> crates/forge-topo/src/transactions/logic/mutable_draft.rs:22:5
   |
22 | use crate::validators::validate::ValidationLevel;
   |     ^^^^^^^^^^^^^^^^^^^^^^^^^^^^^^^^^^^^^^^^^^^^

warning: unused import: `validate_halfedge_reciprocity`
   --> crates/forge-topo/src/transactions/logic/mutable_draft.rs:380:55
    |
380 |         use crate::operations::operator::{EulerDelta, validate_halfedge_reciprocity};
    |                                                       ^^^^^^^^^^^^^^^^^^^^^^^^^^^^^

warning: unused doc comment
   --> crates/forge-topo/src/handles.rs:158:1
    |
158 | / /// Opaque cross-crate reference to a curve in `forge-geom::CurveGeom`.
159 | | ///
160 | | /// This handle is stored in `EdgeData.curve` so that the topology arena can
161 | | /// hold a typed reference to edge-curve geometry without owning or inspecting
...   |
165 | | /// During Phase 1–2 (planar-only), this is always `None`. Phase 4+ populates
166 | | /// it when curved surfaces are introduced.
    | |_------------------------------------------^
    |   |
    |   rustdoc does not generate documentation for macro invocations
    |
    = help: to document an item produced by a macro, the macro must produce the documentation as part of its expansion
    = note: `#[warn(unused_doc_comments)]` (part of `#[warn(unused)]`) on by default

warning: unused doc comment
   --> crates/forge-topo/src/handles.rs:169:1
    |
169 | / /// Opaque cross-crate reference to a surface in `forge-geom::SurfaceData`.
170 | | ///
171 | | /// Stored in `FaceData.surface` so that the topology arena can hold a typed
172 | | /// reference to face-surface geometry without owning any `f64` values
...   |
177 | | /// by face-plane association in the `GeometryStore`. `Some` for curved
178 | | /// surfaces (cylinders, cones, spheres, tori, NURBS).
    | |_-----------------------------------------------------^
    |   |
    |   rustdoc does not generate documentation for macro invocations
    |
    = help: to document an item produced by a macro, the macro must produce the documentation as part of its expansion

warning: unused doc comment
   --> crates/forge-topo/src/handles.rs:181:1
    |
181 | / /// Opaque cross-crate reference to a coedge (UV trim curve) in
182 | | /// `forge-geom::Coedge`.
183 | | ///
184 | | /// Stored in `HalfEdgeData.coedge` so that each directed use of an edge
...   |
189 | | ///
190 | | /// `None` for planar halfedges (the coedge is a trivial straight line in UV).
    | |_-----------------------------------------------------------------------------^
    |   |
    |   rustdoc does not generate documentation for macro invocations
    |
    = help: to document an item produced by a macro, the macro must produce the documentation as part of its expansion

warning: unused imports: `InvariantId` and `InvariantRelation`
  --> crates/forge-topo/src/operations/operator.rs:26:58
   |
26 | use crate::validators::invariant_id::{InvariantContract, InvariantRelation, InvariantId};
   |                                                          ^^^^^^^^^^^^^^^^^  ^^^^^^^^^^^

warning: unused import: `RegionData`
 --> crates/forge-topo/src/operations/lifecycle/lump_ops.rs:9:30
  |
9 | use crate::b_rep::{LumpData, RegionData};
  |                              ^^^^^^^^^^

warning: unused import: `crate::b_rep::ShellKind`
 --> crates/forge-topo/src/operations/lifecycle/shell_ops.rs:9:5
  |
9 | use crate::b_rep::ShellKind;
  |     ^^^^^^^^^^^^^^^^^^^^^^^

warning: unused imports: `ErrorContext` and `ErrorScope`
 --> crates/forge-topo/src/queries/vertex_disks.rs:8:18
  |
8 | use forge_core::{ErrorContext, ErrorScope, KernelError, TopologyError};
  |                  ^^^^^^^^^^^^  ^^^^^^^^^^

warning: unused import: `forge_core::KernelError`
  --> crates/forge-topo/src/validators/reference_integrity/mod.rs:26:5
   |
26 | use forge_core::KernelError;
   |     ^^^^^^^^^^^^^^^^^^^^^^^

warning: unused import: `forge_core::KernelError`
  --> crates/forge-topo/src/validators/loop_wiring/mod.rs:24:5
   |
24 | use forge_core::KernelError;
   |     ^^^^^^^^^^^^^^^^^^^^^^^

warning: unused import: `forge_core::KernelError`
  --> crates/forge-topo/src/validators/radial_edge/mod.rs:19:5
   |
19 | use forge_core::KernelError;
   |     ^^^^^^^^^^^^^^^^^^^^^^^

warning: unused import: `BTreeMap`
  --> crates/forge-topo/src/validators/vertex_disk/cross_disk_coedges.rs:11:24
   |
11 | use std::collections::{BTreeMap, BTreeSet};
   |                        ^^^^^^^^

warning: unused import: `forge_core::KernelError`
  --> crates/forge-topo/src/validators/shell_closure/mod.rs:24:5
   |
24 | use forge_core::KernelError;
   |     ^^^^^^^^^^^^^^^^^^^^^^^

warning: unused import: `shell_data::collect_shell_data_for_face`
  --> crates/forge-topo/src/validators/shell_closure/mod.rs:26:16
   |
26 | pub(crate) use shell_data::collect_shell_data_for_face;
   |                ^^^^^^^^^^^^^^^^^^^^^^^^^^^^^^^^^^^^^^^

warning: unused import: `euler_formula::compute_shell_genus`
  --> crates/forge-topo/src/validators/euler_genus/mod.rs:14:16
   |
14 | pub(crate) use euler_formula::compute_shell_genus;
   |                ^^^^^^^^^^^^^^^^^^^^^^^^^^^^^^^^^^

warning: unused variable: `lineage_count_before`
   --> crates/forge-topo/src/transactions/logic/mutable_draft.rs:401:13
    |
401 |         let lineage_count_before = self.lineage_store.active_count();
    |             ^^^^^^^^^^^^^^^^^^^^ help: if this is intentional, prefix it with an underscore: `_lineage_count_before`
    |
    = note: `#[warn(unused_variables)]` (part of `#[warn(unused)]`) on by default

warning: unused variable: `loop_id`
  --> crates/forge-topo/src/validators/reference_integrity/orphan_half_edges.rs:15:10
   |
15 |     for (loop_id, loop_data) in arena.iter_loops() {
   |          ^^^^^^^ help: if this is intentional, prefix it with an underscore: `_loop_id`

warning: unused variable: `bound`
  --> crates/forge-topo/src/validators/vertex_disk/disk_closure.rs:13:9
   |
13 |     let bound = arena.half_edge_count().max(1);
   |         ^^^^^ help: if this is intentional, prefix it with an underscore: `_bound`

warning: unused variable: `vertex`
  --> crates/forge-topo/src/validators/vertex_disk/disk_closure.rs:20:13
   |
20 |         let vertex = start_data.origin();
   |             ^^^^^^ help: if this is intentional, prefix it with an underscore: `_vertex`

For more information about this error, try `rustc --explain E0433`.
warning: `forge-topo` (lib) generated 32 warnings
error: could not compile `forge-topo` (lib) due to 1 previous error; 32 warnings emitted
