warning: unused import: `crate::traits::*`
 --> crates/forge-math/src/prelude.rs:1:9
  |
1 | pub use crate::traits::*;
  |         ^^^^^^^^^^^^^^^^
  |
  = note: `#[warn(unused_imports)]` (part of `#[warn(unused)]`) on by default

warning: unnecessary parentheses around assigned value
  --> crates/forge-math/src/predicates/orient3d.rs:43:25
   |
43 | ...   let permanent = (adx.abs() * (bdy.abs() * cdz.abs() + bdz.abs() * cdy...
   |                       ^
44 | ...       + bdx.abs() * (ady.abs() * cdz.abs() + adz.abs() * cdy.abs())
45 | ...       + cdx.abs() * (ady.abs() * bdz.abs() + adz.abs() * bdy.abs()));
   |                                                                        ^
   |
   = note: `#[warn(unused_parens)]` (part of `#[warn(unused)]`) on by default
help: remove these parentheses
   |
43 ~         let permanent = adx.abs() * (bdy.abs() * cdz.abs() + bdz.abs() * cdy.abs())
44 |             + bdx.abs() * (ady.abs() * cdz.abs() + adz.abs() * cdy.abs())
45 ~             + cdx.abs() * (ady.abs() * bdz.abs() + adz.abs() * bdy.abs());
   |

warning: `forge-math` (lib) generated 2 warnings (run `cargo fix --lib -p forge-math` to apply 2 suggestions)
warning: unused import: `std::convert::TryFrom`
  --> crates/forge-geom/src/primitives/implicit_vertex.rs:72:5
   |
72 | use std::convert::TryFrom;
   |     ^^^^^^^^^^^^^^^^^^^^^
   |
   = note: `#[warn(unused_imports)]` (part of `#[warn(unused)]`) on by default

warning: unused import: `signed_distance`
  --> crates/forge-geom/src/primitives/implicit_vertex.rs:74:39
   |
74 | use crate::primitives::plane::{Plane, signed_distance, intersect_three_plan...
   |                                       ^^^^^^^^^^^^^^^

warning: field `cell_size` is never read
  --> crates/forge-geom/src/spatial/edge_match.rs:47:5
   |
46 | pub struct EdgeMatcher {
   |            ----------- field in this struct
47 |     cell_size: f64,
   |     ^^^^^^^^^
   |
   = note: `#[warn(dead_code)]` (part of `#[warn(unused)]`) on by default

warning: `forge-geom` (lib) generated 3 warnings (run `cargo fix --lib -p forge-geom` to apply 2 suggestions)
warning: unused import: `crate::topology::queries::traverse::FaceEdgeIterator`
  --> crates/forge-topo/src/topology/integrity/geometric.rs:17:5
   |
17 | use crate::topology::queries::traverse::FaceEdgeIterator;
   |     ^^^^^^^^^^^^^^^^^^^^^^^^^^^^^^^^^^^^^^^^^^^^^^^^^^^^
   |
   = note: `#[warn(unused_imports)]` (part of `#[warn(unused)]`) on by default

warning: associated function `new` is never used
  --> crates/forge-topo/src/topology/handles.rs:55:27
   |
53 |         impl $name {
   |         ---------- associated function in this implementation
54 |             /// Create a handle. Arena-internal only.
55 |             pub(crate) fn new(index: u32, generation: u32) -> Self {
   |                           ^^^
...
92 | define_handle!(SolidId);
   | ----------------------- in this macro invocation
   |
   = note: `#[warn(dead_code)]` (part of `#[warn(unused)]`) on by default
   = note: this warning originates in the macro `define_handle` (in Nightly builds, run with -Z macro-backtrace for more info)

warning: `forge-topo` (lib) generated 2 warnings (run `cargo fix --lib -p forge-topo` to apply 1 suggestion)
   Compiling forge-kernel v0.1.0 (/Users/spenstar/Documents/programming/Forge/crates/forge-kernel)
warning: unused import: `BTreeMap`
  --> crates/forge-kernel/src/operations/boolean/split/cut.rs:11:24
   |
11 | use std::collections::{BTreeMap, BTreeSet};
   |                        ^^^^^^^^
   |
   = note: `#[warn(unused_imports)]` (part of `#[warn(unused)]`) on by default

warning: unused import: `Plane`
  --> crates/forge-kernel/src/operations/boolean/split/bsp.rs:10:37
   |
10 | ...mitives::plane::{Plane, intersect_three_...
   |                     ^^^^^

warning: unused import: `forge_math::GeometrySource`
  --> crates/forge-kernel/src/operations/boolean/split/bsp.rs:13:5
   |
13 | use forge_math::GeometrySource;
   |     ^^^^^^^^^^^^^^^^^^^^^^^^^^

warning: unused import: `SplitConfig`
  --> crates/forge-kernel/src/operations/boolean/split/mod.rs:24:36
   |
24 | ...tPhaseResult, SplitConfig};
   |                  ^^^^^^^^^^^

warning: unused import: `BTreeMap`
  --> crates/forge-kernel/src/operations/boolean/postprocess/polygon_extract.rs:14:34
   |
14 | ...ons::{BTreeSet, BTreeMap, VecDeque};
   |                    ^^^^^^^^

warning: unused import: `EntityRef`
  --> crates/forge-kernel/src/operations/boolean/postprocess/polygon_extract.rs:17:91
   |
17 | ...cisionContext, EntityRef};
   |                   ^^^^^^^^^

warning: unused import: `EntityRef`
  --> crates/forge-kernel/src/operations/boolean/postprocess/hole_splice.rs:17:91
   |
17 | ...cisionContext, EntityRef};
   |                   ^^^^^^^^^

warning: unused import: `hole_splice::splice_inner_holes`
  --> crates/forge-kernel/src/operations/boolean/postprocess/mod.rs:25:9
   |
25 | pub use hole_splice::splice_inner_holes;
   |         ^^^^^^^^^^^^^^^^^^^^^^^^^^^^^^^

warning: unused import: `EntityRef`
  --> crates/forge-kernel/src/operations/boolean/assemble/disjoint/assemble.rs:14:104
   |
14 | ...cisionContext, EntityRef};
   |                   ^^^^^^^^^

warning: unused import: `std::collections::BTreeMap`
 --> crates/forge-kernel/src/operations/boolean/assemble/merge/eval.rs:8:5
  |
8 | use std::collections::BTreeMap;
  |     ^^^^^^^^^^^^^^^^^^^^^^^^^^

warning: unused imports: `FaceId`, `HalfEdgeId`, and `VertexId`
  --> crates/forge-kernel/src/operations/boolean/assemble/merge/eval.rs:14:27
   |
14 | ...les::{FaceId, HalfEdgeId, VertexId};
   |          ^^^^^^  ^^^^^^^^^^  ^^^^^^^^

warning: unused import: `crate::operations::boolean::eval::VertexMatchKey`
  --> crates/forge-kernel/src/operations/boolean/assemble/merge/eval.rs:25:5
   |
25 | use crate::operations::boolean::eval::VertexMatchKey;
   |     ^^^^^^^^^^^^^^^^^^^^^^^^^^^^^^^^^^^^^^^^^^^^^^^^

warning: unused imports: `assemble_result` and `compute_characteristic_scale`
  --> crates/forge-kernel/src/operations/boolean/assemble/merge/eval.rs:31:23
   |
31 | ...::{assemble_result, compute_characteristic_scale};
   |       ^^^^^^^^^^^^^^^  ^^^^^^^^^^^^^^^^^^^^^^^^^^^^

warning: unused import: `build_cube`
 --> crates/forge-kernel/src/operations/boolean/tests/sector_classification_tests.rs:8:34
  |
8 | ...test_helpers::{build_cube, run_boolean, e...
  |                   ^^^^^^^^^^

warning: unused import: `BooleanOp`
  --> crates/forge-kernel/src/operations/ember_boolean/eval.rs:18:63
   |
18 | ...BooleanResult, BooleanOp, execute_boolea...
   |                   ^^^^^^^^^

warning: unused import: `FaceClassification`
   --> crates/forge-kernel/src/operations/boolean/brutality/integrity.rs:208:58
    |
208 | ...ceOrigin, FaceClassification};
    |              ^^^^^^^^^^^^^^^^^^

warning: unused import: `crate::geometry_store::GeometryStore`
   --> crates/forge-kernel/src/operations/boolean/brutality/integrity.rs:210:9
    |
210 |     use crate::geometry_store::GeometryStore;
    |         ^^^^^^^^^^^^^^^^^^^^^^^^^^^^^^^^^^^^

warning: unused import: `run_boolean`
  --> crates/forge-kernel/src/operations/boolean/brutality/tier2_numerical.rs:46:37
   |
46 | ...convex_solid, run_boolean, try_boolean,
   |                  ^^^^^^^^^^^

warning: unused import: `predicates::*`
  --> crates/forge-kernel/src/operations/boolean/brutality/mod.rs:33:9
   |
33 | pub use predicates::*;
   |         ^^^^^^^^^^^^^

warning: unused import: `coincidence::*`
  --> crates/forge-kernel/src/operations/boolean/brutality/mod.rs:34:9
   |
34 | pub use coincidence::*;
   |         ^^^^^^^^^^^^^^

warning: unused import: `splitting::*`
  --> crates/forge-kernel/src/operations/boolean/brutality/mod.rs:35:9
   |
35 | pub use splitting::*;
   |         ^^^^^^^^^^^^

warning: unused import: `integrity::*`
  --> crates/forge-kernel/src/operations/boolean/brutality/mod.rs:36:9
   |
36 | pub use integrity::*;
   |         ^^^^^^^^^^^^

warning: unused import: `forge_topo::hashing::compute_arena_topology_hash`
  --> crates/forge-kernel/src/analysis/proof_validation/proof_invariants.rs:16:5
   |
16 | use forge_topo::hashing::compute_arena_topology_hash;
   |     ^^^^^^^^^^^^^^^^^^^^^^^^^^^^^^^^^^^^^^^^^^^^^^^^

warning: unused import: `determinism::*`
  --> crates/forge-kernel/src/operations/boolean/brutality/mod.rs:37:9
   |
37 | pub use determinism::*;
   |         ^^^^^^^^^^^^^^

warning: unused import: `fuzzing::*`
  --> crates/forge-kernel/src/operations/boolean/brutality/mod.rs:38:9
   |
38 | pub use fuzzing::*;
   |         ^^^^^^^^^^

warning: unused import: `sliver::*`
  --> crates/forge-kernel/src/operations/boolean/brutality/mod.rs:39:9
   |
39 | pub use sliver::*;
   |         ^^^^^^^^^

warning: unused import: `features::*`
  --> crates/forge-kernel/src/operations/boolean/brutality/mod.rs:40:9
   |
40 | pub use features::*;
   |         ^^^^^^^^^^^

warning: unused import: `serialization::*`
  --> crates/forge-kernel/src/operations/boolean/brutality/mod.rs:41:9
   |
41 | pub use serialization::*;
   |         ^^^^^^^^^^^^^^^^

warning: unused import: `tracing::*`
  --> crates/forge-kernel/src/operations/boolean/brutality/mod.rs:42:9
   |
42 | pub use tracing::*;
   |         ^^^^^^^^^^

warning: unused import: `crate::geometry_store::GeometryStore`
   --> crates/forge-kernel/src/analysis/sliver.rs:135:9
    |
135 |     use crate::geometry_store::GeometryStore;
    |         ^^^^^^^^^^^^^^^^^^^^^^^^^^^^^^^^^^^^

warning: unused import: `forge_topo::state::TopologyState`
   --> crates/forge-kernel/src/analysis/sliver.rs:136:9
    |
136 |     use forge_topo::state::TopologyState;
    |         ^^^^^^^^^^^^^^^^^^^^^^^^^^^^^^^^

warning: unused import: `super::analyze_slivers`
   --> crates/forge-kernel/src/analysis/sliver.rs:137:9
    |
137 |     use super::analyze_slivers;
    |         ^^^^^^^^^^^^^^^^^^^^^^

warning: unused imports: `DecisionId` and `DecisionTier`
  --> crates/forge-kernel/src/analysis/counterfactual/eval.rs:12:35
   |
12 | ...t, DecisionId, DecisionLog, DecisionTier, K...
   |       ^^^^^^^^^^               ^^^^^^^^^^^^

warning: unused import: `ValidationLevel`
  --> crates/forge-kernel/src/analysis/proof_validation/pv_p0_1_tests.rs:10:78
   |
10 | ...e_topology, ValidationLevel};
   |                ^^^^^^^^^^^^^^^

warning: unused imports: `KernelError` and `TopologyError`
 --> crates/forge-kernel/src/analysis/proof_validation/pv_p0_2_tests.rs:8:18
  |
8 | use forge_core::{KernelError, TopologyError};
  |                  ^^^^^^^^^^^  ^^^^^^^^^^^^^

warning: unused import: `forge_core::KernelError`
 --> crates/forge-kernel/src/analysis/proof_validation/pv_p0_3_tests.rs:6:5
  |
6 | use forge_core::KernelError;
  |     ^^^^^^^^^^^^^^^^^^^^^^^

warning: unused import: `HealingResult`
 --> crates/forge-kernel/src/analysis/proof_validation/pv_p0_3_tests.rs:8:51
  |
8 | ..._orientation, HealingResult};
  |                  ^^^^^^^^^^^^^

warning: unused imports: `KernelError` and `TopologyError`
 --> crates/forge-kernel/src/analysis/proof_validation/pv_p0_4_tests.rs:7:18
  |
7 | use forge_core::{KernelError, TopologyError};
  |                  ^^^^^^^^^^^  ^^^^^^^^^^^^^

warning: unused import: `TopologyState`
 --> crates/forge-kernel/src/analysis/proof_validation/pv_p0_4_tests.rs:9:25
  |
9 | use forge_topo::state::{TopologyState, Draft...
  |                         ^^^^^^^^^^^^^

warning: unused imports: `FaceData`, `LoopData`, and `VertexData`
  --> crates/forge-kernel/src/analysis/proof_validation/pv_p0_4_tests.rs:10:25
   |
10 | ...::{FaceData, HalfEdgeData, VertexData, LoopData};
   |       ^^^^^^^^                ^^^^^^^^^^  ^^^^^^^^

warning: unused imports: `FaceId` and `HalfEdgeId`
  --> crates/forge-kernel/src/analysis/proof_validation/pv_p0_4_tests.rs:11:27
   |
11 | use forge_topo::handles::{FaceId, HalfEdgeId};
   |                           ^^^^^^  ^^^^^^^^^^

warning: unused import: `DecisionContext`
  --> crates/forge-kernel/src/analysis/proof_validation/pv_p3_3_tests.rs:18:22
   |
18 |     use forge_core::{DecisionContext, Entit...
   |                      ^^^^^^^^^^^^^^^

warning: unused imports: `DecisionId`, `DecisionKind`, and `DecisionTier`
  --> crates/forge-kernel/src/analysis/proof_validation/pv_p3_4_tests.rs:13:22
   |
13 | ...::{DecisionId, DecisionTier, DecisionKind};
   |       ^^^^^^^^^^  ^^^^^^^^^^^^  ^^^^^^^^^^^^

warning: unused import: `forge_topo::hashing::compute_arena_topology_hash`
  --> crates/forge-kernel/src/analysis/proof_validation/pv_p3_4_tests.rs:14:9
   |
14 | ...se forge_topo::hashing::compute_arena_topology_hash;
   |       ^^^^^^^^^^^^^^^^^^^^^^^^^^^^^^^^^^^^^^^^^^^^^^^^

warning: unused import: `euler_audit`
  --> crates/forge-kernel/src/analysis/proof_validation/pv_p3_4_tests.rs:17:45
   |
17 | ...olean_logged, euler_audit,
   |                  ^^^^^^^^^^^

warning: unused import: `forge_core::DecisionContext`
  --> crates/forge-kernel/src/analysis/proof_validation/pv_p3_6_tests.rs:25:9
   |
25 |     use forge_core::DecisionContext;
   |         ^^^^^^^^^^^^^^^^^^^^^^^^^^^

warning: unused import: `forge_topo::hashing::compute_arena_topology_hash`
  --> crates/forge-kernel/src/analysis/proof_validation/pv_p3_6_tests.rs:26:9
   |
26 | ...se forge_topo::hashing::compute_arena_topology_hash;
   |       ^^^^^^^^^^^^^^^^^^^^^^^^^^^^^^^^^^^^^^^^^^^^^^^^

warning: unused import: `execute_boolean`
  --> crates/forge-kernel/src/analysis/proof_validation/pv_p3_6_tests.rs:32:34
   |
32 | ... BooleanOp, execute_boolean,
   |                ^^^^^^^^^^^^^^^

warning: unused import: `FeatureOutput`
  --> crates/forge-kernel/src/analysis/proof_validation/pv_p3_6_tests.rs:35:61
   |
35 | ...tiveFeature, FeatureOutput};
   |                 ^^^^^^^^^^^^^

warning: unused import: `LocalCoordinateSpace`
  --> crates/forge-kernel/src/analysis/proof_validation/pv_p2_5_mb_n_tests.rs:22:40
   |
22 | ...l_space::{LocalCoordinateSpace, ScaleAna...
   |              ^^^^^^^^^^^^^^^^^^^^

warning: unused variable: `he_id`
   --> crates/forge-kernel/src/operations/boolean/split/reconcile.rs:408:10
    |
408 |     for (he_id, he_data) in draft.arena()....
    |          ^^^^^ help: if this is intentional, prefix it with an underscore: `_he_id`
    |
    = note: `#[warn(unused_variables)]` (part of `#[warn(unused)]`) on by default

warning: unused variable: `v`
  --> crates/forge-kernel/src/operations/boolean/split/bsp.rs:70:21
   |
70 | ...       for (i, v) in self.vertices.iter(...
   |                   ^ help: if this is intentional, prefix it with an underscore: `_v`

warning: unused variable: `vj`
  --> crates/forge-kernel/src/operations/boolean/split/bsp.rs:92:17
   |
92 |             let vj = &self.vertices[j];
   |                 ^^ help: if this is intentional, prefix it with an underscore: `_vj`

warning: unused variable: `h_max_vertex`
  --> crates/forge-kernel/src/operations/boolean/postprocess/hole_splice.rs:96:20
   |
96 |     let (h_max_he, h_max_vertex, h_max_pos) =
   |                    ^^^^^^^^^^^^ help: if this is intentional, prefix it with an underscore: `_h_max_vertex`

warning: variable does not need to be mutable
   --> crates/forge-kernel/src/operations/boolean/assemble/merge/eval.rs:265:9
    |
265 |     let mut result = BooleanResult::new(
    |         ----^^^^^^
    |         |
    |         help: remove this `mut`
    |
    = note: `#[warn(unused_mut)]` (part of `#[warn(unused)]`) on by default

warning: function `detect_coplanar_faces` is never used
  --> crates/forge-kernel/src/operations/boolean/classify/coplanar.rs:23:4
   |
23 | fn detect_coplanar_faces(
   |    ^^^^^^^^^^^^^^^^^^^^^
   |
   = note: `#[warn(dead_code)]` (part of `#[warn(unused)]`) on by default

warning: function `planes_are_coplanar_exact` is never used
  --> crates/forge-kernel/src/operations/boolean/classify/coplanar.rs:62:4
   |
62 | fn planes_are_coplanar_exact(p1: &forge_geo...
   |    ^^^^^^^^^^^^^^^^^^^^^^^^^

warning: function `normals_aligned_exact` is never used
  --> crates/forge-kernel/src/operations/boolean/classify/coplanar.rs:70:4
   |
70 | fn normals_aligned_exact(p1: &forge_geom::P...
   |    ^^^^^^^^^^^^^^^^^^^^^

warning: function `merge_coplanar_faces_extracted` is never used
  --> crates/forge-kernel/src/operations/boolean/postprocess/mod.rs:30:8
   |
30 | pub fn merge_coplanar_faces_extracted(
   |        ^^^^^^^^^^^^^^^^^^^^^^^^^^^^^^

warning: function `extract_coplanar_regions` is never used
  --> crates/forge-kernel/src/operations/boolean/postprocess/polygon_extract.rs:31:8
   |
31 | pub fn extract_coplanar_regions(
   |        ^^^^^^^^^^^^^^^^^^^^^^^^

warning: function `discover_coplanar_groups` is never used
  --> crates/forge-kernel/src/operations/boolean/postprocess/polygon_extract.rs:80:4
   |
80 | fn discover_coplanar_groups(
   |    ^^^^^^^^^^^^^^^^^^^^^^^^

warning: function `bfs_coplanar_cluster` is never used
   --> crates/forge-kernel/src/operations/boolean/postprocess/polygon_extract.rs:102:4
    |
102 | fn bfs_coplanar_cluster(
    |    ^^^^^^^^^^^^^^^^^^^^

warning: function `collect_adjacent_faces` is never used
   --> crates/forge-kernel/src/operations/boolean/postprocess/polygon_extract.rs:145:4
    |
145 | fn collect_adjacent_faces(arena: &Topology...
    |    ^^^^^^^^^^^^^^^^^^^^^^

warning: function `walk_boundary_perimeter` is never used
   --> crates/forge-kernel/src/operations/boolean/postprocess/polygon_extract.rs:191:4
    |
191 | fn walk_boundary_perimeter(
    |    ^^^^^^^^^^^^^^^^^^^^^^^

warning: function `find_boundary_edge` is never used
   --> crates/forge-kernel/src/operations/boolean/postprocess/polygon_extract.rs:224:4
    |
224 | fn find_boundary_edge(
    |    ^^^^^^^^^^^^^^^^^^

warning: function `is_boundary_edge` is never used
   --> crates/forge-kernel/src/operations/boolean/postprocess/polygon_extract.rs:255:4
    |
255 | fn is_boundary_edge(
    |    ^^^^^^^^^^^^^^^^

warning: function `advance_to_boundary` is never used
   --> crates/forge-kernel/src/operations/boolean/postprocess/polygon_extract.rs:272:4
    |
272 | fn advance_to_boundary(
    |    ^^^^^^^^^^^^^^^^^^^

warning: function `rebuild_face_from_perimeter` is never used
   --> crates/forge-kernel/src/operations/boolean/postprocess/polygon_extract.rs:299:4
    |
299 | fn rebuild_face_from_perimeter(
    |    ^^^^^^^^^^^^^^^^^^^^^^^^^^^

warning: function `collect_group_edges` is never used
   --> crates/forge-kernel/src/operations/boolean/postprocess/polygon_extract.rs:378:4
    |
378 | fn collect_group_edges(
    |    ^^^^^^^^^^^^^^^^^^^

warning: function `find_internal_vertices` is never used
   --> crates/forge-kernel/src/operations/boolean/postprocess/polygon_extract.rs:418:4
    |
418 | fn find_internal_vertices(
    |    ^^^^^^^^^^^^^^^^^^^^^^

warning: function `log_extraction` is never used
   --> crates/forge-kernel/src/operations/boolean/postprocess/polygon_extract.rs:448:4
    |
448 | fn log_extraction(
    |    ^^^^^^^^^^^^^^

warning: function `splice_inner_holes` is never used
  --> crates/forge-kernel/src/operations/boolean/postprocess/hole_splice.rs:31:8
   |
31 | pub fn splice_inner_holes(
   |        ^^^^^^^^^^^^^^^^^^

warning: function `find_faces_with_holes` is never used
  --> crates/forge-kernel/src/operations/boolean/postprocess/hole_splice.rs:64:4
   |
64 | fn find_faces_with_holes(
   |    ^^^^^^^^^^^^^^^^^^^^^

warning: function `get_face_inner_loops` is never used
  --> crates/forge-kernel/src/operations/boolean/postprocess/hole_splice.rs:74:4
   |
74 | fn get_face_inner_loops(
   |    ^^^^^^^^^^^^^^^^^^^^

warning: function `splice_one_hole` is never used
  --> crates/forge-kernel/src/operations/boolean/postprocess/hole_splice.rs:83:4
   |
83 | fn splice_one_hole(
   |    ^^^^^^^^^^^^^^^

warning: function `find_extremal_vertex` is never used
   --> crates/forge-kernel/src/operations/boolean/postprocess/hole_splice.rs:115:4
    |
115 | fn find_extremal_vertex(
    |    ^^^^^^^^^^^^^^^^^^^^

warning: function `raycast_to_outer_boundary` is never used
   --> crates/forge-kernel/src/operations/boolean/postprocess/hole_splice.rs:166:4
    |
166 | fn raycast_to_outer_boundary(
    |    ^^^^^^^^^^^^^^^^^^^^^^^^^

warning: function `compute_ray_edge_intersection` is never used
   --> crates/forge-kernel/src/operations/boolean/postprocess/hole_splice.rs:246:4
    |
246 | fn compute_ray_edge_intersection(
    |    ^^^^^^^^^^^^^^^^^^^^^^^^^^^^^

warning: function `pick_closer_vertex` is never used
   --> crates/forge-kernel/src/operations/boolean/postprocess/hole_splice.rs:272:4
    |
272 | fn pick_closer_vertex(
    |    ^^^^^^^^^^^^^^^^^^

warning: function `log_splice` is never used
   --> crates/forge-kernel/src/operations/boolean/postprocess/hole_splice.rs:307:4
    |
307 | fn log_splice(count: usize, delta: Topolog...
    |    ^^^^^^^^^^

warning: unused variable: `sp`
   --> crates/forge-kernel/src/operations/boolean/brutality/integrity.rs:227:26
    |
227 | ...t, sg, tt, tg, sp, tp) = split_result.i...
    |                   ^^ help: if this is intentional, prefix it with an underscore: `_sp`

warning: unused variable: `tp`
   --> crates/forge-kernel/src/operations/boolean/brutality/integrity.rs:227:30
    |
227 | ...g, tt, tg, sp, tp) = split_result.into_...
    |                   ^^ help: if this is intentional, prefix it with an underscore: `_tp`

warning: unused variable: `e`
   --> crates/forge-kernel/src/operations/boolean/brutality/tier1_manifold.rs:101:13
    |
101 |     let (v, e, f, chi) = euler_audit(arena);
    |             ^ help: if this is intentional, prefix it with an underscore: `_e`

warning: unused variable: `total`
  --> crates/forge-kernel/src/operations/boolean/brutality/mb2_menger_graze.rs:34:9
   |
34 |     let total = subs.len();
   |         ^^^^^ help: if this is intentional, prefix it with an underscore: `_total`

warning: unused variable: `i`
  --> crates/forge-kernel/src/operations/boolean/brutality/mb2_menger_graze.rs:39:10
   |
39 |     for (i, (sub_center, sub_half)) in subs...
   |          ^ help: if this is intentional, prefix it with an underscore: `_i`

warning: unused variable: `e`
  --> crates/forge-kernel/src/operations/boolean/brutality/mb2_menger_graze.rs:56:17
   |
56 |             Err(e) => {
   |                 ^ help: if this is intentional, prefix it with an underscore: `_e`

warning: unused variable: `original_geom`
   --> crates/forge-kernel/src/operations/boolean/brutality/mb5_cancellation_chain.rs:182:25
    |
182 | ...inal_topo, original_geom) = build_cube(...
    |               ^^^^^^^^^^^^^ help: if this is intentional, prefix it with an underscore: `_original_geom`

warning: variable does not need to be mutable
   --> crates/forge-kernel/src/analysis/proof_validation/pv_p0_2_tests.rs:205:9
    |
205 |     let mut build_face_loop = |arena: &mut...
    |         ----^^^^^^^^^^^^^^^
    |         |
    |         help: remove this `mut`

warning: unused variable: `target`
   --> crates/forge-kernel/src/analysis/proof_validation/pv_p0_2_tests.rs:224:17
    |
224 |             let target = verts[face_verts[...
    |                 ^^^^^^ help: if this is intentional, prefix it with an underscore: `_target`

warning: unused variable: `top_inner_loop`
   --> crates/forge-kernel/src/analysis/proof_validation/pv_p0_2_tests.rs:257:9
    |
257 |     let top_inner_loop = {
    |         ^^^^^^^^^^^^^^ help: if this is intentional, prefix it with an underscore: `_top_inner_loop`

warning: unused variable: `bot_inner_loop`
   --> crates/forge-kernel/src/analysis/proof_validation/pv_p0_2_tests.rs:287:9
    |
287 |     let bot_inner_loop = {
    |         ^^^^^^^^^^^^^^ help: if this is intentional, prefix it with an underscore: `_bot_inner_loop`

warning: unused variable: `v`
   --> crates/forge-kernel/src/analysis/proof_validation/pv_p2_5_mb_n_tests.rs:320:18
    |
320 |             let (v, e, f, chi) = euler_aud...
    |                  ^ help: if this is intentional, prefix it with an underscore: `_v`

warning: unused variable: `e`
   --> crates/forge-kernel/src/analysis/proof_validation/pv_p2_5_mb_n_tests.rs:320:21
    |
320 | ...       let (v, e, f, chi) = euler_audit...
    |                   ^ help: if this is intentional, prefix it with an underscore: `_e`

warning: unused variable: `original_sign`
   --> crates/forge-kernel/src/analysis/proof_validation/pv_p2_5_mb_n_tests.rs:349:9
    |
349 |     let original_sign = TriSign::Pos;
    |         ^^^^^^^^^^^^^ help: if this is intentional, prefix it with an underscore: `_original_sign`

warning: `forge-kernel` (lib) generated 46 warnings (1 duplicate) (run `cargo fix --lib -p forge-kernel` to apply 20 suggestions)
warning: `forge-kernel` (lib test) generated 94 warnings (45 duplicates) (run `cargo fix --lib -p forge-kernel --tests` to apply 49 suggestions)
    Finished `release` profile [optimized] target(s) in 11.15s
     Running unittests src/lib.rs (target/release/deps/forge_kernel-103fabae30e363bd)

running 1 test
[split] BVH pairs: 4, supplemented: 12, target faces with cuts: 5, tool faces with cuts: 4
[provenance] 8 vertices implicit (8 from symbolic planes), 0 fallback
[trace-bsp] Clipping BspPolygon by plane 8:
  [trace-bsp] v0 sign=Neg
  [trace-bsp] v1 sign=Neg
  [trace-bsp] v2 sign=Pos
  [trace-bsp] v3 sign=Pos
  [trace-bsp] has_pos=true, has_neg=true
[trace-bsp] Clipping BspPolygon by plane 7:
  [trace-bsp] v0 sign=Pos
  [trace-bsp] v1 sign=Pos
  [trace-bsp] v2 sign=Neg
  [trace-bsp] v3 sign=Neg
  [trace-bsp] has_pos=true, has_neg=true
[trace-bsp] Clipping BspPolygon by plane 7:
  [trace-bsp] v0 sign=Pos
  [trace-bsp] v1 sign=Pos
  [trace-bsp] v2 sign=Neg
  [trace-bsp] v3 sign=Neg
  [trace-bsp] has_pos=true, has_neg=true
[trace-bsp] Clipping BspPolygon by plane 7:
  [trace-bsp] v0 sign=Pos
  [trace-bsp] v1 sign=Neg
  [trace-bsp] v2 sign=Neg
  [trace-bsp] v3 sign=Pos
  [trace-bsp] has_pos=true, has_neg=true
[trace-bsp] Clipping BspPolygon by plane 8:
  [trace-bsp] v0 sign=Neg
  [trace-bsp] v1 sign=Neg
  [trace-bsp] v2 sign=Pos
  [trace-bsp] v3 sign=Pos
  [trace-bsp] has_pos=true, has_neg=true
[trace-bsp] Clipping BspPolygon by plane 7:
  [trace-bsp] v0 sign=Neg
  [trace-bsp] v1 sign=Neg
  [trace-bsp] v2 sign=Pos
  [trace-bsp] v3 sign=Pos
  [trace-bsp] has_pos=true, has_neg=true
[trace-bsp] Clipping BspPolygon by plane 8:
  [trace-bsp] v0 sign=Pos
  [trace-bsp] v1 sign=Neg
  [trace-bsp] v2 sign=Neg
  [trace-bsp] v3 sign=Pos
  [trace-bsp] has_pos=true, has_neg=true
[cut-diag] Face#5 by plane#7: 1 cut_points found, 1 unique after dedup
  [cut-diag]   resolved[0]: vid=VertexId(9:gen0) pos=[0.500000,2.000000,-2.000000]
[cut-diag] Face#5 by plane#8: 1 cut_points found, 1 unique after dedup
  [cut-diag]   resolved[0]: vid=VertexId(11:gen0) pos=[2.000000,1.000000,-2.000000]
[cut-diag] Face#7 by plane#8: 1 cut_points found, 1 unique after dedup
  [cut-diag]   resolved[0]: vid=VertexId(10:gen0) pos=[0.500000,1.000000,-2.000000]
[cut-diag] Face#6 by plane#7: 1 cut_points found, 1 unique after dedup
  [cut-diag]   resolved[0]: vid=VertexId(8:gen0) pos=[0.500000,-2.000000,-2.000000]
[cut-diag] Face#6 by plane#8: 1 cut_points found, 1 unique after dedup
  [cut-diag]   resolved[0]: vid=VertexId(10:gen0) pos=[0.500000,1.000000,-2.000000]
[cut-diag] Face#8 by plane#8: 1 cut_points found, 1 unique after dedup
  [cut-diag]   resolved[0]: vid=VertexId(12:gen0) pos=[-2.000000,1.000000,-2.000000]
[trace-cut] Face4 Edge vVertexId(3:gen0)->vVertexId(0:gen0): 
  vO pos=[-2.000,-2.000,2.000] sign=Pos
  vD pos=[2.000,-2.000,2.000] sign=Neg
[trace-cut] Face4 Edge vVertexId(0:gen0)->vVertexId(1:gen0): 
  vO pos=[2.000,-2.000,2.000] sign=Neg
  vD pos=[2.000,2.000,2.000] sign=Neg
[trace-cut] Face4 Edge vVertexId(1:gen0)->vVertexId(2:gen0): 
  vO pos=[2.000,2.000,2.000] sign=Neg
  vD pos=[-2.000,2.000,2.000] sign=Pos
[trace-cut] Face4 Edge vVertexId(2:gen0)->vVertexId(3:gen0): 
  vO pos=[-2.000,2.000,2.000] sign=Pos
  vD pos=[-2.000,-2.000,2.000] sign=Pos
[trace-cut] Face4 total cut points found: 2
[trace-cut] Face4 Edge vVertexId(13:gen0)->vVertexId(14:gen0): 
  vO pos=[0.500,-2.000,2.000] sign=Zero
  vD pos=[0.500,2.000,2.000] sign=Zero
[trace-cut] Face4 Edge vVertexId(14:gen0)->vVertexId(2:gen0): 
  vO pos=[0.500,2.000,2.000] sign=Zero
  vD pos=[-2.000,2.000,2.000] sign=Pos
[trace-cut] Face4 Edge vVertexId(2:gen0)->vVertexId(3:gen0): 
  vO pos=[-2.000,2.000,2.000] sign=Pos
  vD pos=[-2.000,-2.000,2.000] sign=Pos
[trace-cut] Face4 Edge vVertexId(3:gen0)->vVertexId(13:gen0): 
  vO pos=[-2.000,-2.000,2.000] sign=Pos
  vD pos=[0.500,-2.000,2.000] sign=Zero
[trace-cut] Face4 total cut points found: 1
[cut-diag] Face#4 by plane#7: 1 cut_points found, 1 unique after dedup
  [cut-diag]   resolved[0]: vid=VertexId(14:gen0) pos=[0.500000,2.000000,2.000000]
[trace-cut] Face4 Edge vVertexId(13:gen0)->vVertexId(14:gen0): 
  vO pos=[0.500,-2.000,2.000] sign=Neg
  vD pos=[0.500,2.000,2.000] sign=Pos
[trace-cut] Face4 Edge vVertexId(14:gen0)->vVertexId(2:gen0): 
  vO pos=[0.500,2.000,2.000] sign=Pos
  vD pos=[-2.000,2.000,2.000] sign=Pos
[trace-cut] Face4 Edge vVertexId(2:gen0)->vVertexId(3:gen0): 
  vO pos=[-2.000,2.000,2.000] sign=Pos
  vD pos=[-2.000,-2.000,2.000] sign=Neg
[trace-cut] Face4 Edge vVertexId(3:gen0)->vVertexId(13:gen0): 
  vO pos=[-2.000,-2.000,2.000] sign=Neg
  vD pos=[0.500,-2.000,2.000] sign=Neg
[trace-cut] Face4 total cut points found: 2
[trace-cut] Face4 Edge vVertexId(16:gen0)->vVertexId(15:gen0): 
  vO pos=[-2.000,1.000,2.000] sign=Zero
  vD pos=[0.500,1.000,2.000] sign=Zero
[trace-cut] Face4 Edge vVertexId(15:gen0)->vVertexId(14:gen0): 
  vO pos=[0.500,1.000,2.000] sign=Zero
  vD pos=[0.500,2.000,2.000] sign=Pos
[trace-cut] Face4 Edge vVertexId(14:gen0)->vVertexId(2:gen0): 
  vO pos=[0.500,2.000,2.000] sign=Pos
  vD pos=[-2.000,2.000,2.000] sign=Pos
[trace-cut] Face4 Edge vVertexId(2:gen0)->vVertexId(16:gen0): 
  vO pos=[-2.000,2.000,2.000] sign=Pos
  vD pos=[-2.000,1.000,2.000] sign=Zero
[trace-cut] Face4 total cut points found: 1
[cut-diag] Face#4 by plane#8: 1 cut_points found, 1 unique after dedup
  [cut-diag]   resolved[0]: vid=VertexId(15:gen0) pos=[0.500000,1.000000,2.000000]
[cut-diag] Face#10 by plane#8: 1 cut_points found, 1 unique after dedup
  [cut-diag]   resolved[0]: vid=VertexId(16:gen0) pos=[-2.000000,1.000000,2.000000]
[cut-diag] Face#9 by plane#7: 1 cut_points found, 1 unique after dedup
  [cut-diag]   resolved[0]: vid=VertexId(13:gen0) pos=[0.500000,-2.000000,2.000000]
[cut-diag] Face#9 by plane#8: 1 cut_points found, 1 unique after dedup
  [cut-diag]   resolved[0]: vid=VertexId(17:gen0) pos=[2.000000,1.000000,2.000000]
[cut-diag] Face#11 by plane#8: 1 cut_points found, 1 unique after dedup
  [cut-diag]   resolved[0]: vid=VertexId(15:gen0) pos=[0.500000,1.000000,2.000000]
[cut-diag] Face#3 by plane#7: 1 cut_points found, 1 unique after dedup
  [cut-diag]   resolved[0]: vid=VertexId(13:gen0) pos=[0.500000,-2.000000,2.000000]
[cut-diag] Face#3 by plane#10: 1 cut_points found, 1 unique after dedup
  [cut-diag]   resolved[0]: vid=VertexId(18:gen0) pos=[0.500000,-2.000000,1.000000]
[cut-diag] Face#13 by plane#10: 1 cut_points found, 1 unique after dedup
  [cut-diag]   resolved[0]: vid=VertexId(19:gen0) pos=[-2.000000,-2.000000,1.000000]
[cut-diag] Face#12 by plane#7: 1 cut_points found, 1 unique after dedup
  [cut-diag]   resolved[0]: vid=VertexId(8:gen0) pos=[0.500000,-2.000000,-2.000000]
[cut-diag] Face#12 by plane#10: 1 cut_points found, 1 unique after dedup
  [cut-diag]   resolved[0]: vid=VertexId(20:gen0) pos=[2.000000,-2.000000,1.000000]
[cut-diag] Face#14 by plane#10: 1 cut_points found, 1 unique after dedup
  [cut-diag]   resolved[0]: vid=VertexId(18:gen0) pos=[0.500000,-2.000000,1.000000]
[cut-diag] Face#2 by plane#7: 1 cut_points found, 1 unique after dedup
  [cut-diag]   resolved[0]: vid=VertexId(9:gen0) pos=[0.500000,2.000000,-2.000000]
[cut-diag] Face#2 by plane#10: 1 cut_points found, 1 unique after dedup
  [cut-diag]   resolved[0]: vid=VertexId(21:gen0) pos=[0.500000,2.000000,1.000000]
[cut-diag] Face#16 by plane#10: 1 cut_points found, 1 unique after dedup
  [cut-diag]   resolved[0]: vid=VertexId(22:gen0) pos=[-2.000000,2.000000,1.000000]
[cut-diag] Face#15 by plane#7: 1 cut_points found, 1 unique after dedup
  [cut-diag]   resolved[0]: vid=VertexId(14:gen0) pos=[0.500000,2.000000,2.000000]
[cut-diag] Face#15 by plane#10: 1 cut_points found, 1 unique after dedup
  [cut-diag]   resolved[0]: vid=VertexId(23:gen0) pos=[2.000000,2.000000,1.000000]
[cut-diag] Face#17 by plane#10: 1 cut_points found, 1 unique after dedup
  [cut-diag]   resolved[0]: vid=VertexId(21:gen0) pos=[0.500000,2.000000,1.000000]
[cut-diag] Face#0 by plane#8: 1 cut_points found, 1 unique after dedup
  [cut-diag]   resolved[0]: vid=VertexId(17:gen0) pos=[2.000000,1.000000,2.000000]
[cut-diag] Face#0 by plane#10: 1 cut_points found, 1 unique after dedup
  [cut-diag]   resolved[0]: vid=VertexId(20:gen0) pos=[2.000000,-2.000000,1.000000]
[cut-diag] Face#19 by plane#10: 1 cut_points found, 1 unique after dedup
  [cut-diag]   resolved[0]: vid=VertexId(24:gen0) pos=[2.000000,1.000000,1.000000]
[cut-diag] Face#18 by plane#8: 1 cut_points found, 1 unique after dedup
  [cut-diag]   resolved[0]: vid=VertexId(11:gen0) pos=[2.000000,1.000000,-2.000000]
[cut-diag] Face#18 by plane#10: 1 cut_points found, 1 unique after dedup
  [cut-diag]   resolved[0]: vid=VertexId(23:gen0) pos=[2.000000,2.000000,1.000000]
[cut-diag] Face#20 by plane#10: 1 cut_points found, 1 unique after dedup
  [cut-diag]   resolved[0]: vid=VertexId(24:gen0) pos=[2.000000,1.000000,1.000000]
[cut-diag] Face#5 by plane#8: 1 cut_points found, 1 unique after dedup
  [cut-diag]   resolved[0]: vid=VertexId(11:gen0) pos=[2.000000,1.000000,-2.000000]
[cut-diag] Face#7 by plane#8: 1 cut_points found, 1 unique after dedup
  [cut-diag]   resolved[0]: vid=VertexId(10:gen0) pos=[0.500000,1.000000,-2.000000]
[cut-diag] Face#6 by plane#8: 1 cut_points found, 1 unique after dedup
  [cut-diag]   resolved[0]: vid=VertexId(10:gen0) pos=[0.500000,1.000000,-2.000000]
[cut-diag] Face#8 by plane#8: 1 cut_points found, 1 unique after dedup
  [cut-diag]   resolved[0]: vid=VertexId(12:gen0) pos=[-2.000000,1.000000,-2.000000]
[trace-cut] Face4 Edge vVertexId(16:gen0)->vVertexId(15:gen0): 
  vO pos=[-2.000,1.000,2.000] sign=Zero
  vD pos=[0.500,1.000,2.000] sign=Zero
[trace-cut] Face4 Edge vVertexId(15:gen0)->vVertexId(14:gen0): 
  vO pos=[0.500,1.000,2.000] sign=Zero
  vD pos=[0.500,2.000,2.000] sign=Pos
[trace-cut] Face4 Edge vVertexId(14:gen0)->vVertexId(2:gen0): 
  vO pos=[0.500,2.000,2.000] sign=Pos
  vD pos=[-2.000,2.000,2.000] sign=Pos
[trace-cut] Face4 Edge vVertexId(2:gen0)->vVertexId(16:gen0): 
  vO pos=[-2.000,2.000,2.000] sign=Pos
  vD pos=[-2.000,1.000,2.000] sign=Zero
[trace-cut] Face4 total cut points found: 1
[cut-diag] Face#4 by plane#8: 1 cut_points found, 1 unique after dedup
  [cut-diag]   resolved[0]: vid=VertexId(15:gen0) pos=[0.500000,1.000000,2.000000]
[cut-diag] Face#10 by plane#8: 1 cut_points found, 1 unique after dedup
  [cut-diag]   resolved[0]: vid=VertexId(16:gen0) pos=[-2.000000,1.000000,2.000000]
[cut-diag] Face#9 by plane#8: 1 cut_points found, 1 unique after dedup
  [cut-diag]   resolved[0]: vid=VertexId(17:gen0) pos=[2.000000,1.000000,2.000000]
[cut-diag] Face#11 by plane#8: 1 cut_points found, 1 unique after dedup
  [cut-diag]   resolved[0]: vid=VertexId(15:gen0) pos=[0.500000,1.000000,2.000000]
[cut-diag] Face#3 by plane#10: 1 cut_points found, 1 unique after dedup
  [cut-diag]   resolved[0]: vid=VertexId(18:gen0) pos=[0.500000,-2.000000,1.000000]
[cut-diag] Face#13 by plane#10: 1 cut_points found, 1 unique after dedup
  [cut-diag]   resolved[0]: vid=VertexId(19:gen0) pos=[-2.000000,-2.000000,1.000000]
[cut-diag] Face#12 by plane#10: 1 cut_points found, 1 unique after dedup
  [cut-diag]   resolved[0]: vid=VertexId(20:gen0) pos=[2.000000,-2.000000,1.000000]
[cut-diag] Face#14 by plane#10: 1 cut_points found, 1 unique after dedup
  [cut-diag]   resolved[0]: vid=VertexId(18:gen0) pos=[0.500000,-2.000000,1.000000]
[cut-diag] Face#2 by plane#10: 1 cut_points found, 1 unique after dedup
  [cut-diag]   resolved[0]: vid=VertexId(21:gen0) pos=[0.500000,2.000000,1.000000]
[cut-diag] Face#16 by plane#10: 1 cut_points found, 1 unique after dedup
  [cut-diag]   resolved[0]: vid=VertexId(22:gen0) pos=[-2.000000,2.000000,1.000000]
[cut-diag] Face#15 by plane#10: 1 cut_points found, 1 unique after dedup
  [cut-diag]   resolved[0]: vid=VertexId(23:gen0) pos=[2.000000,2.000000,1.000000]
[cut-diag] Face#17 by plane#10: 1 cut_points found, 1 unique after dedup
  [cut-diag]   resolved[0]: vid=VertexId(21:gen0) pos=[0.500000,2.000000,1.000000]
[cut-diag] Face#0 by plane#10: 1 cut_points found, 1 unique after dedup
  [cut-diag]   resolved[0]: vid=VertexId(20:gen0) pos=[2.000000,-2.000000,1.000000]
[cut-diag] Face#19 by plane#10: 1 cut_points found, 1 unique after dedup
  [cut-diag]   resolved[0]: vid=VertexId(24:gen0) pos=[2.000000,1.000000,1.000000]
[cut-diag] Face#18 by plane#10: 1 cut_points found, 1 unique after dedup
  [cut-diag]   resolved[0]: vid=VertexId(23:gen0) pos=[2.000000,2.000000,1.000000]
[cut-diag] Face#20 by plane#10: 1 cut_points found, 1 unique after dedup
  [cut-diag]   resolved[0]: vid=VertexId(24:gen0) pos=[2.000000,1.000000,1.000000]
[provenance] 8 vertices implicit (8 from symbolic planes), 0 fallback
[trace-bsp] Clipping BspPolygon by plane 0:
  [trace-bsp] v0 sign=Neg
  [trace-bsp] v1 sign=Neg
  [trace-bsp] v2 sign=Pos
  [trace-bsp] v3 sign=Pos
  [trace-bsp] has_pos=true, has_neg=true
[trace-bsp] Clipping BspPolygon by plane 0:
  [trace-bsp] v0 sign=Neg
  [trace-bsp] v1 sign=Neg
  [trace-bsp] v2 sign=Pos
  [trace-bsp] v3 sign=Pos
  [trace-bsp] has_pos=true, has_neg=true
[trace-bsp] Clipping BspPolygon by plane 0:
  [trace-bsp] v0 sign=Neg
  [trace-bsp] v1 sign=Pos
  [trace-bsp] v2 sign=Pos
  [trace-bsp] v3 sign=Neg
  [trace-bsp] has_pos=true, has_neg=true
[trace-bsp] Clipping BspPolygon by plane 0:
  [trace-bsp] v0 sign=Pos
  [trace-bsp] v1 sign=Pos
  [trace-bsp] v2 sign=Neg
  [trace-bsp] v3 sign=Neg
  [trace-bsp] has_pos=true, has_neg=true
[cut-diag] Face#5 by plane#0: 1 cut_points found, 1 unique after dedup
  [cut-diag]   resolved[0]: vid=VertexId(9:gen0) pos=[2.000000,1.000000,-1.000000]
[cut-diag] Face#6 by plane#0: 1 cut_points found, 1 unique after dedup
  [cut-diag]   resolved[0]: vid=VertexId(8:gen0) pos=[2.000000,-1.000000,-1.000000]
[trace-cut] Face4 Edge vVertexId(3:gen0)->vVertexId(0:gen0): 
  vO pos=[0.500,-1.000,1.000] sign=Neg
  vD pos=[2.500,-1.000,1.000] sign=Pos
[trace-cut] Face4 Edge vVertexId(0:gen0)->vVertexId(1:gen0): 
  vO pos=[2.500,-1.000,1.000] sign=Pos
  vD pos=[2.500,1.000,1.000] sign=Pos
[trace-cut] Face4 Edge vVertexId(1:gen0)->vVertexId(2:gen0): 
  vO pos=[2.500,1.000,1.000] sign=Pos
  vD pos=[0.500,1.000,1.000] sign=Neg
[trace-cut] Face4 Edge vVertexId(2:gen0)->vVertexId(3:gen0): 
  vO pos=[0.500,1.000,1.000] sign=Neg
  vD pos=[0.500,-1.000,1.000] sign=Neg
[trace-cut] Face4 total cut points found: 2
[trace-cut] Face4 Edge vVertexId(10:gen0)->vVertexId(11:gen0): 
  vO pos=[2.000,-1.000,1.000] sign=Zero
  vD pos=[2.000,1.000,1.000] sign=Zero
[trace-cut] Face4 Edge vVertexId(11:gen0)->vVertexId(2:gen0): 
  vO pos=[2.000,1.000,1.000] sign=Zero
  vD pos=[0.500,1.000,1.000] sign=Neg
[trace-cut] Face4 Edge vVertexId(2:gen0)->vVertexId(3:gen0): 
  vO pos=[0.500,1.000,1.000] sign=Neg
  vD pos=[0.500,-1.000,1.000] sign=Neg
[trace-cut] Face4 Edge vVertexId(3:gen0)->vVertexId(10:gen0): 
  vO pos=[0.500,-1.000,1.000] sign=Neg
  vD pos=[2.000,-1.000,1.000] sign=Zero
[trace-cut] Face4 total cut points found: 1
[cut-diag] Face#4 by plane#0: 1 cut_points found, 1 unique after dedup
  [cut-diag]   resolved[0]: vid=VertexId(11:gen0) pos=[2.000000,1.000000,1.000000]
[cut-diag] Face#7 by plane#0: 1 cut_points found, 1 unique after dedup
  [cut-diag]   resolved[0]: vid=VertexId(10:gen0) pos=[2.000000,-1.000000,1.000000]
[cut-diag] Face#3 by plane#0: 1 cut_points found, 1 unique after dedup
  [cut-diag]   resolved[0]: vid=VertexId(10:gen0) pos=[2.000000,-1.000000,1.000000]
[cut-diag] Face#8 by plane#0: 1 cut_points found, 1 unique after dedup
  [cut-diag]   resolved[0]: vid=VertexId(8:gen0) pos=[2.000000,-1.000000,-1.000000]
[cut-diag] Face#2 by plane#0: 1 cut_points found, 1 unique after dedup
  [cut-diag]   resolved[0]: vid=VertexId(9:gen0) pos=[2.000000,1.000000,-1.000000]
[cut-diag] Face#9 by plane#0: 1 cut_points found, 1 unique after dedup
  [cut-diag]   resolved[0]: vid=VertexId(11:gen0) pos=[2.000000,1.000000,1.000000]
[cut-diag] Face#5 by plane#0: 1 cut_points found, 1 unique after dedup
  [cut-diag]   resolved[0]: vid=VertexId(9:gen0) pos=[2.000000,1.000000,-1.000000]
[cut-diag] Face#6 by plane#0: 1 cut_points found, 1 unique after dedup
  [cut-diag]   resolved[0]: vid=VertexId(8:gen0) pos=[2.000000,-1.000000,-1.000000]
[trace-cut] Face4 Edge vVertexId(10:gen0)->vVertexId(11:gen0): 
  vO pos=[2.000,-1.000,1.000] sign=Zero
  vD pos=[2.000,1.000,1.000] sign=Zero
[trace-cut] Face4 Edge vVertexId(11:gen0)->vVertexId(2:gen0): 
  vO pos=[2.000,1.000,1.000] sign=Zero
  vD pos=[0.500,1.000,1.000] sign=Neg
[trace-cut] Face4 Edge vVertexId(2:gen0)->vVertexId(3:gen0): 
  vO pos=[0.500,1.000,1.000] sign=Neg
  vD pos=[0.500,-1.000,1.000] sign=Neg
[trace-cut] Face4 Edge vVertexId(3:gen0)->vVertexId(10:gen0): 
  vO pos=[0.500,-1.000,1.000] sign=Neg
  vD pos=[2.000,-1.000,1.000] sign=Zero
[trace-cut] Face4 total cut points found: 1
[cut-diag] Face#4 by plane#0: 1 cut_points found, 1 unique after dedup
  [cut-diag]   resolved[0]: vid=VertexId(11:gen0) pos=[2.000000,1.000000,1.000000]
[cut-diag] Face#7 by plane#0: 1 cut_points found, 1 unique after dedup
  [cut-diag]   resolved[0]: vid=VertexId(10:gen0) pos=[2.000000,-1.000000,1.000000]
[cut-diag] Face#3 by plane#0: 1 cut_points found, 1 unique after dedup
  [cut-diag]   resolved[0]: vid=VertexId(10:gen0) pos=[2.000000,-1.000000,1.000000]
[cut-diag] Face#8 by plane#0: 1 cut_points found, 1 unique after dedup
  [cut-diag]   resolved[0]: vid=VertexId(8:gen0) pos=[2.000000,-1.000000,-1.000000]
[cut-diag] Face#2 by plane#0: 1 cut_points found, 1 unique after dedup
  [cut-diag]   resolved[0]: vid=VertexId(9:gen0) pos=[2.000000,1.000000,-1.000000]
[cut-diag] Face#9 by plane#0: 1 cut_points found, 1 unique after dedup
  [cut-diag]   resolved[0]: vid=VertexId(11:gen0) pos=[2.000000,1.000000,1.000000]
[reconcile] target cut-orphans: 16, tool cut-orphans: 3
[reconcile]   orphan NOT matched: pos=[0.500000,-2.000000,-2.000000] nearest_vtx_dist=1.41e0 nearest_edge_dist=1.41e0
[reconcile]   orphan NOT matched: pos=[0.500000,2.000000,-2.000000] nearest_vtx_dist=1.41e0 nearest_edge_dist=1.41e0
[reconcile]   orphan NOT matched: pos=[0.500000,1.000000,-2.000000] nearest_vtx_dist=1.00e0 nearest_edge_dist=1.00e0
[reconcile]   orphan NOT matched: pos=[2.000000,1.000000,-2.000000] nearest_vtx_dist=1.00e0 nearest_edge_dist=1.00e0
[reconcile]   orphan NOT matched: pos=[-2.000000,1.000000,-2.000000] nearest_vtx_dist=2.69e0 nearest_edge_dist=2.69e0
[reconcile]   orphan NOT matched: pos=[0.500000,-2.000000,2.000000] nearest_vtx_dist=1.41e0 nearest_edge_dist=1.41e0
[reconcile]   orphan NOT matched: pos=[0.500000,2.000000,2.000000] nearest_vtx_dist=1.41e0 nearest_edge_dist=1.41e0
[reconcile]   orphan NOT matched: pos=[0.500000,1.000000,2.000000] nearest_vtx_dist=1.00e0 nearest_edge_dist=1.00e0
[reconcile]   orphan NOT matched: pos=[-2.000000,1.000000,2.000000] nearest_vtx_dist=2.69e0 nearest_edge_dist=2.69e0
[reconcile]   orphan NOT matched: pos=[2.000000,1.000000,2.000000] nearest_vtx_dist=1.00e0 nearest_edge_dist=1.00e0
[reconcile]   orphan NOT matched: pos=[0.500000,-2.000000,1.000000] nearest_vtx_dist=1.00e0 nearest_edge_dist=1.00e0
[reconcile]   orphan NOT matched: pos=[-2.000000,-2.000000,1.000000] nearest_vtx_dist=2.69e0 nearest_edge_dist=2.69e0
[reconcile]   orphan NOT matched: pos=[2.000000,-2.000000,1.000000] nearest_vtx_dist=1.00e0 nearest_edge_dist=1.00e0
[reconcile]   orphan NOT matched: pos=[0.500000,2.000000,1.000000] nearest_vtx_dist=1.00e0 nearest_edge_dist=1.00e0
[reconcile]   orphan NOT matched: pos=[-2.000000,2.000000,1.000000] nearest_vtx_dist=2.69e0 nearest_edge_dist=2.69e0
[reconcile]   orphan NOT matched: pos=[2.000000,2.000000,1.000000] nearest_vtx_dist=1.00e0 nearest_edge_dist=1.00e0
[reconcile]   16 orphans could not be matched to any edge or vertex
[reconcile] injected 0 target orphans into tool
[reconcile]   orphan NOT matched: pos=[2.000000,-1.000000,-1.000000] nearest_vtx_dist=1.41e0 nearest_edge_dist=1.00e0
[reconcile]   1 orphans could not be matched to any edge or vertex
[reconcile]   split edge HE#80 at t=0.3333 → vertex VertexId(25:gen0)
[reconcile]   split edge HE#84 at t=0.6667 → vertex VertexId(26:gen0)
[reconcile] injected 2 tool orphans into target
[pipeline] ❌ ERROR: Topology violation: Halfedge index 21 is missing its twin
[pipeline]   detail: [assemble] 8 halfedges remain unpaired after stitching
  HalfEdge#21 (Face#4)
    [deterministic] PolicyApplied(CoincidentGeometry, default=true) margin=1.00e0 | Degeneracy: Split face #4 by plane #7 -> new face #9
    [deterministic] Exact margin=1.00e0 | Degeneracy: Split face FaceId(4:gen0) by plane 7 → 2 new faces
    [deterministic] Exact margin=1.00e0 | Degeneracy: Face #4 1 resolved vertices after dedup (need >=2) (plane #7)
    [deterministic] PolicyApplied(CoincidentGeometry, default=true) margin=1.00e0 | Degeneracy: Split face #4 by plane #8 -> new face #10
    [deterministic] Exact margin=1.00e0 | Degeneracy: Split face FaceId(4:gen0) by plane 8 → 2 new faces
    [deterministic] Exact margin=1.00e0 | Degeneracy: Face #4 1 resolved vertices after dedup (need >=2) (plane #8)
    [deterministic] Exact margin=1.00e0 | Degeneracy: Face #4 1 resolved vertices after dedup (need >=2) (plane #8)
    [deterministic] PolicyApplied(CoincidentGeometry, default=true) margin=1.00e0 | Degeneracy: Split face #4 by plane #0 -> new face #7
    [deterministic] Exact margin=1.00e0 | Degeneracy: Split face FaceId(4:gen0) by plane 0 → 2 new faces
    [deterministic] Exact margin=1.00e0 | Degeneracy: Face #4 1 resolved vertices after dedup (need >=2) (plane #0)
    [deterministic] Exact margin=1.00e0 | Degeneracy: Face #4 1 resolved vertices after dedup (need >=2) (plane #0)
    [deterministic] Exact margin=1.00e0 | Classification [0.0000, 0.0000, 0.0000] → Target:Face#4 → Outside
    [deterministic] Exact margin=1.00e0 | Classification [0.0000, 0.0000, 0.0000] → Tool:Face#4 → Inside
    [deterministic] Exact margin=1.00e0 | Classification [0.0000, 0.0000, 0.0000] → Select Target:Face#4 Outside for Subtraction → Keep
    [deterministic] Exact margin=1.00e0 | Classification [0.0000, 0.0000, 0.0000] → Select Tool:Face#4 Inside for Subtraction → Keep
  2-ring: 10F 58HE 22V
    Face#0: n=[-1.00,0.00,0.00] d=-2.00
    Face#4: n=[0.00,0.00,-1.00] d=-2.00
    Face#5: n=[0.00,0.00,-1.00] d=-2.00
    Face#6: n=[0.00,0.00,-1.00] d=-2.00
    Face#7: n=[0.00,0.00,-1.00] d=-2.00
    Face#11: n=[0.00,-1.00,0.00] d=-2.00
    Face#12: n=[0.00,-1.00,0.00] d=-2.00
    Face#13: n=[0.00,-1.00,0.00] d=-2.00
    Face#14: n=[0.00,1.00,0.00] d=-2.00
    Face#19: n=[1.00,0.00,0.00] d=-2.00
  HalfEdge#59 (Face#13)
    [deterministic] Exact margin=1.00e0 | Degeneracy: Face #13 1 resolved vertices after dedup (need >=2) (plane #10)
    [deterministic] Exact margin=1.00e0 | Degeneracy: Face #13 1 resolved vertices after dedup (need >=2) (plane #10)
    [deterministic] Exact margin=1.00e0 | Classification [0.0000, 0.0000, 0.0000] → Target:Face#13 → Outside
    [deterministic] Exact margin=1.00e0 | Classification [0.0000, 0.0000, 0.0000] → Select Target:Face#13 Outside for Subtraction → Keep
  2-ring: 10F 59HE 22V
    Face#0: n=[-1.00,0.00,0.00] d=-2.00
    Face#2: n=[0.00,-1.00,0.00] d=-2.00
    Face#4: n=[0.00,0.00,-1.00] d=-2.00
    Face#5: n=[0.00,0.00,-1.00] d=-2.00
    Face#6: n=[0.00,0.00,-1.00] d=-2.00
    Face#10: n=[0.00,0.00,1.00] d=-2.00
    Face#11: n=[0.00,-1.00,0.00] d=-2.00
    Face#12: n=[0.00,-1.00,0.00] d=-2.00
    Face#13: n=[0.00,-1.00,0.00] d=-2.00
    Face#18: n=[1.00,0.00,0.00] d=-2.00
  HalfEdge#80 (Face#18)
    [deterministic] Exact margin=1.00e0 | Degeneracy: Face #18 1 resolved vertices after dedup (need >=2) (plane #8)
    [deterministic] PolicyApplied(CoincidentGeometry, default=true) margin=1.00e0 | Degeneracy: Split face #18 by plane #10 -> new face #20
    [deterministic] Exact margin=1.00e0 | Degeneracy: Split face FaceId(18:gen0) by plane 10 → 2 new faces
    [deterministic] Exact margin=1.00e0 | Degeneracy: Face #18 1 resolved vertices after dedup (need >=2) (plane #10)
    [deterministic] Exact margin=1.00e0 | Degeneracy: Face #18 1 resolved vertices after dedup (need >=2) (plane #10)
    [deterministic] Exact margin=1.00e0 | Classification [0.0000, 0.0000, 0.0000] → Target:Face#18 → Outside
    [deterministic] Exact margin=1.00e0 | Classification [0.0000, 0.0000, 0.0000] → Select Target:Face#18 Outside for Subtraction → Keep
  2-ring: 11F 57HE 22V
    Face#2: n=[0.00,-1.00,0.00] d=-2.00
    Face#8: n=[0.00,0.00,1.00] d=-2.00
    Face#9: n=[0.00,0.00,1.00] d=-2.00
    Face#10: n=[0.00,0.00,1.00] d=-2.00
    Face#11: n=[0.00,-1.00,0.00] d=-2.00
    Face#13: n=[0.00,-1.00,0.00] d=-2.00
    Face#16: n=[0.00,1.00,0.00] d=-2.00
    Face#17: n=[1.00,0.00,0.00] d=-2.00
    Face#18: n=[1.00,0.00,0.00] d=-2.00
    Face#19: n=[1.00,0.00,0.00] d=-2.00
    Face#20: n=[-0.00,-0.00,-1.00] d=1.00
  HalfEdge#82 (Face#19)
    [deterministic] Exact margin=1.00e0 | Degeneracy: Face #19 1 resolved vertices after dedup (need >=2) (plane #10)
    [deterministic] Exact margin=1.00e0 | Degeneracy: Face #19 1 resolved vertices after dedup (need >=2) (plane #10)
    [deterministic] Exact margin=1.00e0 | Classification [0.0000, 0.0000, 0.0000] → Target:Face#19 → Outside
    [deterministic] Exact margin=1.00e0 | Classification [0.0000, 0.0000, 0.0000] → Select Target:Face#19 Outside for Subtraction → Keep
  2-ring: 10F 54HE 20V
    Face#1: n=[0.00,1.00,0.00] d=-2.00
    Face#4: n=[0.00,0.00,-1.00] d=-2.00
    Face#6: n=[0.00,0.00,-1.00] d=-2.00
    Face#7: n=[0.00,0.00,-1.00] d=-2.00
    Face#8: n=[0.00,0.00,1.00] d=-2.00
    Face#14: n=[0.00,1.00,0.00] d=-2.00
    Face#16: n=[0.00,1.00,0.00] d=-2.00
    Face#17: n=[1.00,0.00,0.00] d=-2.00
    Face#18: n=[1.00,0.00,0.00] d=-2.00
    Face#19: n=[1.00,0.00,0.00] d=-2.00
  HalfEdge#83 (Face#19)
    [deterministic] Exact margin=1.00e0 | Degeneracy: Face #19 1 resolved vertices after dedup (need >=2) (plane #10)
    [deterministic] Exact margin=1.00e0 | Degeneracy: Face #19 1 resolved vertices after dedup (need >=2) (plane #10)
    [deterministic] Exact margin=1.00e0 | Classification [0.0000, 0.0000, 0.0000] → Target:Face#19 → Outside
    [deterministic] Exact margin=1.00e0 | Classification [0.0000, 0.0000, 0.0000] → Select Target:Face#19 Outside for Subtraction → Keep
  2-ring: 10F 54HE 20V
    Face#1: n=[0.00,1.00,0.00] d=-2.00
    Face#4: n=[0.00,0.00,-1.00] d=-2.00
    Face#6: n=[0.00,0.00,-1.00] d=-2.00
    Face#7: n=[0.00,0.00,-1.00] d=-2.00
    Face#8: n=[0.00,0.00,1.00] d=-2.00
    Face#14: n=[0.00,1.00,0.00] d=-2.00
    Face#16: n=[0.00,1.00,0.00] d=-2.00
    Face#17: n=[1.00,0.00,0.00] d=-2.00
    Face#18: n=[1.00,0.00,0.00] d=-2.00
    Face#19: n=[1.00,0.00,0.00] d=-2.00
  ... and 3 more

thread 'operations::boolean::brutality::tier1_manifold::euler_poincare_subtraction' (31854221) panicked at crates/forge-kernel/src/operations/boolean/test_helpers.rs:54:9:
Boolean Subtraction failed: TopologyViolation { err: MissingTwin { halfedge_index: 21 }, context: Some(ErrorContext { scope: Global, suggested_fixes: [], detail: "[assemble] 8 halfedges remain unpaired after stitching\n  HalfEdge#21 (Face#4)\n    [deterministic] PolicyApplied(CoincidentGeometry, default=true) margin=1.00e0 | Degeneracy: Split face #4 by plane #7 -> new face #9\n    [deterministic] Exact margin=1.00e0 | Degeneracy: Split face FaceId(4:gen0) by plane 7 → 2 new faces\n    [deterministic] Exact margin=1.00e0 | Degeneracy: Face #4 1 resolved vertices after dedup (need >=2) (plane #7)\n    [deterministic] PolicyApplied(CoincidentGeometry, default=true) margin=1.00e0 | Degeneracy: Split face #4 by plane #8 -> new face #10\n    [deterministic] Exact margin=1.00e0 | Degeneracy: Split face FaceId(4:gen0) by plane 8 → 2 new faces\n    [deterministic] Exact margin=1.00e0 | Degeneracy: Face #4 1 resolved vertices after dedup (need >=2) (plane #8)\n    [deterministic] Exact margin=1.00e0 | Degeneracy: Face #4 1 resolved vertices after dedup (need >=2) (plane #8)\n    [deterministic] PolicyApplied(CoincidentGeometry, default=true) margin=1.00e0 | Degeneracy: Split face #4 by plane #0 -> new face #7\n    [deterministic] Exact margin=1.00e0 | Degeneracy: Split face FaceId(4:gen0) by plane 0 → 2 new faces\n    [deterministic] Exact margin=1.00e0 | Degeneracy: Face #4 1 resolved vertices after dedup (need >=2) (plane #0)\n    [deterministic] Exact margin=1.00e0 | Degeneracy: Face #4 1 resolved vertices after dedup (need >=2) (plane #0)\n    [deterministic] Exact margin=1.00e0 | Classification [0.0000, 0.0000, 0.0000] → Target:Face#4 → Outside\n    [deterministic] Exact margin=1.00e0 | Classification [0.0000, 0.0000, 0.0000] → Tool:Face#4 → Inside\n    [deterministic] Exact margin=1.00e0 | Classification [0.0000, 0.0000, 0.0000] → Select Target:Face#4 Outside for Subtraction → Keep\n    [deterministic] Exact margin=1.00e0 | Classification [0.0000, 0.0000, 0.0000] → Select Tool:Face#4 Inside for Subtraction → Keep\n  2-ring: 10F 58HE 22V\n    Face#0: n=[-1.00,0.00,0.00] d=-2.00\n    Face#4: n=[0.00,0.00,-1.00] d=-2.00\n    Face#5: n=[0.00,0.00,-1.00] d=-2.00\n    Face#6: n=[0.00,0.00,-1.00] d=-2.00\n    Face#7: n=[0.00,0.00,-1.00] d=-2.00\n    Face#11: n=[0.00,-1.00,0.00] d=-2.00\n    Face#12: n=[0.00,-1.00,0.00] d=-2.00\n    Face#13: n=[0.00,-1.00,0.00] d=-2.00\n    Face#14: n=[0.00,1.00,0.00] d=-2.00\n    Face#19: n=[1.00,0.00,0.00] d=-2.00\n  HalfEdge#59 (Face#13)\n    [deterministic] Exact margin=1.00e0 | Degeneracy: Face #13 1 resolved vertices after dedup (need >=2) (plane #10)\n    [deterministic] Exact margin=1.00e0 | Degeneracy: Face #13 1 resolved vertices after dedup (need >=2) (plane #10)\n    [deterministic] Exact margin=1.00e0 | Classification [0.0000, 0.0000, 0.0000] → Target:Face#13 → Outside\n    [deterministic] Exact margin=1.00e0 | Classification [0.0000, 0.0000, 0.0000] → Select Target:Face#13 Outside for Subtraction → Keep\n  2-ring: 10F 59HE 22V\n    Face#0: n=[-1.00,0.00,0.00] d=-2.00\n    Face#2: n=[0.00,-1.00,0.00] d=-2.00\n    Face#4: n=[0.00,0.00,-1.00] d=-2.00\n    Face#5: n=[0.00,0.00,-1.00] d=-2.00\n    Face#6: n=[0.00,0.00,-1.00] d=-2.00\n    Face#10: n=[0.00,0.00,1.00] d=-2.00\n    Face#11: n=[0.00,-1.00,0.00] d=-2.00\n    Face#12: n=[0.00,-1.00,0.00] d=-2.00\n    Face#13: n=[0.00,-1.00,0.00] d=-2.00\n    Face#18: n=[1.00,0.00,0.00] d=-2.00\n  HalfEdge#80 (Face#18)\n    [deterministic] Exact margin=1.00e0 | Degeneracy: Face #18 1 resolved vertices after dedup (need >=2) (plane #8)\n    [deterministic] PolicyApplied(CoincidentGeometry, default=true) margin=1.00e0 | Degeneracy: Split face #18 by plane #10 -> new face #20\n    [deterministic] Exact margin=1.00e0 | Degeneracy: Split face FaceId(18:gen0) by plane 10 → 2 new faces\n    [deterministic] Exact margin=1.00e0 | Degeneracy: Face #18 1 resolved vertices after dedup (need >=2) (plane #10)\n    [deterministic] Exact margin=1.00e0 | Degeneracy: Face #18 1 resolved vertices after dedup (need >=2) (plane #10)\n    [deterministic] Exact margin=1.00e0 | Classification [0.0000, 0.0000, 0.0000] → Target:Face#18 → Outside\n    [deterministic] Exact margin=1.00e0 | Classification [0.0000, 0.0000, 0.0000] → Select Target:Face#18 Outside for Subtraction → Keep\n  2-ring: 11F 57HE 22V\n    Face#2: n=[0.00,-1.00,0.00] d=-2.00\n    Face#8: n=[0.00,0.00,1.00] d=-2.00\n    Face#9: n=[0.00,0.00,1.00] d=-2.00\n    Face#10: n=[0.00,0.00,1.00] d=-2.00\n    Face#11: n=[0.00,-1.00,0.00] d=-2.00\n    Face#13: n=[0.00,-1.00,0.00] d=-2.00\n    Face#16: n=[0.00,1.00,0.00] d=-2.00\n    Face#17: n=[1.00,0.00,0.00] d=-2.00\n    Face#18: n=[1.00,0.00,0.00] d=-2.00\n    Face#19: n=[1.00,0.00,0.00] d=-2.00\n    Face#20: n=[-0.00,-0.00,-1.00] d=1.00\n  HalfEdge#82 (Face#19)\n    [deterministic] Exact margin=1.00e0 | Degeneracy: Face #19 1 resolved vertices after dedup (need >=2) (plane #10)\n    [deterministic] Exact margin=1.00e0 | Degeneracy: Face #19 1 resolved vertices after dedup (need >=2) (plane #10)\n    [deterministic] Exact margin=1.00e0 | Classification [0.0000, 0.0000, 0.0000] → Target:Face#19 → Outside\n    [deterministic] Exact margin=1.00e0 | Classification [0.0000, 0.0000, 0.0000] → Select Target:Face#19 Outside for Subtraction → Keep\n  2-ring: 10F 54HE 20V\n    Face#1: n=[0.00,1.00,0.00] d=-2.00\n    Face#4: n=[0.00,0.00,-1.00] d=-2.00\n    Face#6: n=[0.00,0.00,-1.00] d=-2.00\n    Face#7: n=[0.00,0.00,-1.00] d=-2.00\n    Face#8: n=[0.00,0.00,1.00] d=-2.00\n    Face#14: n=[0.00,1.00,0.00] d=-2.00\n    Face#16: n=[0.00,1.00,0.00] d=-2.00\n    Face#17: n=[1.00,0.00,0.00] d=-2.00\n    Face#18: n=[1.00,0.00,0.00] d=-2.00\n    Face#19: n=[1.00,0.00,0.00] d=-2.00\n  HalfEdge#83 (Face#19)\n    [deterministic] Exact margin=1.00e0 | Degeneracy: Face #19 1 resolved vertices after dedup (need >=2) (plane #10)\n    [deterministic] Exact margin=1.00e0 | Degeneracy: Face #19 1 resolved vertices after dedup (need >=2) (plane #10)\n    [deterministic] Exact margin=1.00e0 | Classification [0.0000, 0.0000, 0.0000] → Target:Face#19 → Outside\n    [deterministic] Exact margin=1.00e0 | Classification [0.0000, 0.0000, 0.0000] → Select Target:Face#19 Outside for Subtraction → Keep\n  2-ring: 10F 54HE 20V\n    Face#1: n=[0.00,1.00,0.00] d=-2.00\n    Face#4: n=[0.00,0.00,-1.00] d=-2.00\n    Face#6: n=[0.00,0.00,-1.00] d=-2.00\n    Face#7: n=[0.00,0.00,-1.00] d=-2.00\n    Face#8: n=[0.00,0.00,1.00] d=-2.00\n    Face#14: n=[0.00,1.00,0.00] d=-2.00\n    Face#16: n=[0.00,1.00,0.00] d=-2.00\n    Face#17: n=[1.00,0.00,0.00] d=-2.00\n    Face#18: n=[1.00,0.00,0.00] d=-2.00\n    Face#19: n=[1.00,0.00,0.00] d=-2.00\n  ... and 3 more" }) }
stack backtrace:
   0: __rustc::rust_begin_unwind
   1: core::panicking::panic_fmt
   2: forge_kernel::operations::boolean::test_helpers::run_boolean::{{closure}}
   3: forge_kernel::operations::boolean::test_helpers::run_boolean
   4: forge_kernel::operations::boolean::brutality::tier1_manifold::euler_poincare_subtraction
   5: core::ops::function::FnOnce::call_once
note: Some details are omitted, run with `RUST_BACKTRACE=full` for a verbose backtrace.
test operations::boolean::brutality::tier1_manifold::euler_poincare_subtraction ... FAILED

failures:

failures:
    operations::boolean::brutality::tier1_manifold::euler_poincare_subtraction

test result: FAILED. 0 passed; 1 failed; 0 ignored; 0 measured; 278 filtered out; finished in 0.01s

error: test failed, to rerun pass `-p forge-kernel --lib`
