warning: unused import: `std::convert::TryFrom`
  --> crates/forge-geom/src/primitives/implicit_vertex.rs:72:5
   |
72 | use std::convert::TryFrom;
   |     ^^^^^^^^^^^^^^^^^^^^^
   |
   = note: `#[warn(unused_imports)]` (part of `#[warn(unused)]`) on by default

warning: unused import: `signed_distance`
  --> crates/forge-geom/src/primitives/implicit_vertex.rs:74:39
   |
74 | use crate::primitives::plane::{Plane, signed_distance, intersect_three_planes};
   |                                       ^^^^^^^^^^^^^^^

warning: field `cell_size` is never read
  --> crates/forge-geom/src/spatial/edge_match.rs:56:5
   |
55 | pub struct EdgeMatcher {
   |            ----------- field in this struct
56 |     cell_size: f64,
   |     ^^^^^^^^^
   |
   = note: `#[warn(dead_code)]` (part of `#[warn(unused)]`) on by default

warning: `forge-geom` (lib) generated 3 warnings (run `cargo fix --lib -p forge-geom` to apply 2 suggestions)
warning: unused doc comment
   --> crates/forge-topo/src/topology/handles.rs:98:1
    |
 98 | / /// Opaque cross-crate reference to a curve in `forge-geom::CurveGeom`.
 99 | | ///
100 | | /// This handle is stored in `EdgeData.curve` so that the topology arena can
101 | | /// hold a typed reference to edge-curve geometry without owning or inspecting
...   |
105 | | /// During Phase 1–2 (planar-only), this is always `None`. Phase 4+ populates
106 | | /// it when curved surfaces are introduced.
    | |_------------------------------------------^
    |   |
    |   rustdoc does not generate documentation for macro invocations
    |
    = help: to document an item produced by a macro, the macro must produce the documentation as part of its expansion
    = note: `#[warn(unused_doc_comments)]` (part of `#[warn(unused)]`) on by default

warning: unused doc comment
   --> crates/forge-topo/src/topology/handles.rs:109:1
    |
109 | / /// Opaque cross-crate reference to a surface in `forge-geom::SurfaceData`.
110 | | ///
111 | | /// Stored in `FaceData.surface` so that the topology arena can hold a typed
112 | | /// reference to face-surface geometry without owning any `f64` values
...   |
117 | | /// by face-plane association in the `GeometryStore`. `Some` for curved
118 | | /// surfaces (cylinders, cones, spheres, tori, NURBS).
    | |_-----------------------------------------------------^
    |   |
    |   rustdoc does not generate documentation for macro invocations
    |
    = help: to document an item produced by a macro, the macro must produce the documentation as part of its expansion

warning: unused doc comment
   --> crates/forge-topo/src/topology/handles.rs:121:1
    |
121 | / /// Opaque cross-crate reference to a coedge (UV trim curve) in
122 | | /// `forge-geom::Coedge`.
123 | | ///
124 | | /// Stored in `HalfEdgeData.coedge` so that each directed use of an edge
...   |
129 | | ///
130 | | /// `None` for planar halfedges (the coedge is a trivial straight line in UV).
    | |_-----------------------------------------------------------------------------^
    |   |
    |   rustdoc does not generate documentation for macro invocations
    |
    = help: to document an item produced by a macro, the macro must produce the documentation as part of its expansion

warning: unused import: `HalfEdgeId`
  --> crates/forge-topo/src/topology/attributes.rs:16:30
   |
16 | use crate::handles::{FaceId, HalfEdgeId, VertexId, EdgeId, ShellId};
   |                              ^^^^^^^^^^
   |
   = note: `#[warn(unused_imports)]` (part of `#[warn(unused)]`) on by default

warning: unused import: `ShellOrientation`
  --> crates/forge-topo/src/topology/operations/euler/make_vertex_face.rs:15:130
   |
15 | ...Data, BodyData, LumpData, RegionData, EdgeData, ShellKind, ShellOrientation};
   |                                                               ^^^^^^^^^^^^^^^^

warning: unused imports: `EdgeData` and `HalfEdgeData`
  --> crates/forge-topo/src/topology/operations/euler/kill_edge_vertex.rs:15:20
   |
15 | use crate::arena::{HalfEdgeData, EdgeData};
   |                    ^^^^^^^^^^^^  ^^^^^^^^

warning: unused import: `EdgeId`
  --> crates/forge-topo/src/topology/operations/euler/kill_edge_vertex.rs:16:34
   |
16 | use crate::handles::{HalfEdgeId, EdgeId};
   |                                  ^^^^^^

warning: unused import: `TopologyError`
  --> crates/forge-topo/src/topology/operations/euler/kill_edge_make_loop.rs:16:31
   |
16 | use forge_core::{KernelError, TopologyError};
   |                               ^^^^^^^^^^^^^

warning: unused imports: `EdgeId` and `VertexId`
  --> crates/forge-topo/src/topology/queries/classify.rs:28:30
   |
28 | use crate::handles::{FaceId, VertexId, EdgeId};
   |                              ^^^^^^^^  ^^^^^^

warning: unused import: `OpSignature`
  --> crates/forge-topo/src/topology/history/lineage_store.rs:20:63
   |
20 | use super::lineage::{Lineage, LineageEntityRef, LineageEvent, OpSignature};
   |                                                               ^^^^^^^^^^^

warning: variable does not need to be mutable
   --> crates/forge-topo/src/arena/eval.rs:199:51
    |
199 |     pub fn insert_loop(&mut self, data: LoopData, mut ls: Option<&mut LineageStore>) -> LoopId {
    |                                                   ----^^
    |                                                   |
    |                                                   help: remove this `mut`
    |
    = note: `#[warn(unused_mut)]` (part of `#[warn(unused)]`) on by default

warning: unused variable: `ls`
   --> crates/forge-topo/src/arena/eval.rs:199:51
    |
199 |     pub fn insert_loop(&mut self, data: LoopData, mut ls: Option<&mut LineageStore>) -> LoopId {
    |                                                   ^^^^^^ help: if this is intentional, prefix it with an underscore: `_ls`
    |
    = note: `#[warn(unused_variables)]` (part of `#[warn(unused)]`) on by default

warning: variable does not need to be mutable
   --> crates/forge-topo/src/arena/eval.rs:494:47
    |
494 |     pub fn remove_loop(&mut self, id: LoopId, mut ls: Option<&mut LineageStore>) -> Result<LoopData, KernelError> {
    |                                               ----^^
    |                                               |
    |                                               help: remove this `mut`

warning: unused variable: `ls`
   --> crates/forge-topo/src/arena/eval.rs:494:47
    |
494 |     pub fn remove_loop(&mut self, id: LoopId, mut ls: Option<&mut LineageStore>) -> Result<LoopData, KernelError> {
    |                                               ^^^^^^ help: if this is intentional, prefix it with an underscore: `_ls`

warning: unused variable: `sig`
  --> crates/forge-topo/src/topology/operations/euler/kill_edge_make_loop.rs:47:49
   |
47 |     fn execute(&self, draft: &mut MutableDraft, sig: &OpSignature) -> Result<ExecutionResult<Self::Output>, KernelError> {
   |                                                 ^^^ help: if this is intentional, prefix it with an underscore: `_sig`

warning: unused variable: `loop_lineage`
  --> crates/forge-topo/src/topology/operations/euler/make_face_from_vertices.rs:70:13
   |
70 | ...   let loop_lineage = Lineage::root(1, sig.clone()); // Assuming loops don't need explicit lineage tracking right now, but keeping par...
   |           ^^^^^^^^^^^^ help: if this is intentional, prefix it with an underscore: `_loop_lineage`

warning: unused variable: `loop_lineage`
  --> crates/forge-topo/src/topology/operations/euler/make_face_in_shell_from_vertices.rs:85:13
   |
85 |         let loop_lineage = Lineage::root(1, sig.clone());
   |             ^^^^^^^^^^^^ help: if this is intentional, prefix it with an underscore: `_loop_lineage`

warning: associated function `new` is never used
   --> crates/forge-topo/src/topology/handles.rs:55:27
    |
 53 |         impl $name {
    |         ---------- associated function in this implementation
 54 |             /// Create a handle. Arena-internal only.
 55 |             pub(crate) fn new(index: u32, generation: u32) -> Self {
    |                           ^^^
...
107 | define_handle!(CurveRef);
    | ------------------------ in this macro invocation
    |
    = note: `#[warn(dead_code)]` (part of `#[warn(unused)]`) on by default
    = note: this warning originates in the macro `define_handle` (in Nightly builds, run with -Z macro-backtrace for more info)

warning: associated function `new` is never used
   --> crates/forge-topo/src/topology/handles.rs:55:27
    |
 53 |         impl $name {
    |         ---------- associated function in this implementation
 54 |             /// Create a handle. Arena-internal only.
 55 |             pub(crate) fn new(index: u32, generation: u32) -> Self {
    |                           ^^^
...
119 | define_handle!(SurfaceRef);
    | -------------------------- in this macro invocation
    |
    = note: this warning originates in the macro `define_handle` (in Nightly builds, run with -Z macro-backtrace for more info)

warning: associated function `new` is never used
   --> crates/forge-topo/src/topology/handles.rs:55:27
    |
 53 |         impl $name {
    |         ---------- associated function in this implementation
 54 |             /// Create a handle. Arena-internal only.
 55 |             pub(crate) fn new(index: u32, generation: u32) -> Self {
    |                           ^^^
...
131 | define_handle!(CoedgeRef);
    | ------------------------- in this macro invocation
    |
    = note: this warning originates in the macro `define_handle` (in Nightly builds, run with -Z macro-backtrace for more info)

warning: fields `arena` and `vertex` are never read
   --> crates/forge-topo/src/topology/queries/traverse.rs:253:5
    |
252 | pub struct VertexRingIterator<'a> {
    |            ------------------ fields in this struct
253 |     arena: &'a TopologyArena,
    |     ^^^^^
254 |     vertex: VertexId,
    |     ^^^^^^

warning: `forge-topo` (lib) generated 21 warnings (run `cargo fix --lib -p forge-topo` to apply 14 suggestions)
    Checking forge-kernel v0.1.0 (/Users/spenstar/Documents/programming/Forge/crates/forge-kernel)
error[E0433]: failed to resolve: could not find `override_types` in `config`
  --> crates/forge-kernel/src/features/pipeline/contract.rs:33:63
   |
33 |     fn config_overrides(&self) -> Option<crate::core::config::override_types::ConfigOverride> {
   |                                                               ^^^^^^^^^^^^^^ could not find `override_types` in `config`

warning: unused import: `KernelError`
 --> crates/forge-kernel/src/core/context/schema.rs:9:18
  |
9 |     DecisionLog, KernelError, PolicyKind,
  |                  ^^^^^^^^^^^
  |
  = note: `#[warn(unused_imports)]` (part of `#[warn(unused)]`) on by default

warning: unused import: `DecisionId`
 --> crates/forge-kernel/src/core/context/sub_operations.rs:6:31
  |
6 | use forge_core::{DecisionLog, DecisionId};
  |                               ^^^^^^^^^^

warning: unused import: `DecisionKind`
 --> crates/forge-kernel/src/core/tracing/span.rs:8:47
  |
8 | use forge_core::{DecisionLog, TracedDecision, DecisionKind, OperationMetrics};
  |                                               ^^^^^^^^^^^^

warning: unused import: `TopologyState`
  --> crates/forge-kernel/src/core/brep_workspace.rs:11:25
   |
11 | use forge_topo::state::{TopologyState, MutableDraft};
   |                         ^^^^^^^^^^^^^

warning: unused import: `GeometryState`
  --> crates/forge-kernel/src/core/brep_workspace.rs:14:29
   |
14 | use crate::geometry_state::{GeometryState, GeometryPatch};
   |                             ^^^^^^^^^^^^^

warning: unused import: `crate::core::ModelingContext`
  --> crates/forge-kernel/src/features/traits.rs:12:5
   |
12 | use crate::core::ModelingContext;
   |     ^^^^^^^^^^^^^^^^^^^^^^^^^^^^

warning: unused import: `std::sync::Arc`
 --> crates/forge-kernel/src/features/wrappers.rs:4:5
  |
4 | use std::sync::Arc;
  |     ^^^^^^^^^^^^^^

warning: unused import: `forge_core::DecisionLog`
 --> crates/forge-kernel/src/features/wrappers.rs:9:5
  |
9 | use forge_core::DecisionLog;
  |     ^^^^^^^^^^^^^^^^^^^^^^^

warning: unused import: `forge_topo::replay::ReplayLog`
  --> crates/forge-kernel/src/features/wrappers.rs:11:5
   |
11 | use forge_topo::replay::ReplayLog;
   |     ^^^^^^^^^^^^^^^^^^^^^^^^^^^^^

warning: unused import: `crate::core::ModelingContext`
  --> crates/forge-kernel/src/features/wrappers.rs:14:5
   |
14 | use crate::core::ModelingContext;
   |     ^^^^^^^^^^^^^^^^^^^^^^^^^^^^

warning: unused import: `CurveRef`
  --> crates/forge-kernel/src/geometry_state/split_propagation.rs:15:35
   |
15 | use forge_topo::handles::{EdgeId, CurveRef};
   |                                   ^^^^^^^^

warning: unused imports: `Deserialize` and `Serialize`
 --> crates/forge-kernel/src/geometry_state/patch.rs:1:13
  |
1 | use serde::{Serialize, Deserialize};
  |             ^^^^^^^^^  ^^^^^^^^^^^

warning: unused import: `SplitConfig`
  --> crates/forge-kernel/src/operations/boolean/split/mod.rs:25:36
   |
25 | pub use schema::{SplitPhaseResult, SplitConfig};
   |                                    ^^^^^^^^^^^

warning: unused import: `forge_topo::state::TopologyState`
  --> crates/forge-kernel/src/operations/boolean/postprocess/coplanar.rs:13:5
   |
13 | use forge_topo::state::TopologyState;
   |     ^^^^^^^^^^^^^^^^^^^^^^^^^^^^^^^^

warning: unused import: `GeometryPatch`
  --> crates/forge-kernel/src/operations/boolean/postprocess/coplanar.rs:20:44
   |
20 | use crate::geometry_state::{GeometryState, GeometryPatch};
   |                                            ^^^^^^^^^^^^^

warning: unused import: `forge_topo::state::TopologyState`
  --> crates/forge-kernel/src/operations/boolean/postprocess/polygon_extract.rs:19:5
   |
19 | use forge_topo::state::TopologyState;
   |     ^^^^^^^^^^^^^^^^^^^^^^^^^^^^^^^^

warning: unused import: `KernelState`
  --> crates/forge-kernel/src/operations/boolean/postprocess/polygon_extract.rs:21:75
   |
21 | use crate::core::{ModelingContext, ArenaSnapshot, compute_topology_delta, KernelState, KernelDraft};
   |                                                                           ^^^^^^^^^^^

warning: unused import: `forge_topo::state::TopologyState`
  --> crates/forge-kernel/src/operations/boolean/postprocess/vertex.rs:11:5
   |
11 | use forge_topo::state::TopologyState;
   |     ^^^^^^^^^^^^^^^^^^^^^^^^^^^^^^^^

warning: unused imports: `CurvedMergePlan`, `CurvedMergeResult`, and `CurvedMergeSelection`
  --> crates/forge-kernel/src/operations/boolean/postprocess/curved_merge/mod.rs:23:18
   |
23 | pub use schema::{CurvedMergeSelection, CurvedMergePlan, CurvedMergeResult};
   |                  ^^^^^^^^^^^^^^^^^^^^  ^^^^^^^^^^^^^^^  ^^^^^^^^^^^^^^^^^

warning: unused import: `eval::execute_curved_merge`
  --> crates/forge-kernel/src/operations/boolean/postprocess/curved_merge/mod.rs:24:9
   |
24 | pub use eval::execute_curved_merge;
   |         ^^^^^^^^^^^^^^^^^^^^^^^^^^

warning: unused import: `hole_splice::splice_inner_holes`
  --> crates/forge-kernel/src/operations/boolean/postprocess/mod.rs:23:9
   |
23 | pub use hole_splice::splice_inner_holes;
   |         ^^^^^^^^^^^^^^^^^^^^^^^^^^^^^^^

warning: unused imports: `EdgeData`, `HalfEdgeData`, and `LoopData`
  --> crates/forge-kernel/src/operations/boolean/assemble/copy.rs:16:67
   |
16 | use forge_topo::arena::{BodyData, LumpData, RegionData, FaceData, HalfEdgeData, LoopData, VertexData, ShellData, EdgeData};
   |                                                                   ^^^^^^^^^^^^  ^^^^^^^^                         ^^^^^^^^

warning: unused import: `EdgeId`
  --> crates/forge-kernel/src/operations/boolean/assemble/copy.rs:17:92
   |
17 | use forge_topo::handles::{BodyId, RegionId, FaceId, VertexId, HalfEdgeId, LoopId, ShellId, EdgeId};
   |                                                                                            ^^^^^^

warning: unused import: `EntityRef`
  --> crates/forge-kernel/src/operations/boolean/assemble/disjoint/assemble.rs:14:104
   |
14 | use forge_core::{KernelError, TracedDecision, DecisionId, DecisionKind, DecisionTier, DecisionContext, EntityRef};
   |                                                                                                        ^^^^^^^^^

warning: unused imports: `HalfEdgeId` and `VertexId`
  --> crates/forge-kernel/src/operations/boolean/assemble/merge/eval.rs:15:35
   |
15 | use forge_topo::handles::{FaceId, HalfEdgeId, VertexId};
   |                                   ^^^^^^^^^^  ^^^^^^^^

warning: unused import: `crate::operations::boolean::eval::VertexMatchKey`
  --> crates/forge-kernel/src/operations/boolean/assemble/merge/eval.rs:28:5
   |
28 | use crate::operations::boolean::eval::VertexMatchKey;
   |     ^^^^^^^^^^^^^^^^^^^^^^^^^^^^^^^^^^^^^^^^^^^^^^^^

warning: unused imports: `assemble_result` and `compute_characteristic_scale`
  --> crates/forge-kernel/src/operations/boolean/assemble/merge/eval.rs:34:23
   |
34 | use super::assemble::{assemble_result, compute_characteristic_scale};
   |                       ^^^^^^^^^^^^^^^  ^^^^^^^^^^^^^^^^^^^^^^^^^^^^

warning: unnecessary parentheses around method argument
   --> crates/forge-kernel/src/operations/ember_boolean/mesh.rs:161:9
    |
161 |         (total_verts as f64 - total_edges as f64 + total_faces as f64),
    |         ^                                                            ^
    |
    = note: `#[warn(unused_parens)]` (part of `#[warn(unused)]`) on by default
help: remove these parentheses
    |
161 -         (total_verts as f64 - total_edges as f64 + total_faces as f64),
161 +         total_verts as f64 - total_edges as f64 + total_faces as f64,
    |

warning: unused import: `forge_topo::hashing::compute_arena_topology_hash`
  --> crates/forge-kernel/src/analysis/proof_validation/proof_invariants.rs:16:5
   |
16 | use forge_topo::hashing::compute_arena_topology_hash;
   |     ^^^^^^^^^^^^^^^^^^^^^^^^^^^^^^^^^^^^^^^^^^^^^^^^

warning: unused import: `std::collections::BTreeSet`
 --> crates/forge-kernel/src/analysis/region_extractor/schema.rs:8:5
  |
8 | use std::collections::BTreeSet;
  |     ^^^^^^^^^^^^^^^^^^^^^^^^^^

warning: unused import: `HalfEdgeId`
  --> crates/forge-kernel/src/analysis/region_extractor/eval.rs:13:35
   |
13 | use forge_topo::handles::{FaceId, HalfEdgeId, VertexId};
   |                                   ^^^^^^^^^^

warning: unused imports: `DecisionId` and `DecisionTier`
  --> crates/forge-kernel/src/analysis/counterfactual/eval.rs:12:35
   |
12 | use forge_core::{DecisionContext, DecisionId, DecisionLog, DecisionTier, KernelError, TracedDecision};
   |                                   ^^^^^^^^^^               ^^^^^^^^^^^^

warning: variable does not need to be mutable
   --> crates/forge-kernel/src/core/tracing/span.rs:230:19
    |
230 |     pub fn finish(mut self) -> SpanOutput {
    |                   ----^^^^
    |                   |
    |                   help: remove this `mut`
    |
    = note: `#[warn(unused_mut)]` (part of `#[warn(unused)]`) on by default

warning: unused variable: `angle_b_start`
  --> crates/forge-kernel/src/geometry_state/split_propagation.rs:97:17
   |
97 |             let angle_b_start = angle_a_end;
   |                 ^^^^^^^^^^^^^ help: if this is intentional, prefix it with an underscore: `_angle_b_start`
   |
   = note: `#[warn(unused_variables)]` (part of `#[warn(unused)]`) on by default

warning: unused variable: `he_id`
   --> crates/forge-kernel/src/operations/boolean/split/reconcile.rs:425:10
    |
425 |     for (he_id, he_data) in draft.arena().iter_half_edges() {
    |          ^^^^^ help: if this is intentional, prefix it with an underscore: `_he_id`

warning: variable does not need to be mutable
  --> crates/forge-kernel/src/operations/boolean/postprocess/coplanar.rs:40:16
   |
40 |     let (topo, mut geom) = state.into_parts();
   |                ----^^^^
   |                |
   |                help: remove this `mut`

warning: variable does not need to be mutable
   --> crates/forge-kernel/src/operations/boolean/postprocess/merge_eligibility/nmt_eval.rs:151:9
    |
151 |     let mut finalization_adjuncts = TraceAdjunctSet::new();
    |         ----^^^^^^^^^^^^^^^^^^^^^
    |         |
    |         help: remove this `mut`

warning: unused variable: `entry_face_idx`
    --> crates/forge-kernel/src/operations/boolean/postprocess/merge_eligibility/nmt_eval.rs:1040:13
     |
1040 |         let entry_face_idx = entry_face.index();
     |             ^^^^^^^^^^^^^^ help: if this is intentional, prefix it with an underscore: `_entry_face_idx`

warning: unused variable: `config`
   --> crates/forge-kernel/src/operations/boolean/assemble/disjoint/eval.rs:215:5
    |
215 |     config: &crate::core::ToleranceConfig,
    |     ^^^^^^ help: if this is intentional, prefix it with an underscore: `_config`

warning: unused variable: `config`
   --> crates/forge-kernel/src/operations/boolean/assemble/disjoint/eval.rs:298:9
    |
298 |     let config = crate::core::ToleranceConfig::default();
    |         ^^^^^^ help: if this is intentional, prefix it with an underscore: `_config`

warning: variable does not need to be mutable
   --> crates/forge-kernel/src/operations/boolean/assemble/merge/eval.rs:321:23
    |
321 |     let (result_topo, mut result_geom) = result_state.into_parts();
    |                       ----^^^^^^^^^^^
    |                       |
    |                       help: remove this `mut`

warning: variable does not need to be mutable
   --> crates/forge-kernel/src/operations/boolean/assemble/merge/eval.rs:360:9
    |
360 |     let mut result = BooleanResult::new(
    |         ----^^^^^^
    |         |
    |         help: remove this `mut`

warning: unused variable: `sig`
  --> crates/forge-kernel/src/operations/boolean/assemble/rebuild_face.rs:46:5
   |
46 |     sig: OpSignature,
   |     ^^^ help: if this is intentional, prefix it with an underscore: `_sig`

warning: unused variable: `sig`
  --> crates/forge-kernel/src/operations/boolean/assemble/rebuild_face.rs:74:5
   |
74 |     sig: OpSignature,
   |     ^^^ help: if this is intentional, prefix it with an underscore: `_sig`

For more information about this error, try `rustc --explain E0433`.
warning: `forge-kernel` (lib) generated 44 warnings
error: could not compile `forge-kernel` (lib) due to 1 previous error; 44 warnings emitted
