error[E0451]: fields `continuation_index_identity`, `request_identity`, `source_provenance_bundle_identity`, `split_vertex_identity_set_identity`, `fragment_set_identity`, `overlap_chain_set_identity`, `rows`, `ordering_basis`, `counters` and `neighborhood_offsets` of struct `PlanarBooleanFragmentContinuationIndex` are private
  --> src/certification/public_facade_contracts/compile_fail/planar_boolean_loop_reconstruction/fragment_continuation_index_not_forgeable.rs:8:9
   |
 7 |     let _ = PlanarBooleanFragmentContinuationIndex {
   |             -------------------------------------- in this type
 8 |         continuation_index_identity: String::from("forged"),
   |         ^^^^^^^^^^^^^^^^^^^^^^^^^^^ private field
 9 |         request_identity: String::from("synthetic request"),
   |         ^^^^^^^^^^^^^^^^ private field
10 |         source_provenance_bundle_identity: String::from("synthetic provenance"),
   |         ^^^^^^^^^^^^^^^^^^^^^^^^^^^^^^^^^ private field
11 |         split_vertex_identity_set_identity: String::from("synthetic vertices"),
   |         ^^^^^^^^^^^^^^^^^^^^^^^^^^^^^^^^^^ private field
12 |         fragment_set_identity: String::from("synthetic fragments"),
   |         ^^^^^^^^^^^^^^^^^^^^^ private field
13 |         overlap_chain_set_identity: String::from("synthetic overlap"),
   |         ^^^^^^^^^^^^^^^^^^^^^^^^^^ private field
14 |         rows: Vec::<PlanarBooleanFragmentContinuationRow>::new(),
   |         ^^^^ private field
15 |         ordering_basis: unavailable_ordering_basis(),
   |         ^^^^^^^^^^^^^^ private field
16 |         counters: PlanarBooleanFragmentContinuationCounters::default(),
   |         ^^^^^^^^ private field
17 |         neighborhood_offsets: unsafe { std::mem::MaybeUninit::zeroed().assume_init() },
   |         ^^^^^^^^^^^^^^^^^^^^ private field

error: type `worth_spatial::workload_platform::planar_boolean_loop_reconstruction::continuation_index::product::NeighborhoodOffsets` is private
  --> src/certification/public_facade_contracts/compile_fail/planar_boolean_loop_reconstruction/fragment_continuation_index_not_forgeable.rs:17:31
   |
17 |         neighborhood_offsets: unsafe { std::mem::MaybeUninit::zeroed().assume_init() },
   |                               ^^^^^^^^^^^^^^^^^^^^^^^^^^^^^^^^^^^^^^^^^^^^^^^^^^^^^^^^ private type
