error[E0451]: fields `receipt_identity`, `ledger_identity`, `downstream_consumption_identity`, `request_identity`, `decision_log_identity`, `loop_identity_map_identity`, `persistent_name_map_identity`, `subshape_signature_map_identity`, `ledger_row_identities` and `counters` of struct `PlanarBooleanLoopReconstructionLedgerReceipt` are private
  --> src/certification/public_facade_contracts/compile_fail/planar_boolean_loop_reconstruction/loop_reconstruction_ledger_receipt_not_forgeable.rs:5:9
   |
 4 |     let _ = PlanarBooleanLoopReconstructionLedgerReceipt {
   |             -------------------------------------------- in this type
 5 |         receipt_identity: String::new(),
   |         ^^^^^^^^^^^^^^^^ private field
 6 |         ledger_identity: String::new(),
   |         ^^^^^^^^^^^^^^^ private field
 7 |         downstream_consumption_identity: String::new(),
   |         ^^^^^^^^^^^^^^^^^^^^^^^^^^^^^^^ private field
 8 |         request_identity: String::new(),
   |         ^^^^^^^^^^^^^^^^ private field
 9 |         decision_log_identity: String::new(),
   |         ^^^^^^^^^^^^^^^^^^^^^ private field
10 |         loop_identity_map_identity: String::new(),
   |         ^^^^^^^^^^^^^^^^^^^^^^^^^^ private field
11 |         persistent_name_map_identity: String::new(),
   |         ^^^^^^^^^^^^^^^^^^^^^^^^^^^^ private field
12 |         subshape_signature_map_identity: String::new(),
   |         ^^^^^^^^^^^^^^^^^^^^^^^^^^^^^^^ private field
13 |         ledger_row_identities: Vec::new(),
   |         ^^^^^^^^^^^^^^^^^^^^^ private field
14 |         counters: Default::default(),
   |         ^^^^^^^^ private field
