error[E0451]: fields `receipt_identity`, `reconstructed_loop_set_identity`, `born_loop_set_identity`, `island_partition_identity`, `split_attribution_identity`, `role_outcome_set_identity`, `degenerate_outcome_set_identity`, `decision_log_identity`, `ledger_receipt_identity`, `downstream_consumption_identity`, `replay_checkpoint_identity` and `replay_evidence_identity` of struct `PlanarBooleanLoopReconstructionEvidenceReceipt` are private
  --> src/certification/public_facade_contracts/compile_fail/planar_boolean_loop_reconstruction/loop_reconstruction_evidence_receipt_not_forgeable.rs:5:9
   |
 4 |     let _ = PlanarBooleanLoopReconstructionEvidenceReceipt {
   |             ---------------------------------------------- in this type
 5 |         receipt_identity: String::new(),
   |         ^^^^^^^^^^^^^^^^ private field
 6 |         reconstructed_loop_set_identity: String::new(),
   |         ^^^^^^^^^^^^^^^^^^^^^^^^^^^^^^^ private field
 7 |         born_loop_set_identity: String::new(),
   |         ^^^^^^^^^^^^^^^^^^^^^^ private field
 8 |         island_partition_identity: String::new(),
   |         ^^^^^^^^^^^^^^^^^^^^^^^^^ private field
 9 |         split_attribution_identity: String::new(),
   |         ^^^^^^^^^^^^^^^^^^^^^^^^^^ private field
10 |         role_outcome_set_identity: String::new(),
   |         ^^^^^^^^^^^^^^^^^^^^^^^^^ private field
11 |         degenerate_outcome_set_identity: String::new(),
   |         ^^^^^^^^^^^^^^^^^^^^^^^^^^^^^^^ private field
12 |         decision_log_identity: String::new(),
   |         ^^^^^^^^^^^^^^^^^^^^^ private field
13 |         ledger_receipt_identity: String::new(),
   |         ^^^^^^^^^^^^^^^^^^^^^^^ private field
14 |         downstream_consumption_identity: String::new(),
   |         ^^^^^^^^^^^^^^^^^^^^^^^^^^^^^^^ private field
15 |         replay_checkpoint_identity: String::new(),
   |         ^^^^^^^^^^^^^^^^^^^^^^^^^^ private field
16 |         replay_evidence_identity: String::new(),
   |         ^^^^^^^^^^^^^^^^^^^^^^^^ private field
