error: cannot construct `PlanarBooleanLoopReconstructionLedger` with struct literal syntax due to private fields
  --> src/certification/public_facade_contracts/compile_fail/planar_boolean_loop_reconstruction/loop_reconstruction_ledger_not_forgeable.rs:4:13
   |
 4 |     let _ = PlanarBooleanLoopReconstructionLedger {
   |             ^^^^^^^^^^^^^^^^^^^^^^^^^^^^^^^^^^^^^
 5 |         ledger_identity: String::new(),
   |         ------------------------------ private field
 6 |         request_identity: String::new(),
   |         ------------------------------- private field
 7 |         decision_log_identity: String::new(),
   |         ------------------------------------ private field
 8 |         loop_identity_map_identity: String::new(),
   |         ----------------------------------------- private field
 9 |         persistent_name_map_identity: String::new(),
   |         ------------------------------------------- private field
10 |         subshape_signature_map_identity: String::new(),
   |         ---------------------------------------------- private field
11 |         reconstructed_loop_set_identity: String::new(),
   |         ---------------------------------------------- private field
12 |         born_loop_set_identity: String::new(),
   |         ------------------------------------- private field
13 |         island_partition_identity: String::new(),
   |         ---------------------------------------- private field
14 |         split_attribution_identity: String::new(),
   |         ----------------------------------------- private field
15 |         role_outcome_set_identity: String::new(),
   |         ---------------------------------------- private field
16 |         degenerate_outcome_set_identity: String::new(),
   |         ---------------------------------------------- private field
17 |         rows: Vec::new(),
   |         ---------------- private field
18 |         counters: Default::default(),
   |         ---------------------------- private field
   |
   = note: ...and other private fields that were not provided
