error[E0451]: fields `reconstructed_boundary`, `island_partition`, `split_attribution`, `role_outcomes`, `degenerate_outcomes`, `decision_log`, `ledger_receipt` and `replay_receipts` of struct `PlanarBooleanLoopReconstructionEvidenceInput` are private
  --> src/certification/public_facade_contracts/compile_fail/planar_boolean_loop_reconstruction/loop_reconstruction_evidence_input_not_hand_filled.rs:15:9
   |
14 |     let _ = PlanarBooleanLoopReconstructionEvidenceInput {
   |             -------------------------------------------- in this type
15 |         reconstructed_boundary: bogus::<&PlanarBooleanReconstructedLoopBoundary>(),
   |         ^^^^^^^^^^^^^^^^^^^^^^ private field
16 |         island_partition: bogus::<&PlanarBooleanLoopIslandPartition>(),
   |         ^^^^^^^^^^^^^^^^ private field
17 |         split_attribution: bogus::<&PlanarBooleanSourceLoopSplitAttribution>(),
   |         ^^^^^^^^^^^^^^^^^ private field
18 |         role_outcomes: bogus::<&PlanarBooleanLoopRoleOutcomeSet>(),
   |         ^^^^^^^^^^^^^ private field
19 |         degenerate_outcomes: bogus::<&PlanarBooleanDegenerateLoopOutcomeSet>(),
   |         ^^^^^^^^^^^^^^^^^^^ private field
20 |         decision_log: bogus::<&PlanarBooleanLoopDecisionLog>(),
   |         ^^^^^^^^^^^^ private field
21 |         ledger_receipt: bogus::<&PlanarBooleanLoopReconstructionLedgerReceipt>(),
   |         ^^^^^^^^^^^^^^ private field
22 |         replay_receipts: bogus::<&ReplayReceiptSet>(),
   |         ^^^^^^^^^^^^^^^ private field
