error[E0451]: fields `identity`, `spatial_touch_authority`, `topology_input_posture`, `stage_applicability`, `evidence_classes`, `lookup_product_posture`, `index_posture`, `query_posture`, `diagnostic_witness`, `source_inventory_pressure` and `declaration_digest` of struct `worth_spatial::facade::evidence_lookup_family_catalog::EvidenceLookupFamilyDeclaration` are private
  --> src/certification/public_facade_contracts/compile_fail/evidence_lookup_family_catalog/struct_literals/family_declaration_not_hand_filled.rs:5:9
   |
 4 |     let _declaration = EvidenceLookupFamilyDeclaration {
   |                        ------------------------------- in this type
 5 |         identity: fake(),
   |         ^^^^^^^^ private field
 6 |         spatial_touch_authority:
   |         ^^^^^^^^^^^^^^^^^^^^^^^ private field
 7 |             EvidenceLookupSpatialTouchAuthorityRequirement::SealedSpatialTouchAuthorityRequired,
 8 |         topology_input_posture: fake(),
   |         ^^^^^^^^^^^^^^^^^^^^^^ private field
 9 |         stage_applicability: fake(),
   |         ^^^^^^^^^^^^^^^^^^^ private field
10 |         evidence_classes: fake(),
   |         ^^^^^^^^^^^^^^^^ private field
11 |         lookup_product_posture: EvidenceLookupProductPosture::DeclarationOnlySelectionRequired,
   |         ^^^^^^^^^^^^^^^^^^^^^^ private field
12 |         index_posture: fake(),
   |         ^^^^^^^^^^^^^ private field
13 |         query_posture: fake(),
   |         ^^^^^^^^^^^^^ private field
14 |         diagnostic_witness: fake(),
   |         ^^^^^^^^^^^^^^^^^^ private field
15 |         source_inventory_pressure: fake(),
   |         ^^^^^^^^^^^^^^^^^^^^^^^^^ private field
16 |         declaration_digest: fake(),
   |         ^^^^^^^^^^^^^^^^^^ private field
