error[E0624]: associated function `new` is private
 --> src/certification/public_facade_contracts/compile_fail/planar_local_rebuild_parity/receipt_not_forgeable.rs:6:53
  |
6 |       let _receipt = PlanarLocalRebuildParityReceipt::new(
  |                                                       ^^^ private associated function
  |
 ::: src/planar_contracts/local_rebuild_parity/receipt.rs
  |
  | /     pub(crate) fn new(
  | |         basis: PlanarLocalRebuildParityBasis,
  | |         declaration_digest: String,
  | |         progression_digest: String,
... |
  | |         counters: PlanarLocalRebuildParityCounters,
  | |     ) -> Self {
  | |_____________- private associated function defined here

warning: unreachable expression
 --> src/certification/public_facade_contracts/compile_fail/planar_local_rebuild_parity/receipt_not_forgeable.rs:8:9
  |
7 |         panic!("basis constructor is not public"),
  |         ----------------------------------------- any code following this expression is unreachable
8 |         String::new(),
  |         ^^^^^^^^^^^^^ unreachable expression
  |
  = note: `#[warn(unreachable_code)]` (part of `#[warn(unused)]`) on by default

error[E0624]: associated function `certified` is private
  --> src/certification/public_facade_contracts/compile_fail/planar_local_rebuild_parity/receipt_not_forgeable.rs:14:43
   |
14 |           PlanarLocalRebuildParityCounters::certified(0, 0, 0, 0),
   |                                             ^^^^^^^^^ private associated function
   |
  ::: src/planar_contracts/local_rebuild_parity/counters.rs
   |
   | /     pub(crate) fn certified(
   | |         local_neighborhood_rows: usize,
   | |         rebinding_continuity_rows: usize,
   | |         parity_views_compared: usize,
   | |         source_receipts_consumed: usize,
   | |     ) -> Self {
   | |_____________- private associated function defined here
