warning: unreachable expression
 --> src/certification/public_facade_contracts/compile_fail/planar_diagnostics/receipt_not_forgeable.rs:8:27
  |
7 |         basis: panic!("private basis"),
  |                ----------------------- any code following this expression is unreachable
8 |         trigger_locality: PlanarDiagnosticTriggerLocality::PredicateAuthority,
  |                           ^^^^^^^^^^^^^^^^^^^^^^^^^^^^^^^^^^^^^^^^^^^^^^^^^^^ unreachable expression
  |
  = note: `#[warn(unreachable_code)]` (part of `#[warn(unused)]`) on by default

error[E0451]: fields `basis`, `trigger_locality`, `truth_effect`, `declaration_digest`, `progression_digest`, `route_plan_digest`, `query_receipt_digest`, `envelope_digest`, `diagnostic_bundle_digest` and `counters` of struct `PlanarDiagnosticBundleReceipt` are private
  --> src/certification/public_facade_contracts/compile_fail/planar_diagnostics/receipt_not_forgeable.rs:7:9
   |
 6 |     let _receipt = PlanarDiagnosticBundleReceipt {
   |                    ----------------------------- in this type
 7 |         basis: panic!("private basis"),
   |         ^^^^^ private field
 8 |         trigger_locality: PlanarDiagnosticTriggerLocality::PredicateAuthority,
   |         ^^^^^^^^^^^^^^^^ private field
 9 |         truth_effect: PlanarDiagnosticTruthEffect::DoesNotChangePlanarTruth,
   |         ^^^^^^^^^^^^ private field
10 |         declaration_digest: String::new(),
   |         ^^^^^^^^^^^^^^^^^^ private field
11 |         progression_digest: String::new(),
   |         ^^^^^^^^^^^^^^^^^^ private field
12 |         route_plan_digest: String::new(),
   |         ^^^^^^^^^^^^^^^^^ private field
13 |         query_receipt_digest: String::new(),
   |         ^^^^^^^^^^^^^^^^^^^^ private field
14 |         envelope_digest: String::new(),
   |         ^^^^^^^^^^^^^^^ private field
15 |         diagnostic_bundle_digest: String::new(),
   |         ^^^^^^^^^^^^^^^^^^^^^^^^ private field
16 |         counters: panic!("private counters"),
   |         ^^^^^^^^ private field
