error[E0624]: method `admit` is private
 --> src/certification/public_facade_contracts/compile_fail/phases/public_spatial_intent_direct_admission_helpers_demoted.rs:9:10
  |
9 |         .admit();
  |          ^^^^^ private method
  |
 ::: src/spatial_intent/motion/mod.rs
  |
  |     pub(crate) fn admit(&self) -> Result<AdmittedSpatialMove, SpatialMotionError> {
  |     ----------------------------------------------------------------------------- private method defined here

error[E0624]: method `admit` is private
  --> src/certification/public_facade_contracts/compile_fail/phases/public_spatial_intent_direct_admission_helpers_demoted.rs:13:10
   |
13 |           .admit();
   |            ^^^^^ private method
   |
  ::: src/spatial_intent/relations/mod.rs
   |
   | /     pub(crate) fn admit(
   | |         &self,
   | |     ) -> Result<AdmittedSpatialPointsTowardConstraint, SpatialConstraintError> {
   | |______________________________________________________________________________- private method defined here
