error[E0277]: the trait bound `ForeignLoweringLane: worth_kernel::construction::authoring_input::sealed::PrimitiveConstructionAuthoringInputSealed` is not satisfied
 --> src/certification/public_facade_contracts/compile_fail/phases/public_authoring_input_traits_are_sealed.rs:8:46
  |
8 | impl PrimitiveConstructionAuthoringInput for ForeignLoweringLane {
  |                                              ^^^^^^^^^^^^^^^^^^^ unsatisfied trait bound
  |
help: the trait `worth_kernel::construction::authoring_input::sealed::PrimitiveConstructionAuthoringInputSealed` is not implemented for `ForeignLoweringLane`
 --> src/certification/public_facade_contracts/compile_fail/phases/public_authoring_input_traits_are_sealed.rs:6:1
  |
6 | struct ForeignLoweringLane;
  | ^^^^^^^^^^^^^^^^^^^^^^^^^^
  = help: the following other types implement trait `worth_kernel::construction::authoring_input::sealed::PrimitiveConstructionAuthoringInputSealed`:
            AnchorMatchSpatialIntent<PrimitiveConstructionIntent>
            LiesOnSpatialIntent<PrimitiveConstructionIntent>
            MoveSpatialIntent<PrimitiveConstructionIntent>
            OffsetSpatialIntent<PrimitiveConstructionIntent>
            PointsTowardSpatialIntent<PrimitiveConstructionIntent>
            PrimitiveConstructionIntent
            ReorientSpatialIntent<PrimitiveConstructionIntent>
            RotateSpatialIntent<PrimitiveConstructionIntent>
note: required by a bound in `PrimitiveConstructionAuthoringInput`
 --> src/construction/authoring_input.rs
  |
  | pub trait PrimitiveConstructionAuthoringInput:
  |           ----------------------------------- required by a bound in this trait
  |     sealed::PrimitiveConstructionAuthoringInputSealed
  |     ^^^^^^^^^^^^^^^^^^^^^^^^^^^^^^^^^^^^^^^^^^^^^^^^^ required by this bound in `PrimitiveConstructionAuthoringInput`
  = note: `PrimitiveConstructionAuthoringInput` is a "sealed trait", because to implement it you also need to implement `worth_kernel::construction::authoring_input::sealed::PrimitiveConstructionAuthoringInputSealed`, which is not accessible; this is usually done to force you to use one of the provided types that already implement it
  = help: the following types implement the trait:
            worth_kernel::facade::authoring::construction::PrimitiveConstructionIntent
            worth_kernel::facade::authoring::intents::MoveSpatialIntent<worth_kernel::facade::authoring::construction::PrimitiveConstructionIntent>
            worth_kernel::facade::authoring::intents::OffsetSpatialIntent<worth_kernel::facade::authoring::construction::PrimitiveConstructionIntent>
            worth_kernel::facade::authoring::intents::ReorientSpatialIntent<worth_kernel::facade::authoring::construction::PrimitiveConstructionIntent>
            worth_kernel::facade::authoring::intents::RotateSpatialIntent<worth_kernel::facade::authoring::construction::PrimitiveConstructionIntent>
            worth_kernel::facade::authoring::intents::LiesOnSpatialIntent<worth_kernel::facade::authoring::construction::PrimitiveConstructionIntent>
            worth_kernel::facade::authoring::intents::PointsTowardSpatialIntent<worth_kernel::facade::authoring::construction::PrimitiveConstructionIntent>
            worth_kernel::facade::authoring::intents::AnchorMatchSpatialIntent<worth_kernel::facade::authoring::construction::PrimitiveConstructionIntent>
