error[E0451]: fields `clean_fail_digest`, `workload_identity`, `topology_clean_fail_identity`, `clean_fail_boundary_identity`, `dirty_case` and `counters` of struct `DirtyPlanarCleanFailReceipt` are private
  --> src/certification/public_facade_contracts/compile_fail/dirty_planar_clean_fail/receipt_not_forgeable.rs:7:9
   |
 6 |     let _ = DirtyPlanarCleanFailReceipt {
   |             --------------------------- in this type
 7 |         clean_fail_digest: String::new(),
   |         ^^^^^^^^^^^^^^^^^ private field
 8 |         workload_identity: String::new(),
   |         ^^^^^^^^^^^^^^^^^ private field
 9 |         topology_clean_fail_identity: String::new(),
   |         ^^^^^^^^^^^^^^^^^^^^^^^^^^^^ private field
10 |         clean_fail_boundary_identity: String::new(),
   |         ^^^^^^^^^^^^^^^^^^^^^^^^^^^^ private field
11 |         dirty_case: worth_spatial::facade::dirty_planar_clean_fail::DirtyPlanarCleanFailCase::SelfIntersectingLoop,
   |         ^^^^^^^^^^ private field
12 |         counters: DirtyPlanarCleanFailCounters {
   |         ^^^^^^^^ private field

error[E0451]: fields `topology_clean_fail_receipts`, `clean_fail_boundary_receipts`, `recovery_receipts`, `transform_posture_receipts`, `diagnostic_receipts` and `user_outcome_receipts` of struct `DirtyPlanarCleanFailCounters` are private
  --> src/certification/public_facade_contracts/compile_fail/dirty_planar_clean_fail/receipt_not_forgeable.rs:13:13
   |
12 |         counters: DirtyPlanarCleanFailCounters {
   |                   ---------------------------- in this type
13 |             topology_clean_fail_receipts: 0,
   |             ^^^^^^^^^^^^^^^^^^^^^^^^^^^^ private field
14 |             clean_fail_boundary_receipts: 0,
   |             ^^^^^^^^^^^^^^^^^^^^^^^^^^^^ private field
15 |             recovery_receipts: 0,
   |             ^^^^^^^^^^^^^^^^^ private field
16 |             transform_posture_receipts: 0,
   |             ^^^^^^^^^^^^^^^^^^^^^^^^^^ private field
17 |             diagnostic_receipts: 0,
   |             ^^^^^^^^^^^^^^^^^^^ private field
18 |             user_outcome_receipts: 0,
   |             ^^^^^^^^^^^^^^^^^^^^^ private field
