warning: unreachable statement
 --> src/certification/public_facade_contracts/compile_fail/planar_boolean_overlap_region_extraction/loop_ledger_only_request_entry_not_available.rs:6:5
  |
5 |     let receipt: PlanarBooleanLoopReconstructionLedgerReceipt = todo!();
  |                                                                 ------- any code following this expression is unreachable
6 |     let _ = PlanarBooleanOverlapRegionExtractionRequest::admit(receipt);
  |     ^^^^^^^^^^^^^^^^^^^^^^^^^^^^^^^^^^^^^^^^^^^^^^^^^^^^^^^^^^^^^^^^^^^^ unreachable statement
  |
  = note: `#[warn(unreachable_code)]` (part of `#[warn(unused)]`) on by default

error[E0308]: mismatched types
 --> src/certification/public_facade_contracts/compile_fail/planar_boolean_overlap_region_extraction/loop_ledger_only_request_entry_not_available.rs:6:64
  |
6 |     let _ = PlanarBooleanOverlapRegionExtractionRequest::admit(receipt);
  |             -------------------------------------------------- ^^^^^^^ expected `PlanarBooleanOverlapRegionExtractionRequestInput<'_>`, found `PlanarBooleanLoopReconstructionLedgerReceipt`
  |             |
  |             arguments to this function are incorrect
  |
note: associated function defined here
 --> src/workload_platform/planar_boolean_overlap_region_extraction/readiness_boundary/request.rs
  |
  |     pub fn admit(
  |            ^^^^^
