error[E0061]: this function takes 3 arguments but 1 argument was supplied
  --> src/certification/public_facade_contracts/compile_fail/planar_boolean_overlap_region_extraction/raw_arrangement_graph_does_not_admit_island_candidate_input.rs:10:13
   |
10 |       let _ = PlanarBooleanOverlapIslandCandidateInput::from_cell_classification(
   |  _____________^^^^^^^^^^^^^^^^^^^^^^^^^^^^^^^^^^^^^^^^^^^^^^^^^^^^^^^^^^^^^^^^^^-
11 | |         &arrangement_graph(),
12 | |     );
   | |_____- two arguments of type `&PlanarBooleanOverlapCellContainmentMap` and `&PlanarBooleanOverlapCellWindingField` are missing
   |
note: associated function defined here
  --> src/workload_platform/planar_boolean_overlap_region_extraction/island_components/input.rs
   |
   |     pub fn from_cell_classification(
   |            ^^^^^^^^^^^^^^^^^^^^^^^^
help: provide the arguments
   |
10 -     let _ = PlanarBooleanOverlapIslandCandidateInput::from_cell_classification(
11 -         &arrangement_graph(),
12 -     );
10 +     let _ = PlanarBooleanOverlapIslandCandidateInput::from_cell_classification(&arrangement_graph(), /* &PlanarBooleanOverlapCellContainmentMap */, /* &PlanarBooleanOverlapCellWindingField */);
   |
