warning: unreachable statement
  --> src/certification/public_facade_contracts/compile_fail/planar_boolean_overlap_region_extraction/request_not_hand_filled_from_copied_fields.rs:7:5
   |
 6 |       let binding: PlanarBooleanOverlapReadinessLoopLedgerBinding = todo!();
   |                                                                     ------- any code following this expression is unreachable
 7 | /     let _ = PlanarBooleanOverlapRegionExtractionRequest {
 8 | |         request_identity: String::new(),
 9 | |         readiness_loop_ledger_binding: binding,
10 | |         counters: todo!(),
11 | |     };
   | |______^ unreachable statement
   |
   = note: `#[warn(unreachable_code)]` (part of `#[warn(unused)]`) on by default

warning: unreachable expression
  --> src/certification/public_facade_contracts/compile_fail/planar_boolean_overlap_region_extraction/request_not_hand_filled_from_copied_fields.rs:7:13
   |
 7 |       let _ = PlanarBooleanOverlapRegionExtractionRequest {
   |  _____________^
 8 | |         request_identity: String::new(),
 9 | |         readiness_loop_ledger_binding: binding,
10 | |         counters: todo!(),
   | |                   ------- any code following this expression is unreachable
11 | |     };
   | |_____^ unreachable expression

warning: unused variable: `binding`
 --> src/certification/public_facade_contracts/compile_fail/planar_boolean_overlap_region_extraction/request_not_hand_filled_from_copied_fields.rs:6:9
  |
6 |     let binding: PlanarBooleanOverlapReadinessLoopLedgerBinding = todo!();
  |         ^^^^^^^ help: if this is intentional, prefix it with an underscore: `_binding`
  |
  = note: `#[warn(unused_variables)]` (part of `#[warn(unused)]`) on by default

error[E0451]: fields `request_identity`, `readiness_loop_ledger_binding` and `counters` of struct `PlanarBooleanOverlapRegionExtractionRequest` are private
  --> src/certification/public_facade_contracts/compile_fail/planar_boolean_overlap_region_extraction/request_not_hand_filled_from_copied_fields.rs:8:9
   |
 7 |     let _ = PlanarBooleanOverlapRegionExtractionRequest {
   |             ------------------------------------------- in this type
 8 |         request_identity: String::new(),
   |         ^^^^^^^^^^^^^^^^ private field
 9 |         readiness_loop_ledger_binding: binding,
   |         ^^^^^^^^^^^^^^^^^^^^^^^^^^^^^ private field
10 |         counters: todo!(),
   |         ^^^^^^^^ private field
