warning: unreachable statement
 --> src/certification/public_facade_contracts/compile_fail/query_adoption/spatial_adoption_status_is_not_query_graph_authority.rs:9:5
  |
7 |     let spatial_status: WorthSpatialQueryConsumerKitAdoptionStatus = panic!();
  |                                                                      -------- any code following this expression is unreachable
8 |
9 |     require_query_graph_authority(spatial_status);
  |     ^^^^^^^^^^^^^^^^^^^^^^^^^^^^^^^^^^^^^^^^^^^^^^ unreachable statement
  |
  = note: `#[warn(unreachable_code)]` (part of `#[warn(unused)]`) on by default

error[E0308]: mismatched types
 --> src/certification/public_facade_contracts/compile_fail/query_adoption/spatial_adoption_status_is_not_query_graph_authority.rs:9:35
  |
9 |     require_query_graph_authority(spatial_status);
  |     ----------------------------- ^^^^^^^^^^^^^^ expected `ForgeQueryGraphObligationExecutionBackedAdoptionProof`, found `WorthSpatialQueryConsumerKitAdoptionStatus`
  |     |
  |     arguments to this function are incorrect
  |
note: function defined here
 --> src/certification/public_facade_contracts/compile_fail/query_adoption/spatial_adoption_status_is_not_query_graph_authority.rs:4:4
  |
4 | fn require_query_graph_authority(_: ForgeQueryGraphObligationExecutionBackedAdoptionProof) {}
  |    ^^^^^^^^^^^^^^^^^^^^^^^^^^^^^ --------------------------------------------------------
