error: cannot construct `EvidenceLookupSelectedPlan` with struct literal syntax due to private fields
 --> src/certification/public_facade_contracts/compile_fail/evidence_lookup_plan_selection/struct_literals/selected_plan_not_hand_filled.rs:4:13
  |
4 |     let _ = EvidenceLookupSelectedPlan {
  |             ^^^^^^^^^^^^^^^^^^^^^^^^^^
5 |         selected_plan_digest: String::new(),
  |         ----------------------------------- private field
6 |         catalog_digest: String::new(),
  |         ----------------------------- private field
7 |         admitted_input_digest: String::new(),
  |         ------------------------------------ private field
  |
  = note: ...and other private fields `spatial_touch_digest`, `stage_receipt_digest`, `stage`, `rows` and `counters` that were not provided
help: you might have meant to use the `new` associated function
  |
4 -     let _ = EvidenceLookupSelectedPlan {
5 -         selected_plan_digest: String::new(),
6 -         catalog_digest: String::new(),
7 -         admitted_input_digest: String::new(),
8 -     };
4 +     let _ = EvidenceLookupSelectedPlan::new(_, _, _, _, _, _, _);
  |
