error: cannot construct `EvidenceLookupAdmittedInput` with struct literal syntax due to private fields
 --> src/certification/public_facade_contracts/compile_fail/evidence_lookup_input_admission/struct_literals/admitted_input_not_hand_filled.rs:4:13
  |
4 |     let _ = EvidenceLookupAdmittedInput {
  |             ^^^^^^^^^^^^^^^^^^^^^^^^^^^
5 |         admission_digest: String::new(),
  |         ------------------------------- private field
6 |         catalog_digest: String::new(),
  |         ----------------------------- private field
7 |         spatial_touch_digest: String::new(),
  |         ----------------------------------- private field
  |
  = note: ...and other private fields that were not provided
help: you might have meant to use the `from_parts` associated function
  |
4 -     let _ = EvidenceLookupAdmittedInput {
5 -         admission_digest: String::new(),
6 -         catalog_digest: String::new(),
7 -         spatial_touch_digest: String::new(),
8 -     };
4 +     let _ = EvidenceLookupAdmittedInput::from_parts(_);
  |
