warning: unreachable expression
  --> src/certification/public_facade_contracts/compile_fail/planar_recovery/receipt_not_forgeable.rs:10:23
   |
 9 |         basis: panic!("private basis"),
   |                ----------------------- any code following this expression is unreachable
10 |         blocker_kind: PlanarRecoveryBlockerKind::ProjectionBasis,
   |                       ^^^^^^^^^^^^^^^^^^^^^^^^^^^^^^^^^^^^^^^^^^ unreachable expression
   |
   = note: `#[warn(unreachable_code)]` (part of `#[warn(unused)]`) on by default

error[E0451]: fields `basis`, `blocker_kind`, `source_posture`, `recovery_action`, `target_scope`, `truth_effect`, `declaration_digest`, `progression_digest`, `route_plan_digest`, `query_receipt_digest`, `envelope_digest`, `recovery_posture_digest` and `counters` of struct `PlanarRecoveryPostureReceipt` are private
  --> src/certification/public_facade_contracts/compile_fail/planar_recovery/receipt_not_forgeable.rs:9:9
   |
 8 |     let _receipt = PlanarRecoveryPostureReceipt {
   |                    ---------------------------- in this type
 9 |         basis: panic!("private basis"),
   |         ^^^^^ private field
10 |         blocker_kind: PlanarRecoveryBlockerKind::ProjectionBasis,
   |         ^^^^^^^^^^^^ private field
11 |         source_posture: PlanarRecoverySourcePosture::Denied,
   |         ^^^^^^^^^^^^^^ private field
12 |         recovery_action: PlanarRecoveryAction::InspectProjectionBasis,
   |         ^^^^^^^^^^^^^^^ private field
13 |         target_scope: PlanarRecoveryTargetScope::ProjectionBasisInspection,
   |         ^^^^^^^^^^^^ private field
14 |         truth_effect: PlanarRecoveryTruthEffect::DoesNotChangePlanarTruth,
   |         ^^^^^^^^^^^^ private field
15 |         declaration_digest: String::new(),
   |         ^^^^^^^^^^^^^^^^^^ private field
16 |         progression_digest: String::new(),
   |         ^^^^^^^^^^^^^^^^^^ private field
17 |         route_plan_digest: String::new(),
   |         ^^^^^^^^^^^^^^^^^ private field
18 |         query_receipt_digest: String::new(),
   |         ^^^^^^^^^^^^^^^^^^^^ private field
19 |         envelope_digest: String::new(),
   |         ^^^^^^^^^^^^^^^ private field
20 |         recovery_posture_digest: String::new(),
   |         ^^^^^^^^^^^^^^^^^^^^^^^ private field
21 |         counters: PlanarRecoveryPostureCounters::default(),
   |         ^^^^^^^^ private field
