warning: unreachable expression
  --> src/certification/public_facade_contracts/compile_fail/nmt_certification_context/projection_receipt_not_from_raw_coordinates.rs:4:23
   |
 4 |       let _projection = NmtScopeProjectionReceipt {
   |  _______________________^
 5 | |         parent_projection_identity: "aggregate-projection".to_string(),
 6 | |         scope_identity: "scope".to_string(),
 7 | |         scope_projection_identity: "scope-projection".to_string(),
...  |
10 | |         counters: todo!(),
   | |                   ------- any code following this expression is unreachable
11 | |     };
   | |_____^ unreachable expression
   |
   = note: `#[warn(unreachable_code)]` (part of `#[warn(unused)]`) on by default

error[E0451]: fields `parent_projection_identity`, `scope_identity`, `scope_projection_identity`, `local_frame_identity`, `consumed_projected_entities` and `counters` of struct `NmtScopeProjectionReceipt` are private
  --> src/certification/public_facade_contracts/compile_fail/nmt_certification_context/projection_receipt_not_from_raw_coordinates.rs:5:9
   |
 4 |     let _projection = NmtScopeProjectionReceipt {
   |                       ------------------------- in this type
 5 |         parent_projection_identity: "aggregate-projection".to_string(),
   |         ^^^^^^^^^^^^^^^^^^^^^^^^^^ private field
 6 |         scope_identity: "scope".to_string(),
   |         ^^^^^^^^^^^^^^ private field
 7 |         scope_projection_identity: "scope-projection".to_string(),
   |         ^^^^^^^^^^^^^^^^^^^^^^^^^ private field
 8 |         local_frame_identity: "frame".to_string(),
   |         ^^^^^^^^^^^^^^^^^^^^ private field
 9 |         consumed_projected_entities: vec!["raw-coordinate-row".to_string()],
   |         ^^^^^^^^^^^^^^^^^^^^^^^^^^^ private field
10 |         counters: todo!(),
   |         ^^^^^^^^ private field
