warning: unreachable expression
  --> src/certification/public_facade_contracts/compile_fail/nmt_certification_context/retained_receipt_not_from_aggregate_replay.rs:4:19
   |
 4 |       let _replay = NmtScopeRetainedReplayReceipt {
   |  ___________________^
 5 | |         parent_replay_identity: "aggregate-replay".to_string(),
 6 | |         scope_identity: "scope".to_string(),
 7 | |         scope_projection_identity: "aggregate-projection".to_string(),
...  |
10 | |         counters: todo!(),
   | |                   ------- any code following this expression is unreachable
11 | |     };
   | |_____^ unreachable expression
   |
   = note: `#[warn(unreachable_code)]` (part of `#[warn(unused)]`) on by default

error[E0451]: fields `parent_replay_identity`, `scope_identity`, `scope_projection_identity`, `scope_replay_identity`, `checkpoint_identity` and `counters` of struct `NmtScopeRetainedReplayReceipt` are private
  --> src/certification/public_facade_contracts/compile_fail/nmt_certification_context/retained_receipt_not_from_aggregate_replay.rs:5:9
   |
 4 |     let _replay = NmtScopeRetainedReplayReceipt {
   |                   ----------------------------- in this type
 5 |         parent_replay_identity: "aggregate-replay".to_string(),
   |         ^^^^^^^^^^^^^^^^^^^^^^ private field
 6 |         scope_identity: "scope".to_string(),
   |         ^^^^^^^^^^^^^^ private field
 7 |         scope_projection_identity: "aggregate-projection".to_string(),
   |         ^^^^^^^^^^^^^^^^^^^^^^^^^ private field
 8 |         scope_replay_identity: "aggregate-replay-plus-label".to_string(),
   |         ^^^^^^^^^^^^^^^^^^^^^ private field
 9 |         checkpoint_identity: "checkpoint".to_string(),
   |         ^^^^^^^^^^^^^^^^^^^ private field
10 |         counters: todo!(),
   |         ^^^^^^^^ private field
