warning: unreachable expression
 --> src/certification/public_facade_contracts/compile_fail/spatial_compiled_product_family/struct_literals/admitted_input_not_hand_filled.rs:6:26
  |
5 |         consumer: todo!(),
  |                   ------- any code following this expression is unreachable
6 |         family_identity: todo!(),
  |                          ^^^^^^^ unreachable expression
  |
  = note: `#[warn(unreachable_code)]` (part of `#[warn(unused)]`) on by default
  = note: this warning originates in the macro `todo` (in Nightly builds, run with -Z macro-backtrace for more info)

error[E0451]: fields `consumer`, `family_identity`, `source_authority_digest`, `locality_footprint_digest`, `prior_proof_digest`, `evidence_support_digest`, `stage_receipt_digest` and `grouped_support_digest` of struct `SpatialCompiledProductFamilyAdmittedInput` are private
  --> src/certification/public_facade_contracts/compile_fail/spatial_compiled_product_family/struct_literals/admitted_input_not_hand_filled.rs:5:9
   |
 4 |     let _ = SpatialCompiledProductFamilyAdmittedInput {
   |             ----------------------------------------- in this type
 5 |         consumer: todo!(),
   |         ^^^^^^^^ private field
 6 |         family_identity: todo!(),
   |         ^^^^^^^^^^^^^^^ private field
 7 |         source_authority_digest: todo!(),
   |         ^^^^^^^^^^^^^^^^^^^^^^^ private field
 8 |         locality_footprint_digest: todo!(),
   |         ^^^^^^^^^^^^^^^^^^^^^^^^^ private field
 9 |         prior_proof_digest: todo!(),
   |         ^^^^^^^^^^^^^^^^^^ private field
10 |         evidence_support_digest: todo!(),
   |         ^^^^^^^^^^^^^^^^^^^^^^^ private field
11 |         stage_receipt_digest: todo!(),
   |         ^^^^^^^^^^^^^^^^^^^^ private field
12 |         grouped_support_digest: todo!(),
   |         ^^^^^^^^^^^^^^^^^^^^^^ private field
