warning: unreachable expression
 --> src/certification/public_facade_contracts/compile_fail/spatial_compiled_product_family/struct_literals/catalog_not_hand_filled.rs:6:19
  |
5 |         families: todo!(),
  |                   ------- any code following this expression is unreachable
6 |         counters: todo!(),
  |                   ^^^^^^^ unreachable expression
  |
  = note: `#[warn(unreachable_code)]` (part of `#[warn(unused)]`) on by default
  = note: this warning originates in the macro `todo` (in Nightly builds, run with -Z macro-backtrace for more info)

error[E0451]: fields `families`, `counters` and `catalog_digest` of struct `SpatialCompiledProductFamilyCatalog` are private
 --> src/certification/public_facade_contracts/compile_fail/spatial_compiled_product_family/struct_literals/catalog_not_hand_filled.rs:5:9
  |
4 |     let _ = SpatialCompiledProductFamilyCatalog {
  |             ----------------------------------- in this type
5 |         families: todo!(),
  |         ^^^^^^^^ private field
6 |         counters: todo!(),
  |         ^^^^^^^^ private field
7 |         catalog_digest: todo!(),
  |         ^^^^^^^^^^^^^^ private field
