error[E0451]: fields `local_frame_selection_receipt_identity`, `shared_plane_receipt_identity`, `shared_plane_identity`, `plane_agreement_identity`, `local_frame_fact_digest`, `frame_identity`, `precision_fact_digest`, `topology_basis_identity` and `movement_rotation_posture_identity` of struct `PlanarBooleanCommonPlaneLocalFrameSelectionReceipt` are private
  --> src/certification/public_facade_contracts/compile_fail/planar_boolean_common_plane/local_frame_selection_receipt_not_forgeable.rs:5:9
   |
 4 |     let _receipt = PlanarBooleanCommonPlaneLocalFrameSelectionReceipt {
   |                    -------------------------------------------------- in this type
 5 |         local_frame_selection_receipt_identity: String::new(),
   |         ^^^^^^^^^^^^^^^^^^^^^^^^^^^^^^^^^^^^^^ private field
 6 |         shared_plane_receipt_identity: String::new(),
   |         ^^^^^^^^^^^^^^^^^^^^^^^^^^^^^ private field
 7 |         shared_plane_identity: String::new(),
   |         ^^^^^^^^^^^^^^^^^^^^^ private field
 8 |         plane_agreement_identity: String::new(),
   |         ^^^^^^^^^^^^^^^^^^^^^^^^ private field
 9 |         local_frame_fact_digest: String::new(),
   |         ^^^^^^^^^^^^^^^^^^^^^^^ private field
10 |         frame_identity: String::new(),
   |         ^^^^^^^^^^^^^^ private field
11 |         precision_fact_digest: String::new(),
   |         ^^^^^^^^^^^^^^^^^^^^^ private field
12 |         topology_basis_identity: String::new(),
   |         ^^^^^^^^^^^^^^^^^^^^^^^ private field
13 |         movement_rotation_posture_identity: String::new(),
   |         ^^^^^^^^^^^^^^^^^^^^^^^^^^^^^^^^^^ private field
