error[E0451]: fields `operand_side`, `local_frame_selection_identity`, `shared_plane_receipt_identity`, `shared_plane_identity`, `plane_agreement_identity`, `projection_stage_identity`, `upstream_surface_support_identity`, `certified_plane_support_identity`, `projection_local_basis_identity`, `projected_entity_count` and `operand_projection_consumption_identity` of struct `PlanarBooleanCommonPlaneOperandProjectionConsumptionReceipt` are private
  --> src/certification/public_facade_contracts/compile_fail/planar_boolean_common_plane/operand_projection_consumption_receipt_not_forgeable.rs:8:9
   |
 7 |     let _receipt = PlanarBooleanCommonPlaneOperandProjectionConsumptionReceipt {
   |                    ----------------------------------------------------------- in this type
 8 |         operand_side: PlanarBooleanCommonPlaneOperandSide::Left,
   |         ^^^^^^^^^^^^ private field
 9 |         local_frame_selection_identity: String::new(),
   |         ^^^^^^^^^^^^^^^^^^^^^^^^^^^^^^ private field
10 |         shared_plane_receipt_identity: String::new(),
   |         ^^^^^^^^^^^^^^^^^^^^^^^^^^^^^ private field
11 |         shared_plane_identity: String::new(),
   |         ^^^^^^^^^^^^^^^^^^^^^ private field
12 |         plane_agreement_identity: String::new(),
   |         ^^^^^^^^^^^^^^^^^^^^^^^^ private field
13 |         projection_stage_identity: String::new(),
   |         ^^^^^^^^^^^^^^^^^^^^^^^^^ private field
14 |         upstream_surface_support_identity: String::new(),
   |         ^^^^^^^^^^^^^^^^^^^^^^^^^^^^^^^^^ private field
15 |         certified_plane_support_identity: String::new(),
   |         ^^^^^^^^^^^^^^^^^^^^^^^^^^^^^^^^ private field
16 |         projection_local_basis_identity: String::new(),
   |         ^^^^^^^^^^^^^^^^^^^^^^^^^^^^^^^ private field
17 |         projected_entity_count: 0,
   |         ^^^^^^^^^^^^^^^^^^^^^^ private field
18 |         operand_projection_consumption_identity: String::new(),
   |         ^^^^^^^^^^^^^^^^^^^^^^^^^^^^^^^^^^^^^^^ private field
