error[E0624]: associated function `new` is private
 --> src/certification/public_facade_contracts/compile_fail/planar_overlap/receipt_not_forgeable.rs:4:52
  |
4 |       let _receipt = CoplanarOverlapContractReceipt::new();
  |                                                      ^^^ private associated function
  |
 ::: src/planar_contracts/coplanar_overlap_contract/certificate.rs
  |
  | /     pub(crate) fn new(
  | |         basis: CoplanarOverlapContractBasis,
  | |         declaration_digest: String,
  | |         envelope_digest: String,
  | |         fact_digest: String,
  | |         counters: CoplanarOverlapPerformanceCounters,
  | |     ) -> Self {
  | |_____________- private associated function defined here

error[E0061]: this function takes 5 arguments but 0 arguments were supplied
 --> src/certification/public_facade_contracts/compile_fail/planar_overlap/receipt_not_forgeable.rs:4:20
  |
4 |     let _receipt = CoplanarOverlapContractReceipt::new();
  |                    ^^^^^^^^^^^^^^^^^^^^^^^^^^^^^^^^^^^-- multiple arguments are missing
  |
note: associated function defined here
 --> src/planar_contracts/coplanar_overlap_contract/certificate.rs
  |
  |     pub(crate) fn new(
  |                   ^^^
help: provide the arguments
  |
4 |     let _receipt = CoplanarOverlapContractReceipt::new(/* CoplanarOverlapContractBasis */, /* String */, /* String */, /* String */, /* CoplanarOverlapPerformanceCounters */);
  |                                                        ++++++++++++++++++++++++++++++++++++++++++++++++++++++++++++++++++++++++++++++++++++++++++++++++++++++++++++++++++++++
