error[E0451]: fields `product_identity`, `canonical_segment_set_identity`, `declaration_digest`, `plan_digest`, `envelope_digest`, `strategy`, `fallback_posture`, `lifecycle_outcome`, `counters` and `rows` of struct `PlanarBooleanSegmentCandidateIndexProduct` are private
  --> src/certification/public_facade_contracts/compile_fail/planar_boolean_events/candidate_index_product_not_from_raw_rows.rs:9:9
   |
 8 |     let _ = PlanarBooleanSegmentCandidateIndexProduct {
   |             ----------------------------------------- in this type
 9 |         product_identity: String::from("forged"),
   |         ^^^^^^^^^^^^^^^^ private field
10 |         canonical_segment_set_identity: String::from("synthetic"),
   |         ^^^^^^^^^^^^^^^^^^^^^^^^^^^^^^ private field
11 |         declaration_digest: String::from("fake-declaration"),
   |         ^^^^^^^^^^^^^^^^^^ private field
12 |         plan_digest: String::from("fake-plan"),
   |         ^^^^^^^^^^^ private field
13 |         envelope_digest: String::from("fake-envelope"),
   |         ^^^^^^^^^^^^^^^ private field
14 |         strategy: PlanarBooleanCandidateIndexStrategy::AabbSweep,
   |         ^^^^^^^^ private field
15 |         fallback_posture: PlanarBooleanCandidateIndexFallbackPosture::NotUsed,
   |         ^^^^^^^^^^^^^^^^ private field
16 |         lifecycle_outcome: PlanarBooleanCandidateIndexLifecycleOutcome::Bound,
   |         ^^^^^^^^^^^^^^^^^ private field
17 |         counters: unavailable_counters(),
   |         ^^^^^^^^ private field
18 |         rows: Vec::<PlanarBooleanSegmentCandidateRowReceipt>::new(),
   |         ^^^^ private field
