error: cannot construct `PlanarBooleanEventLedgerReceipt` with struct literal syntax due to private fields
  --> src/certification/public_facade_contracts/compile_fail/planar_boolean_events/event_ledger_receipt_not_forgeable.rs:7:13
   |
 7 |     let _ = PlanarBooleanEventLedgerReceipt {
   |             ^^^^^^^^^^^^^^^^^^^^^^^^^^^^^^^
 8 |         reduced_pair_identity: String::from("forged"),
   |         --------------------------------------------- private field
 9 |         event_extraction_request_identity: String::from("forged"),
   |         --------------------------------------------------------- private field
10 |         segment_carrier_set_identity: String::from("forged"),
   |         ---------------------------------------------------- private field
11 |         segment_pair_enumeration_identity: String::from("forged"),
   |         --------------------------------------------------------- private field
12 |         predicate_binding_identity: String::from("forged"),
   |         -------------------------------------------------- private field
13 |         point_event_extraction_identity: String::from("forged"),
   |         ------------------------------------------------------- private field
14 |         collinear_relation_receipt_identity: String::from("forged"),
   |         ----------------------------------------------------------- private field
15 |         interval_event_extraction_identity: String::from("forged"),
   |         ---------------------------------------------------------- private field
16 |         point_events: Vec::new(),
   |         ------------------------ private field
17 |         interval_events: Vec::new(),
   |         --------------------------- private field
18 |         relation_diagnostics: Vec::new(),
   |         -------------------------------- private field
19 |         event_groups: Vec::new(),
   |         ------------------------ private field
20 |         ordered_events: forged_ordered_events(),
   |         --------------------------------------- private field
21 |         counters: PlanarBooleanEventLedgerCounters::default(),
   |         ----------------------------------------------------- private field
22 |         event_ledger_identity: String::from("forged"),
   |         --------------------------------------------- private field
23 |         downstream_consumption_identity: String::from("forged"),
   |         ------------------------------------------------------- private field
   |
   = note: ...and other private field `segment_carriers` that was not provided
help: you might have meant to use the `new` associated function
   |
 7 -     let _ = PlanarBooleanEventLedgerReceipt {
 8 -         reduced_pair_identity: String::from("forged"),
 9 -         event_extraction_request_identity: String::from("forged"),
10 -         segment_carrier_set_identity: String::from("forged"),
11 -         segment_pair_enumeration_identity: String::from("forged"),
12 -         predicate_binding_identity: String::from("forged"),
13 -         point_event_extraction_identity: String::from("forged"),
14 -         collinear_relation_receipt_identity: String::from("forged"),
15 -         interval_event_extraction_identity: String::from("forged"),
16 -         point_events: Vec::new(),
17 -         interval_events: Vec::new(),
18 -         relation_diagnostics: Vec::new(),
19 -         event_groups: Vec::new(),
20 -         ordered_events: forged_ordered_events(),
21 -         counters: PlanarBooleanEventLedgerCounters::default(),
22 -         event_ledger_identity: String::from("forged"),
23 -         downstream_consumption_identity: String::from("forged"),
24 -     };
 7 +     let _ = PlanarBooleanEventLedgerReceipt::new(_);
   |
