error[E0603]: module `query_domain` is private
 --> src/certification/public_facade_contracts/compile_fail/public_no_n_plus_one_contract_row_not_forgeable.rs:1:15
  |
1 | use topology::query_domain::{
  |               ^^^^^^^^^^^^ private module
2 |     TopologyNoNPlusOneContract, TopologyNoNPlusOneContractRow,
  |     -------------------------- enum `TopologyNoNPlusOneContract` is not publicly re-exported
  |
note: the module `query_domain` is defined here
 --> src/lib.rs
  |
  | mod query_domain;
  | ^^^^^^^^^^^^^^^^

error[E0603]: module `query_domain` is private
 --> src/certification/public_facade_contracts/compile_fail/public_no_n_plus_one_contract_row_not_forgeable.rs:1:15
  |
1 | use topology::query_domain::{
  |               ^^^^^^^^^^^^ private module
  |
note: the module `query_domain` is defined here
 --> src/lib.rs
  |
  | mod query_domain;
  | ^^^^^^^^^^^^^^^^

error[E0603]: module `query_domain` is private
 --> src/certification/public_facade_contracts/compile_fail/public_no_n_plus_one_contract_row_not_forgeable.rs:1:15
  |
1 | use topology::query_domain::{
  |               ^^^^^^^^^^^^ private module
2 |     TopologyNoNPlusOneContract, TopologyNoNPlusOneContractRow,
3 |     TopologyNoNPlusOneContractStatus,
  |     -------------------------------- enum `TopologyNoNPlusOneContractStatus` is not publicly re-exported
  |
note: the module `query_domain` is defined here
 --> src/lib.rs
  |
  | mod query_domain;
  | ^^^^^^^^^^^^^^^^
