error[E0451]: fields `family_identity`, `family_digest`, `query_posture`, `query_receipt_digest`, `legality_posture`, `legality_receipt_digest`, `planned_disposition` and `row_digest` of struct `DerivedInvalidationSelectedRow` are private
  --> src/certification/public_facade_contracts/compile_fail/public_derived_invalidation_selected_row_not_forgeable.rs:11:9
   |
10 |     let _ = DerivedInvalidationSelectedRow {
   |             ------------------------------ in this type
11 |         family_identity: DerivedTopologyProductFamilyIdentity::LoopCycles,
   |         ^^^^^^^^^^^^^^^ private field
12 |         family_digest: String::new(),
   |         ^^^^^^^^^^^^^ private field
13 |         query_posture: DerivedTopologyQueryReceiptPosture::NativeReadReceiptRequired,
   |         ^^^^^^^^^^^^^ private field
14 |         query_receipt_digest: None,
   |         ^^^^^^^^^^^^^^^^^^^^ private field
15 |         legality_posture: DerivedTopologyLegalityReceiptPosture::SelectedLegalityReceiptRequired,
   |         ^^^^^^^^^^^^^^^^ private field
16 |         legality_receipt_digest: None,
   |         ^^^^^^^^^^^^^^^^^^^^^^^ private field
17 |         planned_disposition: DerivedInvalidationPlannedDisposition::IncrementalUpdate,
   |         ^^^^^^^^^^^^^^^^^^^ private field
18 |         row_digest: String::new(),
   |         ^^^^^^^^^^ private field
