error[E0451]: fields `selected_plan_digest`, `touched_closure_digest`, `query_support_digest`, `legality_support_digest`, `selected_product_count`, `denied_product_count`, `unaffected_product_count` and `seed_digest` of struct `DerivedInvalidationPhaseFourSeed` are private
  --> src/certification/public_facade_contracts/compile_fail/public_derived_invalidation_phase_four_seed_not_forgeable.rs:5:9
   |
 4 |     let _ = DerivedInvalidationPhaseFourSeed {
   |             -------------------------------- in this type
 5 |         selected_plan_digest: String::new(),
   |         ^^^^^^^^^^^^^^^^^^^^ private field
 6 |         touched_closure_digest: String::new(),
   |         ^^^^^^^^^^^^^^^^^^^^^^ private field
 7 |         query_support_digest: String::new(),
   |         ^^^^^^^^^^^^^^^^^^^^ private field
 8 |         legality_support_digest: String::new(),
   |         ^^^^^^^^^^^^^^^^^^^^^^^ private field
 9 |         selected_product_count: 0,
   |         ^^^^^^^^^^^^^^^^^^^^^^ private field
10 |         denied_product_count: 0,
   |         ^^^^^^^^^^^^^^^^^^^^ private field
11 |         unaffected_product_count: 0,
   |         ^^^^^^^^^^^^^^^^^^^^^^^^ private field
12 |         seed_digest: String::new(),
   |         ^^^^^^^^^^^ private field
