error[E0432]: unresolved imports `topology::facade::declare_persistent_name_live_view`, `topology::facade::declare_topology_diagnostics_surface`, `topology::facade::declare_topology_entity_live_view`, `topology::facade::declare_topology_equivalence_contract_surface`, `topology::facade::declare_topology_interpreted_surface`, `topology::facade::declare_topology_materialized_surface`, `topology::facade::declare_topology_relation_live_view`, `topology::facade::declare_topology_validation_surface`, `topology::facade::naming_attachment_report_from_query_input`, `topology::facade::persistent_name_live_view_declaration`, `topology::facade::topology_diagnostics_computed_declaration`, `topology::facade::topology_entity_live_view_declaration`, `topology::facade::topology_equivalence_contract_computed_declaration`, `topology::facade::topology_interpreted_computed_declaration`, `topology::facade::topology_materialized_computed_declaration`, `topology::facade::topology_relation_live_view_declaration`, `topology::facade::topology_validation_computed_declaration`, `topology::facade::TopologyDiagnosticsMaintainer`, `topology::facade::TopologyEquivalenceContractMaintainer`, `topology::facade::TopologyInterpretedMaintainer`, `topology::facade::TopologyMaterializedMaintainer`, `topology::facade::TopologyNamingAttachmentInput`, `topology::facade::TopologyQueryMutationEvidence`, `topology::facade::TopologyQuerySurfaceError`, `topology::facade::TopologyValidationMaintainer`
  --> src/certification/public_facade_contracts/compile_fail/public_projection_surface_entry_not_exported.rs:2:5
   |
 2 |     declare_persistent_name_live_view, declare_topology_diagnostics_surface,
   |     ^^^^^^^^^^^^^^^^^^^^^^^^^^^^^^^^^  ^^^^^^^^^^^^^^^^^^^^^^^^^^^^^^^^^^^^ no `declare_topology_diagnostics_surface` in `facade`
   |     |
   |     no `declare_persistent_name_live_view` in `facade`
 3 |     declare_topology_entity_live_view, declare_topology_equivalence_contract_surface,
   |     ^^^^^^^^^^^^^^^^^^^^^^^^^^^^^^^^^  ^^^^^^^^^^^^^^^^^^^^^^^^^^^^^^^^^^^^^^^^^^^^^ no `declare_topology_equivalence_contract_surface` in `facade`
   |     |
   |     no `declare_topology_entity_live_view` in `facade`
 4 |     declare_topology_interpreted_surface, declare_topology_materialized_surface,
   |     ^^^^^^^^^^^^^^^^^^^^^^^^^^^^^^^^^^^^  ^^^^^^^^^^^^^^^^^^^^^^^^^^^^^^^^^^^^^ no `declare_topology_materialized_surface` in `facade`
   |     |
   |     no `declare_topology_interpreted_surface` in `facade`
 5 |     declare_topology_relation_live_view, declare_topology_validation_surface,
   |     ^^^^^^^^^^^^^^^^^^^^^^^^^^^^^^^^^^^  ^^^^^^^^^^^^^^^^^^^^^^^^^^^^^^^^^^^ no `declare_topology_validation_surface` in `facade`
   |     |
   |     no `declare_topology_relation_live_view` in `facade`
 6 |     naming_attachment_report_from_query_input, persistent_name_live_view_declaration,
   |     ^^^^^^^^^^^^^^^^^^^^^^^^^^^^^^^^^^^^^^^^^  ^^^^^^^^^^^^^^^^^^^^^^^^^^^^^^^^^^^^^ no `persistent_name_live_view_declaration` in `facade`
   |     |
   |     no `naming_attachment_report_from_query_input` in `facade`
 7 |     topology_diagnostics_computed_declaration, topology_entity_live_view_declaration,
   |     ^^^^^^^^^^^^^^^^^^^^^^^^^^^^^^^^^^^^^^^^^  ^^^^^^^^^^^^^^^^^^^^^^^^^^^^^^^^^^^^^
 8 |     topology_equivalence_contract_computed_declaration, topology_interpreted_computed_declaration,
   |     ^^^^^^^^^^^^^^^^^^^^^^^^^^^^^^^^^^^^^^^^^^^^^^^^^^  ^^^^^^^^^^^^^^^^^^^^^^^^^^^^^^^^^^^^^^^^^
 9 |     topology_materialized_computed_declaration, topology_relation_live_view_declaration,
   |     ^^^^^^^^^^^^^^^^^^^^^^^^^^^^^^^^^^^^^^^^^^  ^^^^^^^^^^^^^^^^^^^^^^^^^^^^^^^^^^^^^^^
10 |     topology_validation_computed_declaration, TopologyDiagnosticsMaintainer,
   |     ^^^^^^^^^^^^^^^^^^^^^^^^^^^^^^^^^^^^^^^^  ^^^^^^^^^^^^^^^^^^^^^^^^^^^^^
11 |     TopologyEquivalenceContractMaintainer, TopologyInterpretedMaintainer,
   |     ^^^^^^^^^^^^^^^^^^^^^^^^^^^^^^^^^^^^^  ^^^^^^^^^^^^^^^^^^^^^^^^^^^^^
12 |     TopologyMaterializedMaintainer, TopologyNamingAttachmentInput, TopologyQueryMutationEvidence,
   |     ^^^^^^^^^^^^^^^^^^^^^^^^^^^^^^  ^^^^^^^^^^^^^^^^^^^^^^^^^^^^^  ^^^^^^^^^^^^^^^^^^^^^^^^^^^^^
13 |     TopologyQuerySurfaceError, TopologyValidationMaintainer,
   |     ^^^^^^^^^^^^^^^^^^^^^^^^^  ^^^^^^^^^^^^^^^^^^^^^^^^^^^^
