error[E0451]: fields `phase_eight_seed_digest`, `migration_sweep_digest`, `inventory_digest`, `deletion_ledger`, `residue_audit`, `source_firewall`, `deletion_audit`, `counters`, `phase_nine_seed` and `closeout_digest` of struct `DerivedInvalidationDeletionCloseout` are private
  --> src/certification/public_facade_contracts/compile_fail/public_derived_invalidation_deletion_closeout_not_forgeable.rs:10:9
   |
 9 |     let _ = DerivedInvalidationDeletionCloseout {
   |             ----------------------------------- in this type
10 |         phase_eight_seed_digest: String::new(),
   |         ^^^^^^^^^^^^^^^^^^^^^^^ private field
11 |         migration_sweep_digest: String::new(),
   |         ^^^^^^^^^^^^^^^^^^^^^^ private field
12 |         inventory_digest: String::new(),
   |         ^^^^^^^^^^^^^^^^ private field
13 |         deletion_ledger: fake_deletion_ledger(),
   |         ^^^^^^^^^^^^^^^ private field
14 |         residue_audit: fake_residue_audit(),
   |         ^^^^^^^^^^^^^ private field
15 |         source_firewall: fake_source_firewall(),
   |         ^^^^^^^^^^^^^^^ private field
16 |         deletion_audit: fake_deletion_audit(),
   |         ^^^^^^^^^^^^^^ private field
17 |         counters: fake_counters(),
   |         ^^^^^^^^ private field
18 |         phase_nine_seed: fake_phase_nine_seed(),
   |         ^^^^^^^^^^^^^^^ private field
19 |         closeout_digest: String::new(),
   |         ^^^^^^^^^^^^^^^ private field
