error[E0451]: fields `operator_cutover_receipt_digest`, `projection_read_stage_receipt_digest`, `selected_plan_digest`, `execution_receipt_digest`, `touched_closure_digest`, `query_support_digest`, `legality_support_digest`, `counters_digest` and `seed_digest` of struct `DerivedInvalidationPhaseEightSeed` are private
  --> src/certification/public_facade_contracts/compile_fail/public_derived_invalidation_phase_eight_seed_not_forgeable.rs:5:9
   |
 4 |     let _ = DerivedInvalidationPhaseEightSeed {
   |             --------------------------------- in this type
 5 |         operator_cutover_receipt_digest: String::new(),
   |         ^^^^^^^^^^^^^^^^^^^^^^^^^^^^^^^ private field
 6 |         projection_read_stage_receipt_digest: String::new(),
   |         ^^^^^^^^^^^^^^^^^^^^^^^^^^^^^^^^^^^^ private field
 7 |         selected_plan_digest: String::new(),
   |         ^^^^^^^^^^^^^^^^^^^^ private field
 8 |         execution_receipt_digest: String::new(),
   |         ^^^^^^^^^^^^^^^^^^^^^^^^ private field
 9 |         touched_closure_digest: String::new(),
   |         ^^^^^^^^^^^^^^^^^^^^^^ private field
10 |         query_support_digest: String::new(),
   |         ^^^^^^^^^^^^^^^^^^^^ private field
11 |         legality_support_digest: String::new(),
   |         ^^^^^^^^^^^^^^^^^^^^^^^ private field
12 |         counters_digest: String::new(),
   |         ^^^^^^^^^^^^^^^ private field
13 |         seed_digest: String::new(),
   |         ^^^^^^^^^^^ private field
