error[E0277]: the trait bound `TopologyCompiledProductFamilyAdmittedInput: serde::Deserialize<'de>` is not satisfied
 --> src/certification/public_facade_contracts/compile_fail/public_topology_compiled_product_family_proof_products_not_deserializable.rs:7:9
  |
7 |         serde_json::from_str("{}").expect("compile-fail fixture does not execute");
  |         ^^^^^^^^^^^^^^^^^^^^^^^^^^ the trait `serde_core::de::Deserialize<'_>` is not implemented for `TopologyCompiledProductFamilyAdmittedInput`
  |
  = note: for local types consider adding `#[derive(serde::Deserialize)]` to your `TopologyCompiledProductFamilyAdmittedInput` type
  = note: for types from other crates check whether the crate offers a `serde` feature flag
  = help: the following other types implement trait `serde_core::de::Deserialize<'de>`:
            `&'a Path` implements `serde_core::de::Deserialize<'de>`
            `&'a [u8]` implements `serde_core::de::Deserialize<'de>`
            `&'a str` implements `serde_core::de::Deserialize<'de>`
            `()` implements `serde_core::de::Deserialize<'de>`
            `(T,)` implements `serde_core::de::Deserialize<'de>`
            `(T0, T1)` implements `serde_core::de::Deserialize<'de>`
            `(T0, T1, T2)` implements `serde_core::de::Deserialize<'de>`
            `(T0, T1, T2, T3)` implements `serde_core::de::Deserialize<'de>`
          and $N others
note: required by a bound in `serde_json::from_str`
 --> $CARGO/serde_json-$VERSION/src/de.rs
  |
  | pub fn from_str<'a, T>(s: &'a str) -> Result<T>
  |        -------- required by a bound in this function
  | where
  |     T: de::Deserialize<'a>,
  |        ^^^^^^^^^^^^^^^^^^^ required by this bound in `from_str`

error[E0277]: the trait bound `TopologyCompiledProductLoweredIdentity: serde::Deserialize<'de>` is not satisfied
 --> src/certification/public_facade_contracts/compile_fail/public_topology_compiled_product_family_proof_products_not_deserializable.rs:9:9
  |
9 |         serde_json::from_str("{}").expect("compile-fail fixture does not execute");
  |         ^^^^^^^^^^^^^^^^^^^^^^^^^^ the trait `serde_core::de::Deserialize<'_>` is not implemented for `TopologyCompiledProductLoweredIdentity`
  |
  = note: for local types consider adding `#[derive(serde::Deserialize)]` to your `TopologyCompiledProductLoweredIdentity` type
  = note: for types from other crates check whether the crate offers a `serde` feature flag
  = help: the following other types implement trait `serde_core::de::Deserialize<'de>`:
            `&'a Path` implements `serde_core::de::Deserialize<'de>`
            `&'a [u8]` implements `serde_core::de::Deserialize<'de>`
            `&'a str` implements `serde_core::de::Deserialize<'de>`
            `()` implements `serde_core::de::Deserialize<'de>`
            `(T,)` implements `serde_core::de::Deserialize<'de>`
            `(T0, T1)` implements `serde_core::de::Deserialize<'de>`
            `(T0, T1, T2)` implements `serde_core::de::Deserialize<'de>`
            `(T0, T1, T2, T3)` implements `serde_core::de::Deserialize<'de>`
          and $N others
note: required by a bound in `serde_json::from_str`
 --> $CARGO/serde_json-$VERSION/src/de.rs
  |
  | pub fn from_str<'a, T>(s: &'a str) -> Result<T>
  |        -------- required by a bound in this function
  | where
  |     T: de::Deserialize<'a>,
  |        ^^^^^^^^^^^^^^^^^^^ required by this bound in `from_str`
