error[E0451]: fields `milestone_ten_closeout_digest`, `selected_plan_digest`, `execution_receipt_digest`, `touched_closure_digest`, `query_support_digest`, `legality_support_digest`, `product_summary_digest`, `performance_proof_digest`, `deletion_audit_digest`, `counters_digest`, `lookup_readiness`, `topology_derived_product_receipts` and `seed_digest` of struct `DerivedInvalidationMilestoneElevenSeed` are private
  --> src/certification/public_facade_contracts/compile_fail/public_derived_invalidation_milestone_eleven_seed_not_forgeable.rs:8:9
   |
 7 |     let _ = DerivedInvalidationMilestoneElevenSeed {
   |             -------------------------------------- in this type
 8 |         milestone_ten_closeout_digest: String::new(),
   |         ^^^^^^^^^^^^^^^^^^^^^^^^^^^^^ private field
 9 |         selected_plan_digest: String::new(),
   |         ^^^^^^^^^^^^^^^^^^^^ private field
10 |         execution_receipt_digest: String::new(),
   |         ^^^^^^^^^^^^^^^^^^^^^^^^ private field
11 |         touched_closure_digest: String::new(),
   |         ^^^^^^^^^^^^^^^^^^^^^^ private field
12 |         query_support_digest: String::new(),
   |         ^^^^^^^^^^^^^^^^^^^^ private field
13 |         legality_support_digest: String::new(),
   |         ^^^^^^^^^^^^^^^^^^^^^^^ private field
14 |         product_summary_digest: String::new(),
   |         ^^^^^^^^^^^^^^^^^^^^^^ private field
15 |         performance_proof_digest: String::new(),
   |         ^^^^^^^^^^^^^^^^^^^^^^^^ private field
16 |         deletion_audit_digest: String::new(),
   |         ^^^^^^^^^^^^^^^^^^^^^ private field
17 |         counters_digest: String::new(),
   |         ^^^^^^^^^^^^^^^ private field
18 |         lookup_readiness:
   |         ^^^^^^^^^^^^^^^^ private field
19 |             DerivedInvalidationMilestoneElevenLookupReadiness::TopologyDerivedReceiptsReadySpatialEvidenceNotBound,
20 |         topology_derived_product_receipts: fake_product_receipt_refs(),
   |         ^^^^^^^^^^^^^^^^^^^^^^^^^^^^^^^^^ private field
21 |         seed_digest: String::new(),
   |         ^^^^^^^^^^^ private field
