error[E0432]: unresolved imports `topology::facade::topology_current_head_authoritative_context`, `topology::facade::topology_query_domain`, `topology::facade::topology_query_domain_entry`, `topology::facade::topology_query_domain_entry_checked`, `topology::facade::topology_query_domain_proof_root`, `topology::facade::topology_snapshot_read_only_context`, `topology::facade::TopologyCurrentHeadAuthoritativeContext`, `topology::facade::TopologyCurrentHeadConfiguredDomainHandle`, `topology::facade::TopologyCurrentHeadConfiguredDomainHandleChecked`, `topology::facade::TopologyQueryDomain`, `topology::facade::TopologySnapshotReadOnlyConfiguredDomainHandle`, `topology::facade::TopologySnapshotReadOnlyConfiguredDomainHandleChecked`, `topology::facade::TopologySnapshotReadOnlyContext`
 --> src/certification/public_facade_contracts/compile_fail/public_topology_query_domain_entry_not_exported_from_facade.rs:2:5
  |
2 |     topology_current_head_authoritative_context, topology_query_domain,
  |     ^^^^^^^^^^^^^^^^^^^^^^^^^^^^^^^^^^^^^^^^^^^  ^^^^^^^^^^^^^^^^^^^^^ no `topology_query_domain` in `facade`
  |     |
  |     no `topology_current_head_authoritative_context` in `facade`
3 |     topology_query_domain_entry, topology_query_domain_entry_checked,
  |     ^^^^^^^^^^^^^^^^^^^^^^^^^^^  ^^^^^^^^^^^^^^^^^^^^^^^^^^^^^^^^^^^ no `topology_query_domain_entry_checked` in `facade`
  |     |
  |     no `topology_query_domain_entry` in `facade`
4 |     topology_query_domain_proof_root, topology_snapshot_read_only_context,
  |     ^^^^^^^^^^^^^^^^^^^^^^^^^^^^^^^^  ^^^^^^^^^^^^^^^^^^^^^^^^^^^^^^^^^^^ no `topology_snapshot_read_only_context` in `facade`
  |     |
  |     no `topology_query_domain_proof_root` in `facade`
5 |     TopologyCurrentHeadAuthoritativeContext, TopologyCurrentHeadConfiguredDomainHandle,
  |     ^^^^^^^^^^^^^^^^^^^^^^^^^^^^^^^^^^^^^^^  ^^^^^^^^^^^^^^^^^^^^^^^^^^^^^^^^^^^^^^^^^ no `TopologyCurrentHeadConfiguredDomainHandle` in `facade`
  |     |
  |     no `TopologyCurrentHeadAuthoritativeContext` in `facade`
6 |     TopologyCurrentHeadConfiguredDomainHandleChecked, TopologyQueryDomain,
  |     ^^^^^^^^^^^^^^^^^^^^^^^^^^^^^^^^^^^^^^^^^^^^^^^^  ^^^^^^^^^^^^^^^^^^^ no `TopologyQueryDomain` in `facade`
  |     |
  |     no `TopologyCurrentHeadConfiguredDomainHandleChecked` in `facade`
7 |     TopologySnapshotReadOnlyConfiguredDomainHandle,
  |     ^^^^^^^^^^^^^^^^^^^^^^^^^^^^^^^^^^^^^^^^^^^^^^
8 |     TopologySnapshotReadOnlyConfiguredDomainHandleChecked, TopologySnapshotReadOnlyContext,
  |     ^^^^^^^^^^^^^^^^^^^^^^^^^^^^^^^^^^^^^^^^^^^^^^^^^^^^^  ^^^^^^^^^^^^^^^^^^^^^^^^^^^^^^^
  |
  = help: consider importing this struct instead:
          topology::query_domain::TopologyCurrentHeadAuthoritativeContext
  = help: consider importing this type alias instead:
          topology::query_domain::TopologyCurrentHeadConfiguredDomainHandle
  = help: consider importing this type alias instead:
          topology::query_domain::TopologyCurrentHeadConfiguredDomainHandleChecked
  = help: consider importing this struct instead:
          topology::query_domain::TopologyQueryDomain
