warning: unreachable expression
  --> src/certification/public_facade_contracts/compile_fail/public_topology_read_request_report_not_forgeable.rs:10:27
   |
 9 |         lowering_artifact: todo!(),
   |                            ------- any code following this expression is unreachable
10 |         execution_engine: TopologyReadExecutionEngine::QueryRuntimeCurrent,
   |                           ^^^^^^^^^^^^^^^^^^^^^^^^^^^^^^^^^^^^^^^^^^^^^^^^ unreachable expression
   |
   = note: `#[warn(unreachable_code)]` (part of `#[warn(unused)]`) on by default

error: cannot construct `TopologyReadRequestReport` with struct literal syntax due to private fields
  --> src/certification/public_facade_contracts/compile_fail/public_topology_read_request_report_not_forgeable.rs:7:13
   |
 7 |     let _ = TopologyReadRequestReport {
   |             ^^^^^^^^^^^^^^^^^^^^^^^^^
 8 |         request_family: TopologyReadRequestFamily::LoopCycleNeighborhood,
   |         ---------------------------------------------------------------- private field
 9 |         lowering_artifact: todo!(),
   |         -------------------------- private field
10 |         execution_engine: TopologyReadExecutionEngine::QueryRuntimeCurrent,
   |         ------------------------------------------------------------------ private field
11 |         executed_scope_class: None,
   |         -------------------------- private field
12 |         executed_query_digest: None,
   |         --------------------------- private field
13 |         executed_built_in_operator_coverage: Vec::new(),
   |         ----------------------------------------------- private field
14 |         fallback_posture: todo!(),
   |         ------------------------- private field
15 |         query_execution_count: 0,
   |         ------------------------ private field
16 |         lowered_traversal_count: 0,
   |         -------------------------- private field
17 |         relationship_proof_admission_count: 0,
   |         ------------------------------------- private field
18 |         row_scan_fallback_count: 0,
   |         -------------------------- private field
19 |         whole_view_fallback_count: 0,
   |         ---------------------------- private field
20 |         repeated_rediscovery_denied_count: 0,
   |         ------------------------------------ private field
   |
   = note: ...and other private fields `executed_basis_digest`, `executed_snapshot_identity` and `graph_access_proof` that were not provided
help: you might have meant to use the `query_execution_without_fallback_debt` associated function
   |
 7 -     let _ = TopologyReadRequestReport {
 8 -         request_family: TopologyReadRequestFamily::LoopCycleNeighborhood,
 9 -         lowering_artifact: todo!(),
10 -         execution_engine: TopologyReadExecutionEngine::QueryRuntimeCurrent,
11 -         executed_scope_class: None,
12 -         executed_query_digest: None,
13 -         executed_built_in_operator_coverage: Vec::new(),
14 -         fallback_posture: todo!(),
15 -         query_execution_count: 0,
16 -         lowered_traversal_count: 0,
17 -         relationship_proof_admission_count: 0,
18 -         row_scan_fallback_count: 0,
19 -         whole_view_fallback_count: 0,
20 -         repeated_rediscovery_denied_count: 0,
21 -     };
 7 +     let _ = TopologyReadRequestReport::query_execution_without_fallback_debt(_, _);
   |
