error[E0451]: fields `selected_plan_digest`, `touched_closure_digest`, `query_support_digest`, `legality_support_digest`, `traversal_views_selected_row_digest`, `native_query_read_receipt_digest`, `selected_legality_receipt_digest`, `read_source_digest`, `touched_closure_traversal_bound`, `selected_traversal_count`, `available_traversal_count`, `selected_rows` and `receipt_digest` of struct `TraversalViewsReadStageReceipt` are private
  --> src/certification/public_facade_contracts/compile_fail/public_traversal_views_read_stage_receipt_not_forgeable.rs:7:9
   |
 6 |     let _ = TraversalViewsReadStageReceipt {
   |             ------------------------------ in this type
 7 |         selected_plan_digest: String::new(),
   |         ^^^^^^^^^^^^^^^^^^^^ private field
 8 |         touched_closure_digest: String::new(),
   |         ^^^^^^^^^^^^^^^^^^^^^^ private field
 9 |         query_support_digest: String::new(),
   |         ^^^^^^^^^^^^^^^^^^^^ private field
10 |         legality_support_digest: String::new(),
   |         ^^^^^^^^^^^^^^^^^^^^^^^ private field
11 |         traversal_views_selected_row_digest: String::new(),
   |         ^^^^^^^^^^^^^^^^^^^^^^^^^^^^^^^^^^^ private field
12 |         native_query_read_receipt_digest: String::new(),
   |         ^^^^^^^^^^^^^^^^^^^^^^^^^^^^^^^^ private field
13 |         selected_legality_receipt_digest: String::new(),
   |         ^^^^^^^^^^^^^^^^^^^^^^^^^^^^^^^^ private field
14 |         read_source_digest: String::new(),
   |         ^^^^^^^^^^^^^^^^^^ private field
15 |         touched_closure_traversal_bound: 0,
   |         ^^^^^^^^^^^^^^^^^^^^^^^^^^^^^^^ private field
16 |         selected_traversal_count: 0,
   |         ^^^^^^^^^^^^^^^^^^^^^^^^ private field
17 |         available_traversal_count: 0,
   |         ^^^^^^^^^^^^^^^^^^^^^^^^^ private field
18 |         selected_rows: fake_selected_rows(),
   |         ^^^^^^^^^^^^^ private field
19 |         receipt_digest: String::new(),
   |         ^^^^^^^^^^^^^^ private field
