error: cannot construct `TopologyDomainQueryCloseoutRow` with struct literal syntax due to private fields
  --> src/certification/public_facade_contracts/compile_fail/public_domain_query_closeout_row_not_forgeable.rs:7:13
   |
 7 |     let _ = TopologyDomainQueryCloseoutRow {
   |             ^^^^^^^^^^^^^^^^^^^^^^^^^^^^^^
 8 |         request_family: TopologyDomainQueryRequestFamily::LoopCycleNeighborhood,
   |         ----------------------------------------------------------------------- private field
 9 |         status: TopologyDomainQueryCloseoutStatus::QueryExecutedDebtFree,
   |         ---------------------------------------------------------------- private field
10 |         request_count: 1,
   |         ---------------- private field
11 |         query_execution_count: 1,
   |         ------------------------ private field
12 |         locality_claim_mismatch_count: 0,
   |         -------------------------------- private field
13 |         debt_row_count: 0,
   |         ----------------- private field
14 |         row_scan_fallback_count: 0,
   |         -------------------------- private field
15 |         whole_view_fallback_count: 0,
   |         ---------------------------- private field
16 |         repeated_rediscovery_denied_count: 0,
   |         ------------------------------------ private field
   |
   = note: ...and other private fields `reason` and `row_digest` that were not provided
