error[E0432]: unresolved imports `topology::facade::TopologyCurrentHeadReadHandleExt`, `topology::facade::TopologyCurrentHeadReadSession`, `topology::facade::TopologyReadProofReport`, `topology::facade::TopologyReadRequestFamily`, `topology::facade::TopologySnapshotReadOnlyReadHandleExt`, `topology::facade::TopologySnapshotReadOnlyReadSession`
 --> src/certification/public_facade_contracts/compile_fail/public_topology_reads_not_exported_from_facade.rs:2:5
  |
2 |     TopologyCurrentHeadReadHandleExt, TopologyCurrentHeadReadSession, TopologyReadProofReport,
  |     ^^^^^^^^^^^^^^^^^^^^^^^^^^^^^^^^  ^^^^^^^^^^^^^^^^^^^^^^^^^^^^^^  ^^^^^^^^^^^^^^^^^^^^^^^ no `TopologyReadProofReport` in `facade`
  |     |                                 |
  |     |                                 no `TopologyCurrentHeadReadSession` in `facade`
  |     no `TopologyCurrentHeadReadHandleExt` in `facade`
3 |     TopologyReadRequestFamily, TopologySnapshotReadOnlyReadHandleExt,
  |     ^^^^^^^^^^^^^^^^^^^^^^^^^  ^^^^^^^^^^^^^^^^^^^^^^^^^^^^^^^^^^^^^ no `TopologySnapshotReadOnlyReadHandleExt` in `facade`
  |     |
  |     no `TopologyReadRequestFamily` in `facade`
4 |     TopologySnapshotReadOnlyReadSession,
  |     ^^^^^^^^^^^^^^^^^^^^^^^^^^^^^^^^^^^ no `TopologySnapshotReadOnlyReadSession` in `facade`
  |
  = help: consider importing this trait instead:
          topology::query_domain::TopologyCurrentHeadReadHandleExt
  = help: consider importing this type alias instead:
          topology::query_domain::TopologyCurrentHeadReadSession
  = help: consider importing this struct instead:
          topology::query_domain::TopologyReadProofReport
  = help: consider importing this enum instead:
          topology::query_domain::TopologyReadRequestFamily
  = help: consider importing this trait instead:
          topology::query_domain::TopologySnapshotReadOnlyReadHandleExt
  = help: consider importing this type alias instead:
          topology::query_domain::TopologySnapshotReadOnlyReadSession
