error[E0432]: unresolved imports `topology::projection::topology_current_head_authoritative_context`, `topology::projection::topology_query_domain`, `topology::projection::topology_query_domain_entry`, `topology::projection::topology_query_domain_entry_checked`, `topology::projection::topology_query_domain_proof_root`, `topology::projection::topology_snapshot_read_only_context`, `topology::projection::TopologyCurrentHeadAuthoritativeContext`, `topology::projection::TopologyCurrentHeadConfiguredDomainHandle`, `topology::projection::TopologyCurrentHeadConfiguredDomainHandleChecked`, `topology::projection::TopologyQueryDomain`, `topology::projection::TopologySnapshotReadOnlyConfiguredDomainHandle`, `topology::projection::TopologySnapshotReadOnlyConfiguredDomainHandleChecked`, `topology::projection::TopologySnapshotReadOnlyContext`
 --> src/certification/public_facade_contracts/compile_fail/public_topology_query_domain_entry_not_exported_from_projection.rs:2:5
  |
2 |     topology_current_head_authoritative_context, topology_query_domain,
  |     ^^^^^^^^^^^^^^^^^^^^^^^^^^^^^^^^^^^^^^^^^^^  ^^^^^^^^^^^^^^^^^^^^^ no `topology_query_domain` in `projection`
  |     |
  |     no `topology_current_head_authoritative_context` in `projection`
3 |     topology_query_domain_entry, topology_query_domain_entry_checked,
  |     ^^^^^^^^^^^^^^^^^^^^^^^^^^^  ^^^^^^^^^^^^^^^^^^^^^^^^^^^^^^^^^^^ no `topology_query_domain_entry_checked` in `projection`
  |     |
  |     no `topology_query_domain_entry` in `projection`
4 |     topology_query_domain_proof_root, topology_snapshot_read_only_context,
  |     ^^^^^^^^^^^^^^^^^^^^^^^^^^^^^^^^  ^^^^^^^^^^^^^^^^^^^^^^^^^^^^^^^^^^^ no `topology_snapshot_read_only_context` in `projection`
  |     |
  |     no `topology_query_domain_proof_root` in `projection`
5 |     TopologyCurrentHeadAuthoritativeContext, TopologyCurrentHeadConfiguredDomainHandle,
  |     ^^^^^^^^^^^^^^^^^^^^^^^^^^^^^^^^^^^^^^^  ^^^^^^^^^^^^^^^^^^^^^^^^^^^^^^^^^^^^^^^^^ no `TopologyCurrentHeadConfiguredDomainHandle` in `projection`
  |     |
  |     no `TopologyCurrentHeadAuthoritativeContext` in `projection`
6 |     TopologyCurrentHeadConfiguredDomainHandleChecked, TopologyQueryDomain,
  |     ^^^^^^^^^^^^^^^^^^^^^^^^^^^^^^^^^^^^^^^^^^^^^^^^  ^^^^^^^^^^^^^^^^^^^ no `TopologyQueryDomain` in `projection`
  |     |
  |     no `TopologyCurrentHeadConfiguredDomainHandleChecked` in `projection`
7 |     TopologySnapshotReadOnlyConfiguredDomainHandle,
  |     ^^^^^^^^^^^^^^^^^^^^^^^^^^^^^^^^^^^^^^^^^^^^^^
8 |     TopologySnapshotReadOnlyConfiguredDomainHandleChecked, TopologySnapshotReadOnlyContext,
  |     ^^^^^^^^^^^^^^^^^^^^^^^^^^^^^^^^^^^^^^^^^^^^^^^^^^^^^  ^^^^^^^^^^^^^^^^^^^^^^^^^^^^^^^

error[E0603]: module `projection` is private
 --> src/certification/public_facade_contracts/compile_fail/public_topology_query_domain_entry_not_exported_from_projection.rs:1:15
  |
1 | use topology::projection::{
  |               ^^^^^^^^^^ private module
  |
note: the module `projection` is defined here
 --> src/lib.rs
  |
  | mod projection;
  | ^^^^^^^^^^^^^^
