error: cannot construct `TopologyRuntimeAdapters` with struct literal syntax due to private fields
 --> src/certification/public_facade_contracts/compile_fail/public_runtime_adapters_not_forgeable.rs:4:13
  |
4 |     let _ = TopologyRuntimeAdapters {
  |             ^^^^^^^^^^^^^^^^^^^^^^^
5 |         support: TopologyRuntimeSupport::snapshot_read_only(),
  |         ----------------------------------------------------- private field
  |
  = note: ...and other private fields `binding` and `declaration_initialization` that were not provided
help: you might have meant to use an associated function to build this type
  |
4 -     let _ = TopologyRuntimeAdapters {
5 -         support: TopologyRuntimeSupport::snapshot_read_only(),
6 -     };
4 +     let _ = TopologyRuntimeAdapters::current_head(_);
  |
4 -     let _ = TopologyRuntimeAdapters {
5 -         support: TopologyRuntimeSupport::snapshot_read_only(),
6 -     };
4 +     let _ = TopologyRuntimeAdapters::snapshot_read_only(_, _);
  |
4 -     let _ = TopologyRuntimeAdapters {
5 -         support: TopologyRuntimeSupport::snapshot_read_only(),
6 -     };
4 +     let _ = TopologyRuntimeAdapters::snapshot_historical_basis(_, _);
  |
