error[E0603]: module `query_domain` is private
 --> src/certification/public_facade_contracts/compile_fail/public_topology_read_closeout_report_not_forgeable.rs:1:15
  |
1 | use topology::query_domain::TopologyReadCloseoutReport;
  |               ^^^^^^^^^^^^ private module
  |
note: the module `query_domain` is defined here
 --> src/lib.rs
  |
  | mod query_domain;
  | ^^^^^^^^^^^^^^^^

warning: unreachable expression
 --> src/certification/public_facade_contracts/compile_fail/public_topology_read_closeout_report_not_forgeable.rs:6:38
  |
5 |         proof_report: todo!(),
  |                       ------- any code following this expression is unreachable
6 |         query_executed_family_count: 0,
  |                                      ^ unreachable expression
  |
  = note: `#[warn(unreachable_code)]` (part of `#[warn(unused)]`) on by default
