error[E0451]: fields `selected_plan_digest`, `touched_closure_digest`, `query_support_digest`, `legality_support_digest`, `materialized_graph_selected_row_digest`, `native_query_read_receipt_digest`, `selected_legality_receipt_digest`, `read_source_digest`, `selected_entity_count`, `selected_relation_count`, `available_entity_count`, `available_relation_count`, `topology_entity_count`, `topology_relation_count`, `selected_entity_rows`, `selected_relation_rows` and `receipt_digest` of struct `MaterializedGraphReadStageReceipt` are private
  --> src/certification/public_facade_contracts/compile_fail/public_materialized_graph_read_stage_receipt_not_forgeable.rs:8:9
   |
 7 |     let _ = MaterializedGraphReadStageReceipt {
   |             --------------------------------- in this type
 8 |         selected_plan_digest: String::new(),
   |         ^^^^^^^^^^^^^^^^^^^^ private field
 9 |         touched_closure_digest: String::new(),
   |         ^^^^^^^^^^^^^^^^^^^^^^ private field
10 |         query_support_digest: String::new(),
   |         ^^^^^^^^^^^^^^^^^^^^ private field
11 |         legality_support_digest: String::new(),
   |         ^^^^^^^^^^^^^^^^^^^^^^^ private field
12 |         materialized_graph_selected_row_digest: String::new(),
   |         ^^^^^^^^^^^^^^^^^^^^^^^^^^^^^^^^^^^^^^ private field
13 |         native_query_read_receipt_digest: String::new(),
   |         ^^^^^^^^^^^^^^^^^^^^^^^^^^^^^^^^ private field
14 |         selected_legality_receipt_digest: String::new(),
   |         ^^^^^^^^^^^^^^^^^^^^^^^^^^^^^^^^ private field
15 |         read_source_digest: String::new(),
   |         ^^^^^^^^^^^^^^^^^^ private field
16 |         selected_entity_count: 0,
   |         ^^^^^^^^^^^^^^^^^^^^^ private field
17 |         selected_relation_count: 0,
   |         ^^^^^^^^^^^^^^^^^^^^^^^ private field
18 |         available_entity_count: 0,
   |         ^^^^^^^^^^^^^^^^^^^^^^ private field
19 |         available_relation_count: 0,
   |         ^^^^^^^^^^^^^^^^^^^^^^^^ private field
20 |         topology_entity_count: 0,
   |         ^^^^^^^^^^^^^^^^^^^^^ private field
21 |         topology_relation_count: 0,
   |         ^^^^^^^^^^^^^^^^^^^^^^^ private field
22 |         selected_entity_rows: fake_entity_rows(),
   |         ^^^^^^^^^^^^^^^^^^^^ private field
23 |         selected_relation_rows: fake_relation_rows(),
   |         ^^^^^^^^^^^^^^^^^^^^^^ private field
24 |         receipt_digest: String::new(),
   |         ^^^^^^^^^^^^^^ private field
