error: cannot construct `EvidenceLookupQueryConsumerKitCloseout` with struct literal syntax due to private fields
  --> src/certification/public_facade_contracts/compile_fail/evidence_lookup_query_consumer_kit/closeout_not_hand_filled.rs:4:13
   |
 4 |     let _ = EvidenceLookupQueryConsumerKitCloseout {
   |             ^^^^^^^^^^^^^^^^^^^^^^^^^^^^^^^^^^^^^^
 5 |         query_surface_matrix_digest: String::new(),
   |         ------------------------------------------ private field
 6 |         support_snapshot_digest: String::new(),
   |         -------------------------------------- private field
 7 |         support_pin_contract_digest: String::new(),
   |         ------------------------------------------ private field
 8 |         support_pin_report_digest: String::new(),
   |         ---------------------------------------- private field
 9 |         evidence_report_identity: String::new(),
   |         --------------------------------------- private field
10 |         evidence_digest_participation_identity: String::new(),
   |         ----------------------------------------------------- private field
11 |         boundary_audit_coverage_identity: String::new(),
   |         ----------------------------------------------- private field
12 |         boundary_audit_report_identity: String::new(),
   |         --------------------------------------------- private field
13 |         consumer_residue_report_identity: String::new(),
   |         ----------------------------------------------- private field
14 |         consumer_residue_source_inventory_digest: String::new(),
   |         ------------------------------------------------------- private field
15 |         binding_rows: Vec::new(),
   |         ------------------------ private field
16 |         support_rows: Vec::new(),
   |         ------------------------ private field
17 |         query_residue_rows: Vec::new(),
   |         ------------------------------ private field
18 |         counters: unsafe { core::mem::zeroed() },
   |         ---------------------------------------- private field
19 |         closeout_digest: String::new(),
   |         ------------------------------ private field
   |
   = note: ...and other private field `support_requirement_rows` that was not provided
