error[E0599]: no function or associated item named `passed` found for struct `M6PremetabossEvidenceRow` in the current scope
 --> src/certification/public_facade_contracts/compile_fail/planar_m6_closeout/hand_filled_premetaboss_evidence_not_exported.rs:6:39
  |
6 |     let _ = M6PremetabossEvidenceRow::passed(
  |                                       ^^^^^^ function or associated item not found in `M6PremetabossEvidenceRow`
  |
note: if you're trying to build a new `M6PremetabossEvidenceRow` consider using one of the following associated functions:
      M6PremetabossEvidenceRow::from_workload_platform_target
      M6PremetabossEvidenceRow::synthetic_end_to_end_claim
 --> src/planar_contracts/m6_closeout/platform_targets.rs
  |
  | /     pub fn from_workload_platform_target(
  | |         target: M6PremetabossPlatformTarget,
  | |     ) -> M6PremetabossEvidenceRow {
  | |_________________________________^
...
  | /     pub fn synthetic_end_to_end_claim(
  | |         family: M6PremetabossFamily,
  | |         evidence_digest: impl Into<String>,
  | |     ) -> Self {
  | |_____________^
