error: cannot construct `EvidenceLookupIndexProductCounters` with struct literal syntax due to private fields
 --> src/certification/public_facade_contracts/compile_fail/evidence_lookup_index_product/struct_literals/counters_not_hand_filled.rs:4:13
  |
4 |     let _ = EvidenceLookupIndexProductCounters {
  |             ^^^^^^^^^^^^^^^^^^^^^^^^^^^^^^^^^^
5 |         selected_basis_row_count: 0,
  |         --------------------------- private field
6 |         total_ledger_row_count: 0,
  |         ------------------------- private field
  |
  = note: ...and other private fields that were not provided
help: you might have meant to use the `new` associated function
  |
4 -     let _ = EvidenceLookupIndexProductCounters {
5 -         selected_basis_row_count: 0,
6 -         total_ledger_row_count: 0,
7 -     };
4 +     let _ = EvidenceLookupIndexProductCounters::new(_, _, _, _, _, _);
  |
help: consider using the `Default` trait
  |
4 -     let _ = EvidenceLookupIndexProductCounters {
5 -         selected_basis_row_count: 0,
6 -         total_ledger_row_count: 0,
7 -     };
4 +     let _ = <EvidenceLookupIndexProductCounters as std::default::Default>::default();
  |
