error: cannot construct `EvidenceLookupIndexProduct` with struct literal syntax due to private fields
 --> src/certification/public_facade_contracts/compile_fail/evidence_lookup_index_product/struct_literals/product_not_hand_filled.rs:4:13
  |
4 |     let _ = EvidenceLookupIndexProduct {
  |             ^^^^^^^^^^^^^^^^^^^^^^^^^^
5 |         index_product_digest: String::new(),
  |         ----------------------------------- private field
6 |         selected_plan_digest: String::new(),
  |         ----------------------------------- private field
7 |         evidence_ledger_basis_digest: String::new(),
  |         ------------------------------------------- private field
  |
  = note: ...and other private fields that were not provided
help: you might have meant to use the `new` associated function
  |
4 -     let _ = EvidenceLookupIndexProduct {
5 -         index_product_digest: String::new(),
6 -         selected_plan_digest: String::new(),
7 -         evidence_ledger_basis_digest: String::new(),
8 -     };
4 +     let _ = EvidenceLookupIndexProduct::new(_, _, _, _, _, _, _, _, _, _, _);
  |
