error[E0624]: associated function `new` is private
 --> src/certification/public_facade_contracts/compile_fail/boolean_readiness_workload/receipt_not_forgeable.rs:6:59
  |
6 |       let _receipt = PlanarBooleanReadinessWorkloadReceipt::new(
  |                                                             ^^^ private associated function
  |
 ::: src/workload_platform/boolean_readiness_workload/receipt.rs
  |
  | /     pub(crate) fn new(
  | |         readiness_receipt: PlanarM7ReadinessReceipt,
  | |         workload_digest: String,
  | |         declaration: String,
  | |         stage_coverage: PlanarBooleanReadinessStageCoverage,
  | |         counters: PlanarBooleanReadinessWorkloadCounters,
  | |     ) -> Self {
  | |_____________- private associated function defined here

warning: unreachable expression
 --> src/certification/public_facade_contracts/compile_fail/boolean_readiness_workload/receipt_not_forgeable.rs:8:9
  |
7 |         panic!("cannot construct M7 readiness receipt"),
  |         ----------------------------------------------- any code following this expression is unreachable
8 |         "digest".to_string(),
  |         ^^^^^^^^^^^^^^^^^^^^ unreachable expression
  |
  = note: `#[warn(unreachable_code)]` (part of `#[warn(unused)]`) on by default

error[E0624]: associated function `certified` is private
  --> src/certification/public_facade_contracts/compile_fail/boolean_readiness_workload/receipt_not_forgeable.rs:11:49
   |
11 |           PlanarBooleanReadinessWorkloadCounters::certified(0, 0, 0, 0, 0),
   |                                                   ^^^^^^^^^ private associated function
   |
  ::: src/workload_platform/boolean_readiness_workload/counters.rs
   |
   | /     pub(crate) fn certified(
   | |         required_evidence_stages_consumed: usize,
   | |         ledger_rows_consumed: usize,
   | |         parity_lanes_consumed: usize,
   | |         closeout_rows_consumed: usize,
   | |         query_boundary_rows: usize,
   | |     ) -> Self {
   | |_____________- private associated function defined here
