warning: unreachable expression
  --> src/certification/public_facade_contracts/compile_fail/projected_overlap_faces/bridge_authority_not_forgeable.rs:10:28
   |
 9 |         certified_faces: panic!("cannot provide certified faces"),
   |                          ---------------------------------------- any code following this expression is unreachable
10 |         extraction_bundle: panic!("cannot provide extraction bundle"),
   |                            ^^^^^^^^^^^^^^^^^^^^^^^^^^^^^^^^^^^^^^^^^^ unreachable expression
   |
   = note: `#[warn(unreachable_code)]` (part of `#[warn(unused)]`) on by default

error: cannot construct `CertifiedProjectedOverlapBridgeAuthority` with struct literal syntax due to private fields
  --> src/certification/public_facade_contracts/compile_fail/projected_overlap_faces/bridge_authority_not_forgeable.rs:4:22
   |
 4 |     let _authority = CertifiedProjectedOverlapBridgeAuthority {
   |                      ^^^^^^^^^^^^^^^^^^^^^^^^^^^^^^^^^^^^^^^^
 5 |         authority_digest: "fake".to_string(),
   |         ------------------------------------ private field
 6 |         context_identity: "fake".to_string(),
   |         ------------------------------------ private field
 7 |         projection_stage_identity: "fake".to_string(),
   |         --------------------------------------------- private field
 8 |         movement_rotation_posture_identity: "fake".to_string(),
   |         ------------------------------------------------------ private field
 9 |         certified_faces: panic!("cannot provide certified faces"),
   |         --------------------------------------------------------- private field
10 |         extraction_bundle: panic!("cannot provide extraction bundle"),
   |         ------------------------------------------------------------- private field
   |
   = note: ...and other private field `certified_face_set_digest` that was not provided
