error[E0451]: fields `projection_stage_identity`, `face_identity`, `projected_face_identity`, `loop_identity`, `projected_loop_identity`, `source_geometry` and `certified_face` of struct `CertifiedProjectedOverlapFace` are private
  --> src/certification/public_facade_contracts/compile_fail/projected_overlap_faces/certified_face_not_forgeable.rs:9:9
   |
 8 |     let _forged = CertifiedProjectedOverlapFace {
   |                   ----------------------------- in this type
 9 |         projection_stage_identity: String::new(),
   |         ^^^^^^^^^^^^^^^^^^^^^^^^^ private field
10 |         face_identity: String::new(),
   |         ^^^^^^^^^^^^^ private field
11 |         projected_face_identity: String::new(),
   |         ^^^^^^^^^^^^^^^^^^^^^^^ private field
12 |         loop_identity: String::new(),
   |         ^^^^^^^^^^^^^ private field
13 |         projected_loop_identity: String::new(),
   |         ^^^^^^^^^^^^^^^^^^^^^^^ private field
14 |         source_geometry: fake(),
   |         ^^^^^^^^^^^^^^^ private field
15 |         certified_face: fake(),
   |         ^^^^^^^^^^^^^^ private field

error: type `worth_spatial::workload_platform::projected_overlap_faces::face_set::ProjectedOverlapFaceGeometry` is private
  --> src/certification/public_facade_contracts/compile_fail/projected_overlap_faces/certified_face_not_forgeable.rs:14:26
   |
14 |         source_geometry: fake(),
   |                          ^^^^^^ private type
