error[E0624]: associated function `new` is private
 --> src/certification/public_facade_contracts/compile_fail/planar_precision/receipt_not_forgeable.rs:4:48
  |
4 |       let _ = PlanarPrecisionCertificateReceipt::new(
  |                                                  ^^^ private associated function
  |
 ::: src/planar_contracts/precision_basis/certificate.rs
  |
  | /     pub(crate) fn new(
  | |         basis: PlanarPrecisionBasis,
  | |         precision_escalation: PrecisionEscalation,
  | |         declaration_digest: String,
... |
  | |         counters: PlanarPrecisionPerformanceCounters,
  | |     ) -> Self {
  | |_____________- private associated function defined here

warning: unreachable expression
 --> src/certification/public_facade_contracts/compile_fail/planar_precision/receipt_not_forgeable.rs:6:9
  |
5 |         todo!(),
  |         ------- any code following this expression is unreachable
6 |         todo!(),
  |         ^^^^^^^ unreachable expression
  |
  = note: `#[warn(unreachable_code)]` (part of `#[warn(unused)]`) on by default
  = note: this warning originates in the macro `todo` (in Nightly builds, run with -Z macro-backtrace for more info)
