error: cannot construct `WorkloadEvidenceBooleanReceiptLookupProduct` with struct literal syntax due to private fields
  --> src/certification/public_facade_contracts/compile_fail/workload_vocabulary/boolean_receipt_lookup_product_not_hand_filled.rs:7:13
   |
 7 |     let _ = WorkloadEvidenceBooleanReceiptLookupProduct {
   |             ^^^^^^^^^^^^^^^^^^^^^^^^^^^^^^^^^^^^^^^^^^^
 8 |         boolean_stage: BooleanEvidenceStageKind::DeclarationEntry,
   |         --------------------------------------------------------- private field
 9 |         evidence_stage: WorkloadEvidenceStage::BooleanDeclarationEntry,
   |         -------------------------------------------------------------- private field
10 |         evidence_identity: "boolean-declaration:forged".to_string(),
   |         ----------------------------------------------------------- private field
11 |         support: WorkloadEvidenceSupport::Admitted,
   |         ------------------------------------------ private field
12 |         counters: WorkloadEvidenceStageCounters::boolean_declaration(),
   |         -------------------------------------------------------------- private field
13 |         stage_index_identity: "stage-index:forged".to_string(),
   |         ------------------------------------------------------ private field
   |
   = note: ...and other private field `lookup_counters` that was not provided
help: you might have meant to use the `new` associated function
   |
 7 -     let _ = WorkloadEvidenceBooleanReceiptLookupProduct {
 8 -         boolean_stage: BooleanEvidenceStageKind::DeclarationEntry,
 9 -         evidence_stage: WorkloadEvidenceStage::BooleanDeclarationEntry,
10 -         evidence_identity: "boolean-declaration:forged".to_string(),
11 -         support: WorkloadEvidenceSupport::Admitted,
12 -         counters: WorkloadEvidenceStageCounters::boolean_declaration(),
13 -         stage_index_identity: "stage-index:forged".to_string(),
14 -     };
 7 +     let _ = WorkloadEvidenceBooleanReceiptLookupProduct::new(_, _, _, _, _, _);
   |
