warning: unreachable statement
 --> src/certification/public_facade_contracts/compile_fail/workload_vocabulary/diagnostic_receipt_not_retained_replay_input.rs:5:5
  |
4 |     let diagnostics: DiagnosticWorkloadReceipt = todo!();
  |                                                  ------- any code following this expression is unreachable
5 |     let _ = DiagnosticWorkload::for_retained_replay(&diagnostics);
  |     ^^^^^^^^^^^^^^^^^^^^^^^^^^^^^^^^^^^^^^^^^^^^^^^^^^^^^^^^^^^^^^ unreachable statement
  |
  = note: `#[warn(unreachable_code)]` (part of `#[warn(unused)]`) on by default

error[E0308]: mismatched types
 --> src/certification/public_facade_contracts/compile_fail/workload_vocabulary/diagnostic_receipt_not_retained_replay_input.rs:5:53
  |
5 |     let _ = DiagnosticWorkload::for_retained_replay(&diagnostics);
  |             --------------------------------------- ^^^^^^^^^^^^ expected `&RetainedReplayWorkloadReceipt`, found `&DiagnosticWorkloadReceipt`
  |             |
  |             arguments to this function are incorrect
  |
  = note: expected reference `&RetainedReplayWorkloadReceipt`
             found reference `&DiagnosticWorkloadReceipt`
note: associated function defined here
 --> src/workload_platform/vocabulary/diagnostics.rs
  |
  |     pub fn for_retained_replay(upstream: &'a RetainedReplayWorkloadReceipt) -> Self {
  |            ^^^^^^^^^^^^^^^^^^^
