error[E0277]: the trait bound `ForgedBooleanReceipt: worth_spatial::trusted_boolean_evidence_authority::Seal` is not satisfied
 --> src/certification/public_facade_contracts/compile_fail/workload_vocabulary/external_boolean_receipt_authority_not_implementable.rs:9:33
  |
9 | impl BooleanEvidenceReceipt for ForgedBooleanReceipt {
  |                                 ^^^^^^^^^^^^^^^^^^^^ unsatisfied trait bound
  |
help: the trait `worth_spatial::trusted_boolean_evidence_authority::Seal` is not implemented for `ForgedBooleanReceipt`
 --> src/certification/public_facade_contracts/compile_fail/workload_vocabulary/external_boolean_receipt_authority_not_implementable.rs:7:1
  |
7 | struct ForgedBooleanReceipt;
  | ^^^^^^^^^^^^^^^^^^^^^^^^^^^
help: the following other types implement trait `worth_spatial::trusted_boolean_evidence_authority::Seal`
 --> src/workload_platform/planar_boolean_events/event_ledger/receipt.rs
  |
  | impl BooleanEvidenceReceiptSealed for PlanarBooleanEventLedgerReceipt {}
  | ^^^^^^^^^^^^^^^^^^^^^^^^^^^^^^^^^^^^^^^^^^^^^^^^^^^^^^^^^^^^^^^^^^^^^ `PlanarBooleanEventLedgerReceipt`
  |
 ::: src/workload_platform/planar_boolean_loop_reconstruction/loop_reconstruction_ledger/receipt.rs
  |
  | impl BooleanEvidenceReceiptSealed for PlanarBooleanLoopReconstructionLedgerReceipt {}
  | ^^^^^^^^^^^^^^^^^^^^^^^^^^^^^^^^^^^^^^^^^^^^^^^^^^^^^^^^^^^^^^^^^^^^^^^^^^^^^^^^^^ `PlanarBooleanLoopReconstructionLedgerReceipt`
  |
 ::: src/workload_platform/planar_boolean_events/pair_enumeration/receipt.rs
  |
  | impl BooleanEvidenceReceiptSealed for PlanarBooleanSegmentPairEnumerationReceipt {}
  | ^^^^^^^^^^^^^^^^^^^^^^^^^^^^^^^^^^^^^^^^^^^^^^^^^^^^^^^^^^^^^^^^^^^^^^^^^^^^^^^^ `PlanarBooleanSegmentPairEnumerationReceipt`
  |
 ::: src/workload_platform/planar_boolean_edge_splitting/split_edge_chain_ledger/receipt.rs
  |
  | impl BooleanEvidenceReceiptSealed for PlanarBooleanSplitEdgeChainLedgerReceipt {}
  | ^^^^^^^^^^^^^^^^^^^^^^^^^^^^^^^^^^^^^^^^^^^^^^^^^^^^^^^^^^^^^^^^^^^^^^^^^^^^^^ `PlanarBooleanSplitEdgeChainLedgerReceipt`
note: required by a bound in `BooleanEvidenceReceipt`
 --> src/workload_platform/evidence_ledger/boolean_receipt.rs
  |
  | pub trait BooleanEvidenceReceipt: crate::trusted_boolean_evidence_authority::Seal {
  |                                   ^^^^^^^^^^^^^^^^^^^^^^^^^^^^^^^^^^^^^^^^^^^^^^^ required by this bound in `BooleanEvidenceReceipt`
  = note: `BooleanEvidenceReceipt` is a "sealed trait", because to implement it you also need to implement `worth_spatial::trusted_boolean_evidence_authority::Seal`, which is not accessible; this is usually done to force you to use one of the provided types that already implement it
  = help: the following types implement the trait:
            worth_spatial::facade::planar_boolean_edge_splitting::PlanarBooleanSplitEdgeChainLedgerReceipt
            worth_spatial::facade::planar_boolean_events::PlanarBooleanEventLedgerReceipt
            worth_spatial::facade::planar_boolean_events::PlanarBooleanSegmentPairEnumerationReceipt
            worth_spatial::facade::planar_boolean_loop_reconstruction::PlanarBooleanLoopReconstructionLedgerReceipt

error[E0277]: the trait bound `ForgedBooleanReceipt: worth_spatial::trusted_boolean_evidence_authority::Seal` is not satisfied
  --> src/certification/public_facade_contracts/compile_fail/workload_vocabulary/external_boolean_receipt_authority_not_implementable.rs:27:38
   |
27 | impl BooleanEvidenceRowAuthority for ForgedBooleanReceipt {}
   |                                      ^^^^^^^^^^^^^^^^^^^^ unsatisfied trait bound
   |
help: the trait `worth_spatial::trusted_boolean_evidence_authority::Seal` is not implemented for `ForgedBooleanReceipt`
  --> src/certification/public_facade_contracts/compile_fail/workload_vocabulary/external_boolean_receipt_authority_not_implementable.rs:7:1
   |
 7 | struct ForgedBooleanReceipt;
   | ^^^^^^^^^^^^^^^^^^^^^^^^^^^
help: the following other types implement trait `worth_spatial::trusted_boolean_evidence_authority::Seal`
  --> src/workload_platform/planar_boolean_events/event_ledger/receipt.rs
   |
   | impl BooleanEvidenceReceiptSealed for PlanarBooleanEventLedgerReceipt {}
   | ^^^^^^^^^^^^^^^^^^^^^^^^^^^^^^^^^^^^^^^^^^^^^^^^^^^^^^^^^^^^^^^^^^^^^ `PlanarBooleanEventLedgerReceipt`
   |
  ::: src/workload_platform/planar_boolean_loop_reconstruction/loop_reconstruction_ledger/receipt.rs
   |
   | impl BooleanEvidenceReceiptSealed for PlanarBooleanLoopReconstructionLedgerReceipt {}
   | ^^^^^^^^^^^^^^^^^^^^^^^^^^^^^^^^^^^^^^^^^^^^^^^^^^^^^^^^^^^^^^^^^^^^^^^^^^^^^^^^^^ `PlanarBooleanLoopReconstructionLedgerReceipt`
   |
  ::: src/workload_platform/planar_boolean_events/pair_enumeration/receipt.rs
   |
   | impl BooleanEvidenceReceiptSealed for PlanarBooleanSegmentPairEnumerationReceipt {}
   | ^^^^^^^^^^^^^^^^^^^^^^^^^^^^^^^^^^^^^^^^^^^^^^^^^^^^^^^^^^^^^^^^^^^^^^^^^^^^^^^^ `PlanarBooleanSegmentPairEnumerationReceipt`
   |
  ::: src/workload_platform/planar_boolean_edge_splitting/split_edge_chain_ledger/receipt.rs
   |
   | impl BooleanEvidenceReceiptSealed for PlanarBooleanSplitEdgeChainLedgerReceipt {}
   | ^^^^^^^^^^^^^^^^^^^^^^^^^^^^^^^^^^^^^^^^^^^^^^^^^^^^^^^^^^^^^^^^^^^^^^^^^^^^^^ `PlanarBooleanSplitEdgeChainLedgerReceipt`
   = note: required for `ForgedBooleanReceipt` to implement `BooleanEvidenceReceipt`
note: required by a bound in `BooleanEvidenceRowAuthority`
  --> src/workload_platform/evidence_ledger/boolean_receipt.rs
   |
   | pub trait BooleanEvidenceRowAuthority: BooleanEvidenceReceipt + 'static {}
   |                                        ^^^^^^^^^^^^^^^^^^^^^^ required by this bound in `BooleanEvidenceRowAuthority`
