error[E0432]: unresolved import `worth_spatial::facade::workload_vocabulary::geometry_only_evidence_admission_from_boolean_evidence_receipt`
 --> src/certification/public_facade_contracts/compile_fail/workload_vocabulary/geometry_touched_basis_receipt_cannot_be_forged.rs:2:5
  |
2 |     geometry_only_evidence_admission_from_boolean_evidence_receipt,
  |     ^^^^^^^^^^^^^^^^^^^^^^^^^^^^^^^^^^^^^^^^^^^^^^^^^^^^^^^^^^^^^^ no `geometry_only_evidence_admission_from_boolean_evidence_receipt` in `facade::workload_vocabulary`

error[E0277]: the trait bound `ForgedBooleanReceipt: worth_spatial::trusted_boolean_evidence_authority::Seal` is not satisfied
 --> src/certification/public_facade_contracts/compile_fail/workload_vocabulary/geometry_touched_basis_receipt_cannot_be_forged.rs:9:33
  |
9 | impl BooleanEvidenceReceipt for ForgedBooleanReceipt {
  |                                 ^^^^^^^^^^^^^^^^^^^^ unsatisfied trait bound
  |
help: the trait `worth_spatial::trusted_boolean_evidence_authority::Seal` is not implemented for `ForgedBooleanReceipt`
 --> src/certification/public_facade_contracts/compile_fail/workload_vocabulary/geometry_touched_basis_receipt_cannot_be_forged.rs:7:1
  |
7 | struct ForgedBooleanReceipt;
  | ^^^^^^^^^^^^^^^^^^^^^^^^^^^
  = help: the following other types implement trait `worth_spatial::trusted_boolean_evidence_authority::Seal`:
            PlanarBooleanCommonPlaneLocalFrameSelectionReceipt
            PlanarBooleanCommonPlaneSharedPlaneIdentityReceipt
            PlanarBooleanEventLedgerReceipt
            PlanarBooleanLoopReconstructionLedgerReceipt
            PlanarBooleanSegmentPairEnumerationReceipt
            PlanarBooleanSplitEdgeChainLedgerReceipt
note: required by a bound in `BooleanEvidenceReceipt`
 --> src/workload_platform/evidence_ledger/boolean_receipt.rs
  |
  | pub trait BooleanEvidenceReceipt: crate::trusted_boolean_evidence_authority::Seal {
  |                                   ^^^^^^^^^^^^^^^^^^^^^^^^^^^^^^^^^^^^^^^^^^^^^^^ required by this bound in `BooleanEvidenceReceipt`
  = note: `BooleanEvidenceReceipt` is a "sealed trait", because to implement it you also need to implement `worth_spatial::trusted_boolean_evidence_authority::Seal`, which is not accessible; this is usually done to force you to use one of the provided types that already implement it
  = help: the following types implement the trait:
            worth_spatial::facade::planar_boolean_common_plane::PlanarBooleanCommonPlaneLocalFrameSelectionReceipt
            worth_spatial::facade::planar_boolean_common_plane::PlanarBooleanCommonPlaneSharedPlaneIdentityReceipt
            worth_spatial::facade::planar_boolean_edge_splitting::PlanarBooleanSplitEdgeChainLedgerReceipt
            worth_spatial::facade::planar_boolean_events::PlanarBooleanEventLedgerReceipt
            worth_spatial::facade::planar_boolean_events::PlanarBooleanSegmentPairEnumerationReceipt
            worth_spatial::facade::planar_boolean_loop_reconstruction::PlanarBooleanLoopReconstructionLedgerReceipt
