error[E0277]: the trait bound `WorkloadEvidenceRow: BooleanEvidenceReceipt` is not satisfied
  --> src/certification/public_facade_contracts/compile_fail/workload_vocabulary/raw_row_cannot_admit_spatial_touch_authority.rs:10:71
   |
10 |     let _ = SpatialGeometryEvidenceTouchRequest::from_boolean_receipt(&row);
   |             --------------------------------------------------------- ^^^^ the trait `BooleanEvidenceReceipt` is not implemented for `WorkloadEvidenceRow`
   |             |
   |             required by a bound introduced by this call
   |
   = help: the following other types implement trait `BooleanEvidenceReceipt`:
             PlanarBooleanCommonPlaneLocalFrameSelectionReceipt
             PlanarBooleanCommonPlaneSharedPlaneIdentityReceipt
             PlanarBooleanEventLedgerReceipt
             PlanarBooleanLoopReconstructionLedgerReceipt
             PlanarBooleanSegmentPairEnumerationReceipt
             PlanarBooleanSplitEdgeChainLedgerReceipt
note: required by a bound in `SpatialGeometryEvidenceTouchRequest::<'a, T>::from_boolean_receipt`
  --> src/workload_platform/evidence_ledger/spatial_touch_admission/request.rs
   |
   | impl<'a, T: BooleanEvidenceReceipt + 'static> SpatialGeometryEvidenceTouchRequest<'a, T> {
   |             ^^^^^^^^^^^^^^^^^^^^^^ required by this bound in `SpatialGeometryEvidenceTouchRequest::<'a, T>::from_boolean_receipt`
   |     pub fn from_boolean_receipt(receipt: &'a T) -> Self {
   |            -------------------- required by a bound in this associated function

error[E0277]: the trait bound `WorkloadEvidenceRow: BooleanEvidenceReceipt` is not satisfied
  --> src/certification/public_facade_contracts/compile_fail/workload_vocabulary/raw_row_cannot_admit_spatial_touch_authority.rs:10:13
   |
10 |     let _ = SpatialGeometryEvidenceTouchRequest::from_boolean_receipt(&row);
   |             ^^^^^^^^^^^^^^^^^^^^^^^^^^^^^^^^^^^^^^^^^^^^^^^^^^^^^^^^^^^^^^^ the trait `BooleanEvidenceReceipt` is not implemented for `WorkloadEvidenceRow`
   |
   = help: the following other types implement trait `BooleanEvidenceReceipt`:
             PlanarBooleanCommonPlaneLocalFrameSelectionReceipt
             PlanarBooleanCommonPlaneSharedPlaneIdentityReceipt
             PlanarBooleanEventLedgerReceipt
             PlanarBooleanLoopReconstructionLedgerReceipt
             PlanarBooleanSegmentPairEnumerationReceipt
             PlanarBooleanSplitEdgeChainLedgerReceipt
note: required by a bound in `SpatialGeometryEvidenceTouchRequest`
  --> src/workload_platform/evidence_ledger/spatial_touch_admission/request.rs
   |
   | pub struct SpatialGeometryEvidenceTouchRequest<'a, T: BooleanEvidenceReceipt + 'static> {
   |                                                       ^^^^^^^^^^^^^^^^^^^^^^ required by this bound in `SpatialGeometryEvidenceTouchRequest`
