error[E0624]: associated function `from_parts` is private
 --> src/certification/public_facade_contracts/compile_fail/workload_vocabulary/spatial_touch_authority_not_from_copied_fields.rs:4:52
  |
4 |     let _ = SpatialGeometryEvidenceTouchAuthority::from_parts(());
  |                                                    ^^^^^^^^^^ private associated function
  |
 ::: src/workload_platform/evidence_ledger/spatial_touch_admission/authority.rs
  |
  |     fn from_parts(parts: SpatialGeometryEvidenceTouchAuthorityParts) -> Self {
  |     ------------------------------------------------------------------------ private associated function defined here

error[E0308]: mismatched types
 --> src/certification/public_facade_contracts/compile_fail/workload_vocabulary/spatial_touch_authority_not_from_copied_fields.rs:4:63
  |
4 |     let _ = SpatialGeometryEvidenceTouchAuthority::from_parts(());
  |             ------------------------------------------------- ^^ expected `SpatialGeometryEvidenceTouchAuthorityParts`, found `()`
  |             |
  |             arguments to this function are incorrect
  |
note: associated function defined here
 --> src/workload_platform/evidence_ledger/spatial_touch_admission/authority.rs
  |
  |     fn from_parts(parts: SpatialGeometryEvidenceTouchAuthorityParts) -> Self {
  |        ^^^^^^^^^^
