error[E0308]: arguments to this function are incorrect
 --> src/certification/public_facade_contracts/compile_fail/workload_vocabulary/topology_basis_cannot_lower_without_spatial_touch_authority.rs:8:13
  |
8 |     let _ = lower_spatial_touch_authority_to_query_descriptor(&topology_basis, &topology_basis);
  |             ^^^^^^^^^^^^^^^^^^^^^^^^^^^^^^^^^^^^^^^^^^^^^^^^^
  |
note: expected `&SpatialGeometryEvidenceTouchAuthority`, found `&PhantomData<TopologyTouchedGraphBasis>`
 --> src/certification/public_facade_contracts/compile_fail/workload_vocabulary/topology_basis_cannot_lower_without_spatial_touch_authority.rs:8:63
  |
8 |     let _ = lower_spatial_touch_authority_to_query_descriptor(&topology_basis, &topology_basis);
  |                                                               ^^^^^^^^^^^^^^^
  = note: expected reference `&SpatialGeometryEvidenceTouchAuthority`
             found reference `&PhantomData<topology::facade::TopologyTouchedGraphBasis>`
note: expected `&SpatialEvidenceLookupProduct`, found `&PhantomData<TopologyTouchedGraphBasis>`
 --> src/certification/public_facade_contracts/compile_fail/workload_vocabulary/topology_basis_cannot_lower_without_spatial_touch_authority.rs:8:80
  |
8 |     let _ = lower_spatial_touch_authority_to_query_descriptor(&topology_basis, &topology_basis);
  |                                                                                ^^^^^^^^^^^^^^^
  = note: expected reference `&SpatialEvidenceLookupProduct`
             found reference `&PhantomData<topology::facade::TopologyTouchedGraphBasis>`
note: function defined here
 --> src/workload_platform/evidence_ledger/spatial_touch_admission/query_lowering.rs
  |
  | pub fn lower_spatial_touch_authority_to_query_descriptor(
  |        ^^^^^^^^^^^^^^^^^^^^^^^^^^^^^^^^^^^^^^^^^^^^^^^^^
