warning: unreachable expression
  --> src/certification/public_facade_contracts/compile_fail/grazing_basket_stack/receipt_not_forgeable.rs:11:17
   |
10 |         topology_counters: panic!("cannot forge topology counters"),
   |                            ---------------------------------------- any code following this expression is unreachable
11 |         layers: Vec::new(),
   |                 ^^^^^^^^^^ unreachable expression
   |
   = note: `#[warn(unreachable_code)]` (part of `#[warn(unused)]`) on by default

error[E0451]: fields `stack_identity`, `topology_construction_identity`, `projected_workload_identity`, `retained_replay_identity`, `transform_posture_identity`, `topology_counters`, `layers` and `counters` of struct `GrazingBasketStackReceipt` are private
  --> src/certification/public_facade_contracts/compile_fail/grazing_basket_stack/receipt_not_forgeable.rs:5:9
   |
 4 |     let _receipt = GrazingBasketStackReceipt {
   |                    ------------------------- in this type
 5 |         stack_identity: "forged".to_string(),
   |         ^^^^^^^^^^^^^^ private field
 6 |         topology_construction_identity: "forged".to_string(),
   |         ^^^^^^^^^^^^^^^^^^^^^^^^^^^^^^ private field
 7 |         projected_workload_identity: "forged".to_string(),
   |         ^^^^^^^^^^^^^^^^^^^^^^^^^^^ private field
 8 |         retained_replay_identity: "forged".to_string(),
   |         ^^^^^^^^^^^^^^^^^^^^^^^^ private field
 9 |         transform_posture_identity: "forged".to_string(),
   |         ^^^^^^^^^^^^^^^^^^^^^^^^^^ private field
10 |         topology_counters: panic!("cannot forge topology counters"),
   |         ^^^^^^^^^^^^^^^^^ private field
11 |         layers: Vec::new(),
   |         ^^^^^^ private field
12 |         counters: panic!("cannot forge basket counters"),
   |         ^^^^^^^^ private field
