error[E0451]: fields `posture_digest`, `workload_identity`, `topology_receipt_identity`, `unsupported_surface_identity`, `clean_fail_boundary_identity`, `diagnostic_receipt_identity`, `open_input_kind`, `diagnostic_subject_kind`, `posture_case`, `counters` and `bounded_surrogate_was_not_used` of struct `OpenPlanarPostureReceipt` are private
  --> src/certification/public_facade_contracts/compile_fail/open_planar_posture/receipt_not_forgeable.rs:10:9
   |
 9 |     let _receipt = OpenPlanarPostureReceipt {
   |                    ------------------------ in this type
10 |         posture_digest: "digest".to_string(),
   |         ^^^^^^^^^^^^^^ private field
11 |         workload_identity: "workload".to_string(),
   |         ^^^^^^^^^^^^^^^^^ private field
12 |         topology_receipt_identity: "topology".to_string(),
   |         ^^^^^^^^^^^^^^^^^^^^^^^^^ private field
13 |         unsupported_surface_identity: "support".to_string(),
   |         ^^^^^^^^^^^^^^^^^^^^^^^^^^^^ private field
14 |         clean_fail_boundary_identity: "clean-fail".to_string(),
   |         ^^^^^^^^^^^^^^^^^^^^^^^^^^^^ private field
15 |         diagnostic_receipt_identity: "diagnostic".to_string(),
   |         ^^^^^^^^^^^^^^^^^^^^^^^^^^^ private field
16 |         open_input_kind: Some(PlanarOpenInputKind::OpenPlanarDomain),
   |         ^^^^^^^^^^^^^^^ private field
17 |         diagnostic_subject_kind: PlanarDiagnosticSubjectKind::UnsupportedPlanarClass,
   |         ^^^^^^^^^^^^^^^^^^^^^^^ private field
18 |         posture_case: OpenPlanarPostureCase::UnsupportedOpenSheet,
   |         ^^^^^^^^^^^^ private field
19 |         counters,
   |         ^^^^^^^^ private field
20 |         bounded_surrogate_was_not_used: true,
   |         ^^^^^^^^^^^^^^^^^^^^^^^^^^^^^^ private field
