error[E0624]: associated function `new` is private
 --> src/certification/public_facade_contracts/compile_fail/planar_predicate/receipt_not_forgeable.rs:6:41
  |
6 |       let _ = PlanarPredicateFactReceipt::new(
  |                                           ^^^ private associated function
  |
 ::: src/planar_contracts/predicate_authority/fact.rs
  |
  | /     pub(crate) fn new(
  | |         predicate_kind: PlanarPredicateKind,
  | |         input_basis: PlanarPredicateInputBasis,
  | |         certified_sign: CertifiedTriSign,
... |
  | |         counters: PlanarPredicatePerformanceCounters,
  | |     ) -> Self {
  | |_____________- private associated function defined here

warning: unreachable expression
 --> src/certification/public_facade_contracts/compile_fail/planar_predicate/receipt_not_forgeable.rs:9:9
  |
8 |         todo!(),
  |         ------- any code following this expression is unreachable
9 |         todo!(),
  |         ^^^^^^^ unreachable expression
  |
  = note: `#[warn(unreachable_code)]` (part of `#[warn(unused)]`) on by default
  = note: this warning originates in the macro `todo` (in Nightly builds, run with -Z macro-backtrace for more info)
