error: cannot construct `PlanarBooleanAdmittedIntervalSplitCandidateSet` with struct literal syntax due to private fields
  --> src/certification/public_facade_contracts/compile_fail/planar_boolean_edge_splitting/admitted_interval_split_candidate_set_not_forgeable.rs:7:13
   |
 7 |     let _ = PlanarBooleanAdmittedIntervalSplitCandidateSet {
   |             ^^^^^^^^^^^^^^^^^^^^^^^^^^^^^^^^^^^^^^^^^^^^^^
 8 |         interval_candidate_set_identity: "forged interval candidate set".to_string(),
   |         ---------------------------------------------------------------------------- private field
 9 |         admitted_candidates: Vec::<AdmittedIntervalSplitCandidate>::new(),
   |         ----------------------------------------------------------------- private field
10 |         counters: PlanarBooleanSplitIntervalAdmissionCounters::default(),
   |         ---------------------------------------------------------------- private field
   |
   = note: ...and other private field `participation_index_identity` that was not provided
help: you might have meant to use the `new` associated function
   |
 7 -     let _ = PlanarBooleanAdmittedIntervalSplitCandidateSet {
 8 -         interval_candidate_set_identity: "forged interval candidate set".to_string(),
 9 -         admitted_candidates: Vec::<AdmittedIntervalSplitCandidate>::new(),
10 -         counters: PlanarBooleanSplitIntervalAdmissionCounters::default(),
11 -     };
 7 +     let _ = PlanarBooleanAdmittedIntervalSplitCandidateSet::new(_, _, _, _);
   |
