warning: unreachable statement
  --> src/certification/public_facade_contracts/compile_fail/planar_boolean_edge_splitting/edge_split_request_lookup_witness_not_legacy_lookup_product.rs:10:5
   |
 9 |           panic!("receipt construction is irrelevant to the type boundary");
   |           ----------------------------------------------------------------- any code following this expression is unreachable
10 | /     let gate: PlanarBooleanCandidateIndexConsumptionGate =
11 | |         panic!("gate construction is irrelevant to the type boundary");
   | |_______________________________________________________________________^ unreachable statement
   |
   = note: `#[warn(unreachable_code)]` (part of `#[warn(unused)]`) on by default

error[E0308]: mismatched types
  --> src/certification/public_facade_contracts/compile_fail/planar_boolean_edge_splitting/edge_split_request_lookup_witness_not_legacy_lookup_product.rs:18:9
   |
15 |     let _ = PlanarBooleanEdgeSplitRequestInput::new(
   |             --------------------------------------- arguments to this function are incorrect
...
18 |         &legacy_lookup,
   |         ^^^^^^^^^^^^^^ expected `PlanarBooleanEventLedgerLookupExecutionWitness`, found `WorkloadEvidenceBooleanReceiptLookupProduct`
   |
   = note: expected reference `&PlanarBooleanEventLedgerLookupExecutionWitness`
              found reference `&WorkloadEvidenceBooleanReceiptLookupProduct`
note: associated function defined here
  --> src/workload_platform/planar_boolean_edge_splitting/edge_split_request/input.rs
   |
   |     pub fn new(
   |            ^^^
