error: cannot construct `PlanarBooleanLoopReconstructionSplitConsumption` with struct literal syntax due to private fields
  --> src/certification/public_facade_contracts/compile_fail/planar_boolean_edge_splitting/loop_reconstruction_consumption_not_forgeable.rs:4:13
   |
 4 |     let _ = PlanarBooleanLoopReconstructionSplitConsumption {
   |             ^^^^^^^^^^^^^^^^^^^^^^^^^^^^^^^^^^^^^^^^^^^^^^^
 5 |         consumption_identity: String::from("forged"),
   |         -------------------------------------------- private field
 6 |         downstream_consumption_identity: String::from("downstream"),
   |         ----------------------------------------------------------- private field
 7 |         split_ledger_receipt_identity: String::from("ledger"),
   |         ----------------------------------------------------- private field
 8 |         split_ledger_downstream_identity: String::from("ledger-downstream"),
   |         ------------------------------------------------------------------- private field
 9 |         split_request_identity: String::from("request"),
   |         ----------------------------------------------- private field
10 |         workload_stage_index_identity: String::from("stage-index"),
   |         ---------------------------------------------------------- private field
11 |         counters: Default::default(),
   |         ---------------------------- private field
   |
   = note: ...and other private field `selected_plan_digest` that was not provided
