error[E0451]: fields `cut_identity`, `duplicate_report_identity`, `source_edge_identity`, `carrier_identity`, `parameter`, `parameter_bits`, `kind`, `local_frame_identity`, `precision_basis_identity`, `provenance_entry_identities`, `event_identities`, `parameter_fact_identities`, `event_group_identities`, `segment_pair_identities`, `predicate_receipt_identities`, `exact_endpoint_source_identity`, `exact_projected_endpoint_fact_identity`, `shared_endpoint_source_identities` and `shared_endpoint_projection_fact_digests` of struct `PlanarBooleanNormalizedSplitCut` are private
  --> src/certification/public_facade_contracts/compile_fail/planar_boolean_edge_splitting/normalized_split_cut_not_forgeable.rs:7:9
   |
 6 |     let _ = PlanarBooleanNormalizedSplitCut {
   |             ------------------------------- in this type
 7 |         cut_identity: "forged".to_string(),
   |         ^^^^^^^^^^^^ private field
 8 |         duplicate_report_identity: "duplicate-report".to_string(),
   |         ^^^^^^^^^^^^^^^^^^^^^^^^^ private field
 9 |         source_edge_identity: "source".to_string(),
   |         ^^^^^^^^^^^^^^^^^^^^ private field
10 |         carrier_identity: "carrier".to_string(),
   |         ^^^^^^^^^^^^^^^^ private field
11 |         parameter: 0.5,
   |         ^^^^^^^^^ private field
12 |         parameter_bits: 0.5f64.to_bits(),
   |         ^^^^^^^^^^^^^^ private field
13 |         kind: PlanarBooleanRawEdgeSplitScheduleEntryKind::Interval,
   |         ^^^^ private field
14 |         local_frame_identity: "frame".to_string(),
   |         ^^^^^^^^^^^^^^^^^^^^ private field
15 |         precision_basis_identity: "precision".to_string(),
   |         ^^^^^^^^^^^^^^^^^^^^^^^^ private field
16 |         provenance_entry_identities: Vec::new(),
   |         ^^^^^^^^^^^^^^^^^^^^^^^^^^^ private field
17 |         event_identities: Vec::new(),
   |         ^^^^^^^^^^^^^^^^ private field
18 |         parameter_fact_identities: Vec::new(),
   |         ^^^^^^^^^^^^^^^^^^^^^^^^^ private field
19 |         event_group_identities: Vec::new(),
   |         ^^^^^^^^^^^^^^^^^^^^^^ private field
20 |         segment_pair_identities: Vec::new(),
   |         ^^^^^^^^^^^^^^^^^^^^^^^ private field
21 |         predicate_receipt_identities: Vec::new(),
   |         ^^^^^^^^^^^^^^^^^^^^^^^^^^^^ private field
22 |         exact_endpoint_source_identity: None,
   |         ^^^^^^^^^^^^^^^^^^^^^^^^^^^^^^ private field
23 |         exact_projected_endpoint_fact_identity: None,
   |         ^^^^^^^^^^^^^^^^^^^^^^^^^^^^^^^^^^^^^^ private field
24 |         shared_endpoint_source_identities: Vec::new(),
   |         ^^^^^^^^^^^^^^^^^^^^^^^^^^^^^^^^^ private field
25 |         shared_endpoint_projection_fact_digests: Vec::new(),
   |         ^^^^^^^^^^^^^^^^^^^^^^^^^^^^^^^^^^^^^^^ private field
