error: cannot construct `PlanarBooleanRawEdgeSplitSchedule` with struct literal syntax due to private fields
 --> src/certification/public_facade_contracts/compile_fail/planar_boolean_edge_splitting/raw_edge_split_schedule_not_forgeable.rs:4:13
  |
4 |     let _ = PlanarBooleanRawEdgeSplitSchedule {
  |             ^^^^^^^^^^^^^^^^^^^^^^^^^^^^^^^^^
5 |         schedule_identity: "forged".to_string(),
  |         --------------------------------------- private field
6 |         source_edge_identity: "source".to_string(),
  |         ------------------------------------------ private field
7 |         entries: Vec::new(),
  |         ------------------- private field
  |
  = note: ...and other private field `carrier_identity` that was not provided
help: you might have meant to use the `new` associated function
  |
4 -     let _ = PlanarBooleanRawEdgeSplitSchedule {
5 -         schedule_identity: "forged".to_string(),
6 -         source_edge_identity: "source".to_string(),
7 -         entries: Vec::new(),
8 -     };
4 +     let _ = PlanarBooleanRawEdgeSplitSchedule::new(_, _, _, _);
  |
