error[E0308]: arguments to this function are incorrect
 --> src/certification/public_facade_contracts/compile_fail/planar_boolean_edge_splitting/source_edge_carrier_recovery_not_from_raw_carriers.rs:6:13
  |
6 |     let _ = PlanarBooleanSplitSourceEdgeCarrierRecoveryInput::from_scope_and_event_ledger(
  |             ^^^^^^^^^^^^^^^^^^^^^^^^^^^^^^^^^^^^^^^^^^^^^^^^^^^^^^^^^^^^^^^^^^^^^^^^^^^^^
  |
note: expected `&PlanarBooleanEdgeSplitScopeAdmission`, found `&Vec<PlanarBooleanSegmentCarrier>`
 --> src/certification/public_facade_contracts/compile_fail/planar_boolean_edge_splitting/source_edge_carrier_recovery_not_from_raw_carriers.rs:7:9
  |
7 |         &raw_segment_carriers,
  |         ^^^^^^^^^^^^^^^^^^^^^
  = note: expected reference `&PlanarBooleanEdgeSplitScopeAdmission`
             found reference `&Vec<PlanarBooleanSegmentCarrier>`
note: expected `&PlanarBooleanEventLedgerReceipt`, found `&Vec<PlanarBooleanSegmentCarrier>`
 --> src/certification/public_facade_contracts/compile_fail/planar_boolean_edge_splitting/source_edge_carrier_recovery_not_from_raw_carriers.rs:8:9
  |
8 |         &raw_segment_carriers,
  |         ^^^^^^^^^^^^^^^^^^^^^
  = note: expected reference `&PlanarBooleanEventLedgerReceipt`
             found reference `&Vec<PlanarBooleanSegmentCarrier>`
note: associated function defined here
 --> src/workload_platform/planar_boolean_edge_splitting/source_edge_carrier_recovery/input.rs
  |
  |     pub fn from_scope_and_event_ledger(
  |            ^^^^^^^^^^^^^^^^^^^^^^^^^^^
