error: cannot construct `PlanarBooleanSplitSourceEdgeCarrier` with struct literal syntax due to private fields
  --> src/certification/public_facade_contracts/compile_fail/planar_boolean_edge_splitting/source_edge_carrier_not_forgeable.rs:6:13
   |
 6 |     let _ = PlanarBooleanSplitSourceEdgeCarrier {
   |             ^^^^^^^^^^^^^^^^^^^^^^^^^^^^^^^^^^^
 7 |         recovered_carrier_identity: String::from("forged recovered carrier"),
   |         -------------------------------------------------------------------- private field
 8 |         operand_side: PlanarBooleanCommonPlaneOperandSide::Left,
   |         ------------------------------------------------------- private field
 9 |         source_face_identity: String::from("face"),
   |         ------------------------------------------ private field
10 |         source_loop_identity: String::from("loop"),
   |         ------------------------------------------ private field
11 |         source_edge_identity: String::from("edge"),
   |         ------------------------------------------ private field
12 |         loop_role: PlanarBooleanLoopRole::OuterBoundary,
   |         ----------------------------------------------- private field
13 |         carrier_identity: String::from("carrier"),
   |         ----------------------------------------- private field
14 |         start_source_endpoint_identity: String::from("start"),
   |         ----------------------------------------------------- private field
15 |         start_projected_endpoint_fact_identity: String::from("start projected"),
   |         ----------------------------------------------------------------------- private field
16 |         end_source_endpoint_identity: String::from("end"),
   |         ------------------------------------------------- private field
17 |         end_projected_endpoint_fact_identity: String::from("end projected"),
   |         ------------------------------------------------------------------- private field
18 |         local_frame_identity: String::from("local frame"),
   |         ------------------------------------------------- private field
19 |         projection_stage_identity: String::from("projection"),
   |         ----------------------------------------------------- private field
20 |         precision_basis_identity: String::from("precision"),
   |         --------------------------------------------------- private field
   |
   = note: ...and other private fields `start_point_bits` and `end_point_bits` that were not provided
help: you might have meant to use the `from_segment_carrier` associated function
   |
 6 -     let _ = PlanarBooleanSplitSourceEdgeCarrier {
 7 -         recovered_carrier_identity: String::from("forged recovered carrier"),
 8 -         operand_side: PlanarBooleanCommonPlaneOperandSide::Left,
 9 -         source_face_identity: String::from("face"),
10 -         source_loop_identity: String::from("loop"),
11 -         source_edge_identity: String::from("edge"),
12 -         loop_role: PlanarBooleanLoopRole::OuterBoundary,
13 -         carrier_identity: String::from("carrier"),
14 -         start_source_endpoint_identity: String::from("start"),
15 -         start_projected_endpoint_fact_identity: String::from("start projected"),
16 -         end_source_endpoint_identity: String::from("end"),
17 -         end_projected_endpoint_fact_identity: String::from("end projected"),
18 -         local_frame_identity: String::from("local frame"),
19 -         projection_stage_identity: String::from("projection"),
20 -         precision_basis_identity: String::from("precision"),
21 -     };
 6 +     let _ = PlanarBooleanSplitSourceEdgeCarrier::from_segment_carrier(_, _, _);
   |
