error[E0451]: fields `carrier_set_identity`, `scope_admission_identity`, `split_request_identity`, `event_ledger_identity`, `segment_carrier_set_identity`, `candidate_index_product_identity`, `query_index_plan_digest`, `carriers`, `carrier_offsets`, `source_edge_offsets` and `counters` of struct `PlanarBooleanSplitSourceEdgeCarrierSet` are private
  --> src/certification/public_facade_contracts/compile_fail/planar_boolean_edge_splitting/source_edge_carrier_set_not_forgeable.rs:8:9
   |
 7 |     let _ = PlanarBooleanSplitSourceEdgeCarrierSet {
   |             -------------------------------------- in this type
 8 |         carrier_set_identity: String::from("forged set"),
   |         ^^^^^^^^^^^^^^^^^^^^ private field
 9 |         scope_admission_identity: String::from("scope"),
   |         ^^^^^^^^^^^^^^^^^^^^^^^^ private field
10 |         split_request_identity: String::from("request"),
   |         ^^^^^^^^^^^^^^^^^^^^^^ private field
11 |         event_ledger_identity: String::from("ledger"),
   |         ^^^^^^^^^^^^^^^^^^^^^ private field
12 |         segment_carrier_set_identity: String::from("segment carriers"),
   |         ^^^^^^^^^^^^^^^^^^^^^^^^^^^^ private field
13 |         candidate_index_product_identity: String::from("candidate index"),
   |         ^^^^^^^^^^^^^^^^^^^^^^^^^^^^^^^^ private field
14 |         query_index_plan_digest: String::from("query plan"),
   |         ^^^^^^^^^^^^^^^^^^^^^^^ private field
15 |         carriers: Vec::<PlanarBooleanSplitSourceEdgeCarrier>::new(),
   |         ^^^^^^^^ private field
16 |         carrier_offsets: unavailable_offsets(),
   |         ^^^^^^^^^^^^^^^ private field
17 |         source_edge_offsets: unavailable_source_offsets(),
   |         ^^^^^^^^^^^^^^^^^^^ private field
18 |         counters: PlanarBooleanSplitSourceEdgeCarrierCounters::default(),
   |         ^^^^^^^^ private field
