error: cannot construct `PlanarBooleanSplitEdgeChainLedgerReceipt` with struct literal syntax due to private fields
  --> src/certification/public_facade_contracts/compile_fail/planar_boolean_edge_splitting/split_edge_chain_ledger_receipt_not_forgeable.rs:4:20
   |
 4 |     let _receipt = PlanarBooleanSplitEdgeChainLedgerReceipt {
   |                    ^^^^^^^^^^^^^^^^^^^^^^^^^^^^^^^^^^^^^^^^
 5 |         receipt_identity: "receipt".to_string(),
   |         --------------------------------------- private field
 6 |         ledger_identity: "ledger".to_string(),
   |         ------------------------------------- private field
 7 |         downstream_consumption_identity: "downstream".to_string(),
   |         --------------------------------------------------------- private field
 8 |         split_request_identity: "request".to_string(),
   |         --------------------------------------------- private field
 9 |         split_chain_validation_receipt_identity: "validation".to_string(),
   |         ----------------------------------------------------------------- private field
10 |         split_persistent_naming_receipt_identity: "naming".to_string(),
   |         -------------------------------------------------------------- private field
11 |         split_decision_log_receipt_identity: "decisions".to_string(),
   |         ------------------------------------------------------------ private field
12 |         chain_identities: Vec::new(),
   |         ---------------------------- private field
13 |         counters: Default::default(),
   |         ---------------------------- private field
   |
   = note: ...and other private fields `event_ledger_lookup_selected_plan_digest`, `event_ledger_lookup_execution_receipt_digest` and `event_ledger_lookup_product_output_digest` that were not provided
help: you might have meant to use the `from_ledger` associated function
   |
 4 -     let _receipt = PlanarBooleanSplitEdgeChainLedgerReceipt {
 5 -         receipt_identity: "receipt".to_string(),
 6 -         ledger_identity: "ledger".to_string(),
 7 -         downstream_consumption_identity: "downstream".to_string(),
 8 -         split_request_identity: "request".to_string(),
 9 -         split_chain_validation_receipt_identity: "validation".to_string(),
10 -         split_persistent_naming_receipt_identity: "naming".to_string(),
11 -         split_decision_log_receipt_identity: "decisions".to_string(),
12 -         chain_identities: Vec::new(),
13 -         counters: Default::default(),
14 -     };
 4 +     let _receipt = PlanarBooleanSplitEdgeChainLedgerReceipt::from_ledger(_);
   |
