warning: unreachable expression
 --> src/certification/public_facade_contracts/compile_fail/planar_boolean_edge_splitting/split_replay_parity_input_not_forgeable.rs:7:26
  |
6 |         original_ledger: todo!(),
  |                          ------- any code following this expression is unreachable
7 |         replayed_ledger: todo!(),
  |                          ^^^^^^^ unreachable expression
  |
  = note: `#[warn(unreachable_code)]` (part of `#[warn(unused)]`) on by default
  = note: this warning originates in the macro `todo` (in Nightly builds, run with -Z macro-backtrace for more info)

error[E0451]: fields `replay_product`, `original_ledger`, `replayed_ledger`, `original_request`, `replayed_request`, `original_decision_log`, `replayed_decision_log`, `original_operational_truth`, `replayed_operational_truth`, `original_fragments`, `replayed_fragments`, `original_overlap_chains`, `replayed_overlap_chains`, `original_persistent_naming`, `replayed_persistent_naming` and `replay_receipts` of struct `PlanarBooleanEdgeSplitReplayParityInput` are private
  --> src/certification/public_facade_contracts/compile_fail/planar_boolean_edge_splitting/split_replay_parity_input_not_forgeable.rs:5:9
   |
 4 |     let _input = PlanarBooleanEdgeSplitReplayParityInput {
   |                  --------------------------------------- in this type
 5 |         replay_product: None,
   |         ^^^^^^^^^^^^^^ private field
 6 |         original_ledger: todo!(),
   |         ^^^^^^^^^^^^^^^ private field
 7 |         replayed_ledger: todo!(),
   |         ^^^^^^^^^^^^^^^ private field
 8 |         original_request: todo!(),
   |         ^^^^^^^^^^^^^^^^ private field
 9 |         replayed_request: todo!(),
   |         ^^^^^^^^^^^^^^^^ private field
10 |         original_decision_log: todo!(),
   |         ^^^^^^^^^^^^^^^^^^^^^ private field
11 |         replayed_decision_log: todo!(),
   |         ^^^^^^^^^^^^^^^^^^^^^ private field
12 |         original_operational_truth: todo!(),
   |         ^^^^^^^^^^^^^^^^^^^^^^^^^^ private field
13 |         replayed_operational_truth: todo!(),
   |         ^^^^^^^^^^^^^^^^^^^^^^^^^^ private field
14 |         original_fragments: todo!(),
   |         ^^^^^^^^^^^^^^^^^^ private field
15 |         replayed_fragments: todo!(),
   |         ^^^^^^^^^^^^^^^^^^ private field
16 |         original_overlap_chains: todo!(),
   |         ^^^^^^^^^^^^^^^^^^^^^^^ private field
17 |         replayed_overlap_chains: todo!(),
   |         ^^^^^^^^^^^^^^^^^^^^^^^ private field
18 |         original_persistent_naming: todo!(),
   |         ^^^^^^^^^^^^^^^^^^^^^^^^^^ private field
19 |         replayed_persistent_naming: todo!(),
   |         ^^^^^^^^^^^^^^^^^^^^^^^^^^ private field
20 |         replay_receipts: todo!(),
   |         ^^^^^^^^^^^^^^^ private field
