error[E0308]: mismatched types
  --> src/certification/public_facade_contracts/compile_fail/planar_boolean_edge_splitting/split_scope_admission_not_from_raw_events.rs:11:75
   |
11 |     let _ = PlanarBooleanEdgeSplitScopeAdmissionInput::from_split_request(&raw_point_events);
   |             ------------------------------------------------------------- ^^^^^^^^^^^^^^^^^ expected `&PlanarBooleanEdgeSplitRequest`, found `&Vec<PlanarBooleanPointEvent>`
   |             |
   |             arguments to this function are incorrect
   |
   = note: expected reference `&PlanarBooleanEdgeSplitRequest`
              found reference `&Vec<PlanarBooleanPointEvent>`
note: associated function defined here
  --> src/workload_platform/planar_boolean_edge_splitting/split_scope_admission/input.rs
   |
   |     pub fn from_split_request(split_request: &'a PlanarBooleanEdgeSplitRequest) -> Self {
   |            ^^^^^^^^^^^^^^^^^^

error[E0308]: mismatched types
  --> src/certification/public_facade_contracts/compile_fail/planar_boolean_edge_splitting/split_scope_admission_not_from_raw_events.rs:12:75
   |
12 |     let _ = PlanarBooleanEdgeSplitScopeAdmissionInput::from_split_request(&raw_interval_events);
   |             ------------------------------------------------------------- ^^^^^^^^^^^^^^^^^^^^ expected `&PlanarBooleanEdgeSplitRequest`, found `&Vec<PlanarBooleanIntervalEvent>`
   |             |
   |             arguments to this function are incorrect
   |
   = note: expected reference `&PlanarBooleanEdgeSplitRequest`
              found reference `&Vec<PlanarBooleanIntervalEvent>`
note: associated function defined here
  --> src/workload_platform/planar_boolean_edge_splitting/split_scope_admission/input.rs
   |
   |     pub fn from_split_request(split_request: &'a PlanarBooleanEdgeSplitRequest) -> Self {
   |            ^^^^^^^^^^^^^^^^^^

error[E0308]: mismatched types
  --> src/certification/public_facade_contracts/compile_fail/planar_boolean_edge_splitting/split_scope_admission_not_from_raw_events.rs:13:75
   |
13 |     let _ = PlanarBooleanEdgeSplitScopeAdmissionInput::from_split_request(&raw_segment_carriers);
   |             ------------------------------------------------------------- ^^^^^^^^^^^^^^^^^^^^^ expected `&PlanarBooleanEdgeSplitRequest`, found `&Vec<PlanarBooleanSegmentCarrier>`
   |             |
   |             arguments to this function are incorrect
   |
   = note: expected reference `&PlanarBooleanEdgeSplitRequest`
              found reference `&Vec<PlanarBooleanSegmentCarrier>`
note: associated function defined here
  --> src/workload_platform/planar_boolean_edge_splitting/split_scope_admission/input.rs
   |
   |     pub fn from_split_request(split_request: &'a PlanarBooleanEdgeSplitRequest) -> Self {
   |            ^^^^^^^^^^^^^^^^^^
