error: cannot construct `PlanarBooleanSplitEdgeChainLedger` with struct literal syntax due to private fields
  --> src/certification/public_facade_contracts/compile_fail/planar_boolean_edge_splitting/split_edge_chain_ledger_not_forgeable.rs:4:19
   |
 4 |     let _ledger = PlanarBooleanSplitEdgeChainLedger {
   |                   ^^^^^^^^^^^^^^^^^^^^^^^^^^^^^^^^^
 5 |         ledger_identity: "ledger".to_string(),
   |         ------------------------------------- private field
 6 |         declaration_identity: "declaration".to_string(),
   |         ----------------------------------------------- private field
 7 |         split_request_identity: "request".to_string(),
   |         --------------------------------------------- private field
 8 |         split_chain_validation_receipt_identity: "validation".to_string(),
   |         ----------------------------------------------------------------- private field
 9 |         split_persistent_naming_receipt_identity: "naming".to_string(),
   |         -------------------------------------------------------------- private field
10 |         split_decision_log_receipt_identity: "decisions".to_string(),
   |         ------------------------------------------------------------ private field
11 |         chains: Vec::new(),
   |         ------------------ private field
12 |         counters: Default::default(),
   |         ---------------------------- private field
   |
   = note: ...and other private fields `event_ledger_lookup_selected_plan_digest`, `event_ledger_lookup_execution_receipt_digest` and `event_ledger_lookup_product_output_digest` that were not provided
