error[E0277]: the trait bound `PlanarBooleanEdgeSplitScopeAdmission: BooleanEvidenceReceipt` is not satisfied
 --> src/certification/public_facade_contracts/compile_fail/planar_boolean_edge_splitting/split_scope_admission_not_boolean_evidence_receipt.rs:6:38
  |
6 |     require_boolean_evidence_receipt(&admission);
  |     -------------------------------- ^^^^^^^^^^ the trait `BooleanEvidenceReceipt` is not implemented for `PlanarBooleanEdgeSplitScopeAdmission`
  |     |
  |     required by a bound introduced by this call
  |
  = help: the following other types implement trait `BooleanEvidenceReceipt`:
            PlanarBooleanCommonPlaneLocalFrameSelectionReceipt
            PlanarBooleanCommonPlaneSharedPlaneIdentityReceipt
            PlanarBooleanEventLedgerReceipt
            PlanarBooleanLoopReconstructionLedgerReceipt
            PlanarBooleanSegmentPairEnumerationReceipt
            PlanarBooleanSplitEdgeChainLedgerReceipt
note: required by a bound in `require_boolean_evidence_receipt`
 --> src/certification/public_facade_contracts/compile_fail/planar_boolean_edge_splitting/split_scope_admission_not_boolean_evidence_receipt.rs:9:46
  |
9 | fn require_boolean_evidence_receipt(_: &impl BooleanEvidenceReceipt) {}
  |                                              ^^^^^^^^^^^^^^^^^^^^^^ required by this bound in `require_boolean_evidence_receipt`
