error[E0451]: fields `scope_admission_identity`, `split_request_identity`, `event_ledger_identity`, `downstream_consumption_identity`, `reduced_pair_identity`, `segment_carrier_set_identity`, `candidate_index_product_identity`, `query_index_plan_digest`, `scope_class`, `degeneracy_policy`, `determinism_policy`, `overlap_policy`, `policy_outcome` and `counters` of struct `PlanarBooleanEdgeSplitScopeAdmission` are private
  --> src/certification/public_facade_contracts/compile_fail/planar_boolean_edge_splitting/split_scope_admission_not_forgeable.rs:10:9
   |
 9 |     let _ = PlanarBooleanEdgeSplitScopeAdmission {
   |             ------------------------------------ in this type
10 |         scope_admission_identity: String::new(),
   |         ^^^^^^^^^^^^^^^^^^^^^^^^ private field
11 |         split_request_identity: String::new(),
   |         ^^^^^^^^^^^^^^^^^^^^^^ private field
12 |         event_ledger_identity: String::new(),
   |         ^^^^^^^^^^^^^^^^^^^^^ private field
13 |         downstream_consumption_identity: String::new(),
   |         ^^^^^^^^^^^^^^^^^^^^^^^^^^^^^^^ private field
14 |         reduced_pair_identity: String::new(),
   |         ^^^^^^^^^^^^^^^^^^^^^ private field
15 |         segment_carrier_set_identity: String::new(),
   |         ^^^^^^^^^^^^^^^^^^^^^^^^^^^^ private field
16 |         candidate_index_product_identity: String::new(),
   |         ^^^^^^^^^^^^^^^^^^^^^^^^^^^^^^^^ private field
17 |         query_index_plan_digest: String::new(),
   |         ^^^^^^^^^^^^^^^^^^^^^^^ private field
18 |         scope_class: PlanarBooleanEdgeSplitScopeClass::PlanarBRepLineSegmentEdgeSurgery,
   |         ^^^^^^^^^^^ private field
19 |         degeneracy_policy: PlanarBooleanEdgeSplitDegeneracyPolicy::fail_closed(),
   |         ^^^^^^^^^^^^^^^^^ private field
20 |         determinism_policy: PlanarBooleanEdgeSplitDeterminismPolicy::canonical_replay(),
   |         ^^^^^^^^^^^^^^^^^^ private field
21 |         overlap_policy: PlanarBooleanEdgeSplitOverlapPolicy::preserve_interval_posture(),
   |         ^^^^^^^^^^^^^^ private field
22 |         policy_outcome: policy_outcome(),
   |         ^^^^^^^^^^^^^^ private field
23 |         counters: PlanarBooleanEdgeSplitScopeAdmissionCounters::default(),
   |         ^^^^^^^^ private field
