error[E0061]: this function takes 8 arguments but 7 arguments were supplied
  --> src/certification/public_facade_contracts/compile_fail/planar_boolean_edge_splitting/split_decision_log_input_requires_split_request.rs:18:13
   |
18 |     let _ = PlanarBooleanSplitDecisionLogInput::from_certified_products(
   |             ^^^^^^^^^^^^^^^^^^^^^^^^^^^^^^^^^^^^^^^^^^^^^^^^^^^^^^^^^^^
19 |         declaration,
20 |         endpoint_boundary,
   |         ----------------- argument #2 of type `&PlanarBooleanEdgeSplitRequest` is missing
   |
note: associated function defined here
  --> src/workload_platform/planar_boolean_edge_splitting/split_decision_log/query_proof/input.rs
   |
   |     pub fn from_certified_products(
   |            ^^^^^^^^^^^^^^^^^^^^^^^
help: provide the argument
   |
18 |     let _ = PlanarBooleanSplitDecisionLogInput::from_certified_products(
19 |         declaration,
20 ~         /* &PlanarBooleanEdgeSplitRequest */,
21 ~         endpoint_boundary,
   |
