error: cannot construct `PlanarBooleanEdgeSplitReplayParityReceipt` with struct literal syntax due to private fields
  --> src/certification/public_facade_contracts/compile_fail/planar_boolean_edge_splitting/split_replay_parity_receipt_not_forgeable.rs:4:20
   |
 4 |     let _receipt = PlanarBooleanEdgeSplitReplayParityReceipt {
   |                    ^^^^^^^^^^^^^^^^^^^^^^^^^^^^^^^^^^^^^^^^^
 5 |         receipt_identity: String::new(),
   |         ------------------------------- private field
 6 |         retained_replay_stage_identity: String::new(),
   |         --------------------------------------------- private field
 7 |         replay_checkpoint_identity: String::new(),
   |         ----------------------------------------- private field
 8 |         replay_evidence_identity: String::new(),
   |         --------------------------------------- private field
 9 |         original_split_ledger_receipt_identity: String::new(),
   |         ----------------------------------------------------- private field
10 |         replayed_split_ledger_receipt_identity: String::new(),
   |         ----------------------------------------------------- private field
11 |         original_downstream_consumption_identity: String::new(),
   |         ------------------------------------------------------- private field
12 |         replayed_downstream_consumption_identity: String::new(),
   |         ------------------------------------------------------- private field
13 |         parity_rows: Vec::new(),
   |         ----------------------- private field
14 |         counters: Default::default(),
   |         ---------------------------- private field
   |
   = note: ...and other private fields `replay_product_identity`, `replay_closure_manifest_identity`, `original_split_request_identity` and `replayed_split_request_identity` that were not provided
help: you might have meant to use the `new` associated function
   |
 4 -     let _receipt = PlanarBooleanEdgeSplitReplayParityReceipt {
 5 -         receipt_identity: String::new(),
 6 -         retained_replay_stage_identity: String::new(),
 7 -         replay_checkpoint_identity: String::new(),
 8 -         replay_evidence_identity: String::new(),
 9 -         original_split_ledger_receipt_identity: String::new(),
10 -         replayed_split_ledger_receipt_identity: String::new(),
11 -         original_downstream_consumption_identity: String::new(),
12 -         replayed_downstream_consumption_identity: String::new(),
13 -         parity_rows: Vec::new(),
14 -         counters: Default::default(),
15 -     };
 4 +     let _receipt = PlanarBooleanEdgeSplitReplayParityReceipt::new(_, _, _, _, _, _, _, _, _, _, _, _, _);
   |
